row1col1 East
row1col2 South
row1col3 East
row1col4 West
row1col5 South
row1col7 North
row1col8 East
row1col9 North
row1col10 North
row1col11 South
row1col13 West
row1col14 West
row1col15 West
row1col16 South
row1col18 East
row1col19 South
row1col20 North
row1col21 East
row1col22 East
row2col1 North
row2col2 North
row2col3 West
row2col4 West
row2col5 East
row2col7 East
row2col8 North
row2col9 East
row2col10 North
row2col11 North
row2col13 South
row2col14 West
row2col15 West
row2col16 West
row2col17 East
row2col18 East
row2col19 South
row2col20 North
row2col21 South
row2col22 East
row3col1 North
row3col2 South
row3col3 East
row3col4 East
row3col5 North
row3col7 East
row3col8 South
row3col9 South
row3col10 West
row3col11 East
row3col13 South
row3col14 East
row3col15 East
row3col16 South
row3col18 West
row3col19 West
row3col20 West
row3col21 North
row3col22 North
row4col5 West
row4col9 West
row4col13 South
row5col1 West
row5col2 North
row5col3 West
row5col5 West
row5col6 South
row5col7 West
row5col8 North
row5col9 East
row5col10 South
row5col11 South
row5col12 North
row5col13 West
row5col14 North
row5col15 South
row5col16 North
row5col17 North
row5col18 North
row5col20 South
row5col21 East
row5col22 South
row6col1 South
row6col2 South
row6col3 East
row6col5 North
row6col6 South
row6col7 West
row6col8 North
row6col9 West
row6col10 South
row6col11 West
row6col12 East
row6col13 West
row6col14 East
row6col15 South
row6col16 West
row6col17 South
row6col18 South
row6col19 South
row6col20 East
row6col21 North
row6col22 North
row7col1 East
row7col2 North
row7col3 West
row7col5 South
row7col6 North
row7col10 West
row7col17 South
row7col18 East
row7col20 West
row7col21 South
row7col22 East
row8col1 North
row8col2 East
row8col3 South
row8col4 West
row8col5 South
row8col6 South
row8col8 North
row8col9 West
row8col10 South
row8col11 West
row8col12 East
row8col13 East
row8col14 West
row8col15 North
row8col17 South
row8col18 South
row9col5 East
row9col6 East
row9col8 West
row9col9 West
row9col10 North
row9col11 West
row9col12 North
row9col13 North
row9col14 South
row9col15 North
row9col17 North
row9col18 North
row9col20 West
row9col21 South
row9col22 West
row10col1 West
row10col2 West
row10col3 North
row10col5 West
row10col6 North
row10col17 West
row10col18 North
row10col20 South
row10col21 South
row10col22 East
row11col1 East
row11col2 West
row11col3 North
row11col4 East
row11col5 North
row11col6 West
row11col8 East
row11col9 South
row11col10 South
row11col12 East
row11col13 South
row11col14 West
row11col15 West
row11col17 South
row11col18 West
row11col20 East
row11col21 East
row11col22 East
row12col1 South
row12col2 South
row12col3 West
row12col5 West
row12col6 North
row12col8 East
row12col9 North
row12col10 West
row12col12 North
row12col13 East
row12col14 South
row12col15 North
row12col16 North
row12col17 East
row12col18 West
row12col20 East
row12col21 South
row12col22 North
row13col5 South
row13col6 West
row13col9 South
row13col17 West
row13col18 West
row13col21 North
row14col1 West
row14col2 East
row14col3 West
row14col4 North
row14col5 West
row14col6 East
row14col7 South
row14col8 South
row14col9 South
row14col10 East
row14col11 West
row14col12 West
row14col13 West
row14col14 North
row14col15 East
row14col16 South
row14col17 South
row14col18 North
row14col19 South
row14col20 North
row14col21 South
row14col22 South
row15col1 West
row15col2 South
row15col3 South
row15col4 South
row15col5 East
row15col6 East
row15col7 South
row15col8 South
row15col9 East
row15col10 West
row15col11 North
row15col12 West
row15col13 West
row15col14 East
row15col15 West
row15col16 South
row15col17 West
row15col18 South
row15col19 East
row15col20 South
row15col21 South
row15col22 South
row16col2 West
row16col7 West
row16col15 East
row17col1 West
row17col2 West
row17col3 South
row17col4 East
row17col6 West
row17col7 East
row17col8 South
row17col9 South
row17col10 East
row17col11 North
row17col13 South
row17col14 South
row17col15 South
row17col16 West
row17col18 North
row17col19 West
row17col20 North
row17col21 South
row17col22 North
row18col1 East
row18col2 South
row18col3 North
row18col4 North
row18col6 West
row18col7 East
row18col8 East
row18col9 East
row18col10 North
row18col11 South
row18col13 East
row18col14 South
row18col15 West
row18col16 South
row18col17 East
row18col18 West
row18col19 South
row18col20 West
row18col21 North
row18col22 South
row19col1 East
row19col2 West
row19col3 North
row19col4 East
row19col6 East
row19col7 North
row19col8 North
row19col9 East
row19col10 East
row19col11 North
row19col13 South
row19col14 East
row19col15 North
row19col16 North
row19col18 South
row19col19 North
row19col20 North
row19col21 North
row19col22 East
