row1col1 East
row1col2 East
row1col3 East
row1col4 East
row1col5 East
row1col6 South
row2col6 South
row3col1 East
row3col2 East
row3col3 East
row3col4 South
row3col6 South
row4col1 North
row4col4 North
row4col6 South
row5col1 North
row5col6 South
row6col1 North
row6col2 West
row6col3 West
row6col4 West
row6col5 West
row6col6 West
