
row1col1
West 1.46101614854e-05
East 1.46402955372e-05
North 1.46589520034e-05
South 1.4643131667e-05

row1col2
West 1.46814334573e-05
East 1.48225415574e-05
North 1.47831075161e-05
South 8.31021342269e-05

row1col3
West 1.49193430535e-05
East 0.000232872816562
North 1.61408816817e-05
South 1.50268341258e-05

row1col4
West 1.61747863798e-05
East 1.72172656355e-05
North 1.50474465103e-05
South 0.00674293852242

row1col5
West 1.51021611041e-05
East 1.51170454442e-05
North 3.36321336564e-05
South 0.00114363963542

row1col7
West 1.58231672035e-05
East 1.93701794842e-05
North 1.62628661135e-05
South 3.71141110263e-05

row1col8
West 1.61278123096e-05
East 2.05723861621e-05
North 1.62205944379e-05
South 0.00128959500268

row1col9
West 1.74350662572e-05
East 1.69056806923e-05
North 0.000524147852136
South 0.0205299581855

row1col10
West 6.48170395214e-05
East 1.56647943083e-05
North 1.58955786092e-05
South 0.00201354545588

row1col11
West 6.58205063157e-05
East 1.56641597291e-05
North 1.56936757637e-05
South 1.56532441123e-05

row1col13
West 0.344503525358
East 0.356539836122
North 0.535582961505
South 0.900621464035

row1col14
West 0.325638836423
East 0.288012888548
North 0.307296990722
South 0.935639187495

row1col15
West 0.0583240353467
East 0.149470333149
North 0.0825630058359
South 0.67648304428

row1col16
West 0.0847588329733
East 0.23124814898
North 0.232755287954
South 0.716572724123

row1col18
West 0.0283980877722
East 0.00531931663949
North 0.027583223831
South 0.380550136852

row1col19
West 0.0214057559051
East 0.0108211077998
North 0.00567260149241
South 0.191409411483

row1col20
West 0.0117595136257
East 0.00215011262111
North 0.0214787763404
South 0.124519864402

row1col21
West 0.0277278971909
East 2.55109314783e-05
North 0.00184837226425
South 0.00541445903652

row1col22
West 0.00285033622055
East 4.31052425666e-05
North 2.04545256624e-05
South 7.49559895714e-05

row2col1
West 1.47294504858e-05
East 1.58699264207e-05
North 1.47316073365e-05
South 1.47509389444e-05

row2col2
West 1.48671442855e-05
East 0.00120886826702
North 1.48311597473e-05
South 1.48765027928e-05

row2col3
West 1.49936057481e-05
East 0.00987435952921
North 1.48860527345e-05
South 1.50830738915e-05

row2col4
West 0.00021168285815
East 0.000163202554983
North 0.000146759673139
South 0.0557420596229

row2col5
West 2.91490156439e-05
East 0.000555820288994
North 1.58755820578e-05
South 0.0322540790982

row2col7
West 1.59936616116e-05
East 0.00872333171917
North 1.65135849042e-05
South 6.85571182442e-05

row2col8
West 2.24642059022e-05
East 0.0975417329739
North 1.9424414194e-05
South 0.000185034860757

row2col9
West 0.000147390543854
East 0.000378020385608
North 0.000125457704983
South 0.320212716096

row2col10
West 0.0398589065088
East 6.28873568901e-05
North 2.06768108008e-05
South 0.00751991849738

row2col11
West 1.584674098e-05
East 2.50890432634e-05
North 1.57487039535e-05
South 0.00526862140716

row2col13
West 0.899152412762
East 0.950015495925
North 0.844942172028
South 0.851870719952

row2col14
West 0.897763700392
East 1.0000163115
North 0.848981819734
South 0.885107584067

row2col15
West 1.717e-05
East 1.717e-05
North 1.717e-05
South 1.717e-05

row2col16
West 0.99766459454
East 0.385828723077
North 0.317742365232
South 0.222516488207

row2col17
West 0.927930734583
East 0.298713578883
North 0.397002241649
South 0.428046704382

row2col18
West 0.822161689474
East 0.193323609929
North 0.103139957628
South 0.0995945061815

row2col19
West 0.644753644398
East 0.113256650763
North 0.0283075649157
South 0.0472494674871

row2col20
West 0.423447811402
East 0.0124478974214
North 0.0144276606757
South 0.0237653196808

row2col21
West 0.128789862637
East 0.000143228384874
North 0.000737081188625
South 0.00214315938554

row2col22
West 0.00827089145924
East 2.87332681323e-05
North 3.21401263573e-05
South 1.71509626488e-05

row3col1
West 1.48742049524e-05
East 4.02324217292e-05
North 1.47844616206e-05
South 1.4854948774e-05

row3col2
West 1.48764182635e-05
East 0.00103751368614
North 1.48214285177e-05
South 1.52280177302e-05

row3col3
West 1.50320351682e-05
East 0.0166577094095
North 1.49981153308e-05
South 1.50826778899e-05

row3col4
West 3.41310847588e-05
East 0.156070410607
North 0.00340260118531
South 0.004489389309

row3col5
West 0.0107427994157
East 0.0149680874936
North 0.000382753777474
South 0.291474373521

row3col7
West 0.00016566036272
East 0.0098008992884
North 1.98075730253e-05
South 6.08172392318e-05

row3col8
West 0.000109432302502
East 0.120164719205
North 2.14092903827e-05
South 0.000684933377087

row3col9
West 0.00454815184073
East 0.00946933535177
North 0.015921970538
South 0.544405000077

row3col10
West 0.229544730979
East 0.000315883105699
North 0.000188149946758
South 0.00483083874782

row3col11
West 0.0526577220214
East 1.59582564167e-05
North 1.57462214414e-05
South 0.00049156460624

row3col13
West 0.85467229217
East 0.896250261802
North 0.902514721129
South 0.811754453476

row3col14
West 0.687522951808
East 0.634158830029
North 0.949755799655
South 0.743494968055

row3col15
West 0.271630239226
East 0.186164803886
North 0.884034189771
South 0.292555963169

row3col16
West 0.197436171067
East 0.0793004288975
North 0.671097565555
South 0.0992986769981

row3col18
West 0.0283729816465
East 0.0187765601254
North 0.345233731046
South 0.0592181674215

row3col19
West 0.0165729586101
East 0.00964506655239
North 0.229884530234
South 0.0118994411217

row3col20
West 0.020972642101
East 0.00189247820879
North 0.164754758731
South 0.00477393536627

row3col21
West 0.0309795586243
East 2.49909935408e-05
North 0.00318392832328
South 0.00114575734514

row3col22
West 0.000257754115424
East 1.8253973208e-05
North 2.08816423966e-05
South 1.79033667895e-05

row4col5
West 0.0287143691745
East 0.0755137709163
North 0.0104337834874
South 0.431194938824

row4col9
West 0.170735567886
East 0.163668255124
North 0.110941437498
South 0.625050261887

row4col13
West 0.812497276876
East 0.812405695696
North 0.857388985072
South 0.771049888815

row5col1
West 1.45411155013e-05
East 1.46188007174e-05
North 1.45997198401e-05
South 1.46023176737e-05

row5col2
West 1.46621288493e-05
East 1.46922519716e-05
North 1.47096955223e-05
South 1.53730059734e-05

row5col3
West 1.4739818897e-05
East 1.47553601385e-05
North 1.47170995204e-05
South 7.25525830218e-05

row5col5
West 0.0830389725747
East 0.525847150668
North 0.05160553733
South 0.0366414766352

row5col6
West 0.254886072562
East 0.568807806446
North 0.341406740563
South 0.258577668867

row5col7
West 0.406740561329
East 0.598746453811
North 0.38230263251
South 0.339600671401

row5col8
West 0.446824465371
East 0.63025965752
North 0.492706930662
South 0.249403584778

row5col9
West 0.497596604258
East 0.663431249456
North 0.467236136351
South 0.384173938947

row5col10
West 0.534087269093
East 0.698348686624
North 0.605756313551
South 0.427168947929

row5col11
West 0.605930787513
East 0.73510388105
North 0.661461140734
South 0.576665499323

row5col12
West 0.675905341322
East 0.773793559028
North 0.725640106612
South 0.687330152764

row5col13
West 0.73107384513
East 0.729163358707
North 0.814519535819
South 0.724697692644

row5col14
West 0.77372259867
East 0.483224988036
North 0.502275606965
South 0.43118499894

row5col15
West 0.728701437418
East 0.12459667537
North 0.319499031714
South 0.184046107041

row5col16
West 0.611917329768
East 0.0496285846915
North 0.113228528237
South 0.151716175776

row5col17
West 0.372940124927
East 0.0124681064687
North 0.0109338149298
South 0.0941975744847

row5col18
West 0.101586549516
East 0.0111507733968
North 0.000330714782538
South 0.0201204859536

row5col20
West 1.56851501816e-05
East 1.55280047625e-05
North 1.55107015742e-05
South 0.00874798541083

row5col21
West 1.55091199589e-05
East 1.55234755305e-05
North 1.55337553712e-05
South 0.0012481711553

row5col22
West 1.55536953735e-05
East 1.55282572701e-05
North 1.55487551106e-05
South 4.67391007956e-05

row6col1
West 1.46873496693e-05
East 1.4898711342e-05
North 1.46637785663e-05
South 1.46875730045e-05

row6col2
West 1.47179504796e-05
East 0.000129335277866
North 1.47120062166e-05
South 1.4796376592e-05

row6col3
West 1.48861785366e-05
East 1.99584628244e-05
North 1.49067225974e-05
South 0.00249867095506

row6col5
West 0.0129229109395
East 0.254111639443
North 0.0504958309948
South 0.0203887744335

row6col6
West 0.0815019341665
East 0.255821980848
North 0.540355218601
South 0.173455295768

row6col7
West 0.0350698049088
East 0.0725674351465
North 0.526855084887
South 0.0517536149955

row6col8
West 0.0367680702096
East 0.0971675622032
North 0.488456475965
South 0.0251745487996

row6col9
West 0.0371517958023
East 0.56268778971
North 0.18340460694
South 0.120067483095

row6col10
West 0.20383768601
East 0.66106262826
North 0.408448111383
South 0.178115796932

row6col11
West 0.393945676671
East 0.698157309538
North 0.549577435746
South 0.420915642668

row6col12
West 0.50228236092
East 0.636745656758
North 0.735099335791
South 0.567179945008

row6col13
West 0.588364144718
East 0.560511113383
North 0.773793554423
South 0.601273452176

row6col14
West 0.735103643683
East 0.355611402581
North 0.527106251772
South 0.447987214477

row6col15
West 0.698345443308
East 0.301443755009
North 0.490723363523
South 0.365096788099

row6col16
West 0.663408001492
East 0.206865068273
North 0.295804617419
South 0.387034551597

row6col17
West 0.630154426075
East 0.146786484104
North 0.138391219177
South 0.228287934383

row6col18
West 0.496886419347
East 0.0197581781546
North 0.0161069362326
South 0.00222916496007

row6col19
West 0.283398301254
East 0.0035180826007
North 0.0226859045093
South 0.0179265067284

row6col20
West 0.119414236474
East 0.000278209426507
North 1.57048287096e-05
South 0.00196959288901

row6col21
West 0.0193962063018
East 2.74264753092e-05
North 1.55556068892e-05
South 1.58363034194e-05

row6col22
West 0.000907609374169
East 1.55181813509e-05
North 1.55483212328e-05
South 1.54161743524e-05

row7col1
West 1.47277963103e-05
East 4.66835163148e-05
North 1.4790523479e-05
South 1.47363597861e-05

row7col2
West 1.47984428286e-05
East 0.00145888089774
North 1.47903908384e-05
South 1.48871376967e-05

row7col3
West 1.63272069059e-05
East 1.56956970755e-05
North 1.75020876455e-05
South 0.0237517949092

row7col5
West 0.00419129017232
East 0.285807106668
North 0.00239790123937
South 0.0272522304196

row7col6
West 0.0786712203953
East 0.30733123967
North 0.513274818091
South 0.20490967107

row7col10
West 0.127841789141
East 0.120270316858
North 0.592656045439
South 0.0408033987432

row7col17
West 0.274569224401
East 0.103503266314
North 0.598336769118
South 0.115682824952

row7col18
West 0.325485533023
East 0.0198036987132
North 0.0089243888167
South 0.00036823994518

row7col20
West 1.89569143711e-05
East 2.13820766016e-05
North 0.0255964345305
South 1.812135899e-05

row7col21
West 0.00150797561457
East 1.54957236422e-05
North 2.56323901446e-05
South 1.69175023771e-05

row7col22
West 8.33983397265e-05
East 1.54305380217e-05
North 1.54511082399e-05
South 1.54482434777e-05

row8col1
West 1.48311049787e-05
East 0.000266569422762
North 1.48274196889e-05
South 1.48518550789e-05

row8col2
West 1.49780586396e-05
East 0.0117835231227
North 1.53991621034e-05
South 1.49719675059e-05

row8col3
West 1.51301882569e-05
East 0.104019822523
North 1.57442879335e-05
South 0.00135336416549

row8col4
West 0.00336793238032
East 0.260637744031
North 0.00538695466442
South 0.000525220399714

row8col5
West 0.0168181037513
East 0.417915293466
North 0.0508070300191
South 0.00488386584797

row8col6
West 0.141785964631
East 0.21243886724
North 0.487397481523
South 0.191847555948

row8col8
West 1.59105259676e-05
East 0.0390405676942
North 0.000980356741028
South 2.46823492498e-05

row8col9
West 2.07346243613e-05
East 0.207118407259
North 0.000796957078352
South 1.74903026803e-05

row8col10
West 0.0132459257746
East 0.0110150235956
North 0.474483235553
South 0.00336333805665

row8col11
West 0.22952903674
East 0.00536463420156
North 0.0206552827744
South 6.46513077912e-05

row8col12
West 0.0874919130692
East 2.37750891617e-05
North 0.000253737819969
South 5.84144425971e-05

row8col13
West 0.0249683109603
East 8.74846625679e-05
North 0.000244604090477
South 1.6242081848e-05

row8col14
West 0.00261631289376
East 1.53509296862e-05
North 4.08530190091e-05
South 1.53195352148e-05

row8col15
West 9.69520881106e-05
East 1.52778369613e-05
North 1.53179687506e-05
South 1.52922271025e-05

row8col17
West 0.214828651409
East 0.0317602693052
North 0.567503493351
South 0.150375973002

row8col18
West 0.216779591386
East 1.61496399831e-05
North 0.00133795454682
South 0.000159249395593

row9col5
West 0.00367960960815
East 0.00633845972219
North 0.130785394223
South 4.3944903099e-05

row9col6
West 0.0225627414356
East 0.111656270194
North 0.462129393001
South 0.100667327132

row9col8
West 1.64215285023e-05
East 6.82739800241e-05
North 0.00475436889103
South 1.57699984359e-05

row9col9
West 1.59774769931e-05
East 0.00308416289196
North 0.0137200695229
South 1.77932230607e-05

row9col10
West 2.05121747959e-05
East 8.26348101069e-05
North 0.0973977478618
South 0.000352207180335

row9col11
West 0.00728566841453
East 1.59326167124e-05
North 0.000134547045542
South 8.74024464724e-05

row9col12
West 0.000132591198048
East 1.58381692072e-05
North 0.00246791489958
South 1.56552891121e-05

row9col13
West 1.62070203167e-05
East 1.69381247479e-05
North 0.00330270732821
South 1.60227263907e-05

row9col14
West 9.57353116174e-05
East 1.53222321394e-05
North 1.61118892331e-05
South 1.52478445304e-05

row9col15
West 1.52967624894e-05
East 1.52571999967e-05
North 1.52971537944e-05
South 1.52876325022e-05

row9col17
West 0.116557287476
East 0.0234514785449
North 0.536695512872
South 0.128478540678

row9col18
West 0.134959089412
East 4.21916349475e-05
North 0.00613512580464
South 1.76143393958e-05

row9col20
West 1.27987823005e-05
East 1.27981613361e-05
North 1.28063332325e-05
South 1.28206919794e-05

row9col21
West 1.28194443651e-05
East 1.28161693141e-05
North 1.28249908736e-05
South 1.28013810728e-05

row9col22
West 1.28146373056e-05
East 1.28262521016e-05
North 1.28254254793e-05
South 1.27977043385e-05

row10col1
West 1.36637845958e-05
East 1.37496055413e-05
North 1.36657825243e-05
South 1.36830099727e-05

row10col2
West 1.3778315017e-05
East 3.38338787787e-05
North 1.37151434745e-05
South 1.37690070107e-05

row10col3
West 1.39174010454e-05
East 1.385242274e-05
North 1.39418465825e-05
South 0.00101396133424

row10col5
West 0.0138107201304
East 0.321274029853
North 0.0042492946509
South 0.00457436399124

row10col6
West 0.0347253494869
East 0.110611395051
North 0.43659220755
South 0.0808625051483

row10col17
West 0.115450698376
East 0.0385161548047
North 0.504776211074
South 0.0519619534832

row10col18
West 0.205024895759
East 0.00382022762144
North 4.41587514846e-05
South 0.000918272003457

row10col20
West 1.28166415927e-05
East 1.28205288662e-05
North 1.28453546318e-05
South 1.28209530381e-05

row10col21
West 1.28443223127e-05
East 1.28645503325e-05
North 1.28607565209e-05
South 1.29934296369e-05

row10col22
West 1.2852498536e-05
East 1.28483266256e-05
North 1.28646639471e-05
South 1.28411743032e-05

row11col1
West 1.37215745869e-05
East 3.28991007087e-05
North 1.37205497946e-05
South 1.36853067995e-05

row11col2
West 1.3809616368e-05
East 0.00104109749582
North 1.3801189196e-05
South 1.38002839145e-05

row11col3
West 1.40812776626e-05
East 0.0174774979824
North 1.40188793109e-05
South 1.41959296375e-05

row11col4
West 1.52396751829e-05
East 0.0665561538767
North 1.43909418562e-05
South 7.14824895526e-05

row11col5
West 1.46665441025e-05
East 0.00576280700846
North 0.180956795978
South 0.0133352229587

row11col6
West 0.0179024398721
East 0.0389778467173
North 0.405751747858
South 0.0335053342419

row11col8
West 1.33166181288e-05
East 1.33127557436e-05
North 1.3338007983e-05
South 1.3324259077e-05

row11col9
West 1.33115936762e-05
East 1.33540986944e-05
North 1.33575525813e-05
South 1.34380804316e-05

row11col10
West 1.32890682064e-05
East 1.32891556899e-05
North 1.33158442627e-05
South 1.33061381385e-05

row11col12
West 1.39376297352e-05
East 1.39214007273e-05
North 1.39297753637e-05
South 1.3925558711e-05

row11col13
West 1.40083726124e-05
East 1.3996226069e-05
North 1.40143840218e-05
South 2.0989603701e-05

row11col14
West 1.40877321698e-05
East 0.000290715922153
North 1.40673958384e-05
South 1.39747255669e-05

row11col15
West 1.42050781985e-05
East 1.44120840228e-05
North 1.41598494931e-05
South 0.00475629802122

row11col17
West 0.061046198254
East 0.0130198397673
North 0.469123250963
South 0.045708891104

row11col18
West 0.114932577426
East 0.00392418614021
North 0.00155820601685
South 1.76117373179e-05

row11col20
West 1.29184783734e-05
East 1.33380909312e-05
North 1.29088655403e-05
South 1.29094658939e-05

row11col21
West 1.2991797063e-05
East 1.29822583591e-05
North 1.2993916673e-05
South 2.38434829709e-05

row11col22
West 1.31522814885e-05
East 1.29430069239e-05
North 1.29273952527e-05
South 1.29494932957e-05

row12col1
West 1.36452011966e-05
East 1.36429187613e-05
North 1.39983661113e-05
South 1.36590038181e-05

row12col2
West 1.37004288576e-05
East 0.000106457451962
North 1.70849319016e-05
South 1.37514831866e-05

row12col3
West 1.38885992702e-05
East 1.38296415338e-05
North 0.00184650819833
South 1.38766130901e-05

row12col5
West 0.00426551293047
East 0.153389174534
North 0.00333277660936
South 0.000406265106396

row12col6
West 0.0141641326925
East 0.0824261572471
North 0.368755416871
South 0.0174494414418

row12col8
West 1.33399489805e-05
East 1.36232120389e-05
North 1.33388931478e-05
South 1.33545475489e-05

row12col9
West 1.34576353732e-05
East 1.34695808381e-05
North 1.34507047503e-05
South 3.58635045543e-05

row12col10
West 1.33632851577e-05
East 1.3360920244e-05
North 1.33285434983e-05
South 1.33444970369e-05

row12col12
West 1.39546258055e-05
East 1.61252931009e-05
North 1.39584713945e-05
South 1.39421176761e-05

row12col13
West 1.40347082485e-05
East 0.00154392471093
North 1.40751690631e-05
South 1.40908221608e-05

row12col14
West 1.41663319305e-05
East 0.0160880383577
North 1.40235625254e-05
South 1.69761937352e-05

row12col15
West 1.41449846866e-05
East 0.0797577491699
North 1.42588212073e-05
South 1.9251266865e-05

row12col16
West 0.000470686563318
East 0.226878542877
North 0.00628403395002
South 0.000134905165773

row12col17
West 0.0148241409983
East 0.00613145506977
North 0.428332400535
South 0.0412701930841

row12col18
West 0.0550977856793
East 1.71551506241e-05
North 0.000156783430632
South 0.0003442870426

row12col20
West 1.30416691447e-05
East 1.33506399859e-05
North 1.302833031e-05
South 1.30519289321e-05

row12col21
West 1.31464618231e-05
East 1.30975896002e-05
North 1.31721206172e-05
South 0.000113565362033

row12col22
West 1.31589052733e-05
East 1.3009552855e-05
North 1.30092174435e-05
South 1.30211785265e-05

row13col5
West 0.000411967343324
East 2.24262931816e-05
North 0.0321695202777
South 0.000773965514635

row13col6
West 0.00307218433682
East 0.0178320143916
North 0.319588777685
South 0.0177795706203

row13col9
West 1.36915294143e-05
East 1.37102432043e-05
North 1.36629610146e-05
South 0.000351074941443

row13col17
West 0.0183171377739
East 0.00141760371226
North 0.373457237696
South 0.00162531830888

row13col18
West 0.0436434119339
East 0.000323549182695
North 0.000909569389078
South 1.78957031041e-05

row13col21
West 1.54018591717e-05
East 1.95921501181e-05
North 1.33531839681e-05
South 0.000764956347495

row14col1
West 1.36680156668e-05
East 0.000332608129165
North 1.36841003124e-05
South 1.36687361047e-05

row14col2
West 1.37289962818e-05
East 0.00410678015012
North 1.37770317769e-05
South 1.37593382747e-05

row14col3
West 2.27531770753e-05
East 0.0264432739687
North 1.60399377288e-05
South 3.01685341589e-05

row14col4
West 2.58661634418e-05
East 0.0746890964938
North 0.000459053573933
South 1.40723639463e-05

row14col5
West 0.00206309849074
East 0.152000047739
North 0.0021100208749
South 2.02104213908e-05

row14col6
West 0.00788480427021
East 0.00223788971942
North 0.259707652956
South 0.0115734191482

row14col7
West 0.0776549487994
East 0.000333245675284
North 0.00109306580444
South 5.56478462242e-05

row14col8
West 0.0191979616186
East 2.61139819356e-05
North 0.000215894068748
South 1.41980531799e-05

row14col9
West 0.00311795819342
East 1.5063491152e-05
North 1.38323255463e-05
South 1.39767344875e-05

row14col10
West 0.000142613383894
East 1.3892723829e-05
North 1.39138451015e-05
South 1.39126778196e-05

row14col11
West 1.64201772399e-05
East 1.38521605183e-05
North 1.38324852166e-05
South 1.38285032497e-05

row14col12
West 1.38801850925e-05
East 1.41225751673e-05
North 1.3858579271e-05
South 1.38687711597e-05

row14col13
West 1.39246279714e-05
East 0.000277217717292
North 1.41253969672e-05
South 1.39141867017e-05

row14col14
West 1.39613155453e-05
East 0.00487218437047
North 1.40669297981e-05
South 2.14803318058e-05

row14col15
West 4.28131410039e-05
East 0.121853283701
North 1.41316585206e-05
South 0.00023962211019

row14col16
West 0.0016065205979
East 0.207014100194
North 0.00122305138319
South 5.05220138954e-05

row14col17
West 0.00122881977403
East 0.00261915749061
North 0.308021253791
South 0.000504799081099

row14col18
West 0.159794665552
East 0.00224267847749
North 0.00032393881012
South 3.6526681477e-05

row14col19
West 0.0653869042765
East 0.000163663209047
North 0.000901061200034
South 3.29208367953e-05

row14col20
West 0.0209423484103
East 1.38677236706e-05
North 0.000475562341575
South 1.39201577021e-05

row14col21
West 0.00475524790932
East 1.35834074397e-05
North 2.1873887455e-05
South 1.36651847348e-05

row14col22
West 1.97695300709e-05
East 1.35587230457e-05
North 1.35670223902e-05
South 1.35591201025e-05

row15col1
West 1.35922574741e-05
East 1.36077686127e-05
North 1.35879463521e-05
South 1.3589574631e-05

row15col2
West 1.35640174569e-05
East 0.00054015299282
North 1.36551222343e-05
South 1.36252236159e-05

row15col3
West 1.41530746463e-05
East 0.000104851513162
North 0.00447645107534
South 1.73706275974e-05

row15col4
West 5.06457342172e-05
East 1.40980023221e-05
North 0.00167273987291
South 1.41391559344e-05

row15col5
West 1.42145307723e-05
East 1.41834352136e-05
North 0.0074365984316
South 1.4234396119e-05

row15col6
West 3.37361896714e-05
East 0.000160030340789
North 0.143948814528
South 0.00236930710611

row15col7
West 0.0596184303724
East 3.28676412047e-05
North 0.000112810052044
South 1.43161298019e-05

row15col8
West 0.00806233148788
East 1.39979633297e-05
North 1.40758194084e-05
South 1.40241351269e-05

row15col9
West 0.000581906941913
East 1.39612344219e-05
North 2.0753796947e-05
South 1.39639517112e-05

row15col10
West 1.78669628603e-05
East 1.38305813111e-05
North 1.38604703448e-05
South 1.38588033272e-05

row15col11
West 1.38035202835e-05
East 1.38209544801e-05
North 1.38061315368e-05
South 1.38067781036e-05

row15col12
West 1.38339819813e-05
East 1.38406981094e-05
North 1.38675754847e-05
South 1.38599691341e-05

row15col13
West 1.3883668111e-05
East 1.38890790068e-05
North 1.66524159686e-05
South 1.38741996282e-05

row15col14
West 1.39496936634e-05
East 0.00115588867208
North 1.39741133856e-05
South 1.40613904588e-05

row15col15
West 4.56371322915e-05
East 0.000122537002733
North 0.0621293910386
South 1.4093709479e-05

row15col16
West 1.51044376592e-05
East 6.58852174421e-05
North 0.00972382007178
South 1.4233092836e-05

row15col17
West 1.43200298607e-05
East 2.56774300331e-05
North 0.0297888567273
South 3.53851602934e-05

row15col18
West 0.00140529728348
East 1.42653607035e-05
North 1.83506208858e-05
South 1.46765230963e-05

row15col19
West 1.47150869113e-05
East 1.40512814164e-05
North 0.00193533670289
South 1.40633631739e-05

row15col20
West 1.38855937084e-05
East 1.3855207938e-05
North 0.000950287911563
South 1.38610563666e-05

row15col21
West 1.38350450376e-05
East 1.36917253116e-05
North 1.37175813505e-05
South 1.3702991433e-05

row15col22
West 1.35869938894e-05
East 1.36000807036e-05
North 1.35698034474e-05
South 1.35925563953e-05

row16col2
West 1.33642097702e-05
East 1.3320180657e-05
North 6.76913249916e-05
South 1.33754427909e-05

row16col7
West 1.436383174e-05
East 0.000361637760502
North 0.0142646819169
South 1.37768375359e-05

row16col15
West 0.000539238442725
East 0.000158504461227
North 0.0273538851216
South 0.000481883154357

row17col1
West 1.29725529241e-05
East 1.30591006404e-05
North 1.29711657233e-05
South 1.29861098447e-05

row17col2
West 1.3087701685e-05
East 1.30947464457e-05
North 1.789123793e-05
South 1.30911345238e-05

row17col3
West 1.29985589707e-05
East 1.28915642758e-05
North 1.29126117182e-05
South 1.29279731641e-05

row17col4
West 1.28052202587e-05
East 1.28282387564e-05
North 1.28160157533e-05
South 1.2825973768e-05

row17col6
West 1.33581970806e-05
East 1.35805145942e-05
North 1.33067518965e-05
South 1.3332763632e-05

row17col7
West 1.34884989609e-05
East 1.39559487396e-05
North 0.0028305389409
South 1.34553279469e-05

row17col8
West 0.000404154414707
East 1.32470972395e-05
North 1.33054269664e-05
South 1.32916232158e-05

row17col9
West 3.26151210835e-05
East 1.31160940556e-05
North 1.31402634731e-05
South 1.31137574902e-05

row17col10
West 1.31250630041e-05
East 1.29897635252e-05
North 1.30097173227e-05
South 1.30115635563e-05

row17col11
West 1.2941926823e-05
East 1.29356116749e-05
North 1.29345780206e-05
South 1.29096383058e-05

row17col13
West 1.32903446366e-05
East 3.7558143442e-05
North 1.32627319264e-05
South 1.32897170414e-05

row17col14
West 1.33247186252e-05
East 0.000757585290698
North 1.35746586674e-05
South 1.33594769284e-05

row17col15
West 1.9113574242e-05
East 1.60907626693e-05
North 0.0109073905465
South 1.61152049755e-05

row17col16
West 0.000893708082353
East 1.32994326476e-05
North 1.33022273488e-05
South 1.32830144549e-05

row17col18
West 1.23970179985e-05
East 1.23785254745e-05
North 1.23807572625e-05
South 1.25631309524e-05

row17col19
West 1.22967455228e-05
East 1.22927483428e-05
North 1.23059718583e-05
South 1.23024280759e-05

row17col20
West 1.22091202552e-05
East 1.221860533e-05
North 1.22115772625e-05
South 1.22200703977e-05

row17col21
West 1.2151159676e-05
East 1.21750947873e-05
North 1.21666773011e-05
South 1.21709986894e-05

row17col22
West 1.21284333827e-05
East 1.21351633903e-05
North 1.21267977309e-05
South 1.21296749421e-05

row18col1
West 1.29174658208e-05
East 1.29159936517e-05
North 1.28902977488e-05
South 1.28851688717e-05

row18col2
West 1.29224379893e-05
East 1.2922751434e-05
North 1.30654284879e-05
South 1.29139130602e-05

row18col3
West 1.28540375661e-05
East 1.28684012583e-05
North 1.28614118333e-05
South 1.2830798577e-05

row18col4
West 1.28189298419e-05
East 1.28140929835e-05
North 1.27890788179e-05
South 1.27979416484e-05

row18col6
West 1.32765848998e-05
East 1.32884601025e-05
North 1.32654863574e-05
South 1.3294758244e-05

row18col7
West 1.33077282753e-05
East 1.32932354539e-05
North 0.000127633781409
South 1.32906722732e-05

row18col8
West 1.32160594402e-05
East 1.31765694977e-05
North 3.59094951029e-05
South 1.32012546085e-05

row18col9
West 1.37862954804e-05
East 1.30844443995e-05
North 1.30850193482e-05
South 1.30736059113e-05

row18col10
West 1.29553263138e-05
East 1.29320205541e-05
North 1.29574917747e-05
South 1.29647822038e-05

row18col11
West 1.28934686757e-05
East 1.2879636352e-05
North 1.29019120765e-05
South 1.2875932899e-05

row18col13
West 1.32258921178e-05
East 1.32454752036e-05
North 1.3534418969e-05
South 1.3217394773e-05

row18col14
West 1.32772187024e-05
East 1.32818319002e-05
North 1.39045158859e-05
South 1.32753870599e-05

row18col15
West 1.32739607705e-05
East 1.34892612157e-05
North 0.00275254484804
South 1.32406887627e-05

row18col16
West 0.000514269693202
East 1.3091385636e-05
North 1.31569777233e-05
South 1.31305386102e-05

row18col17
West 8.53958867043e-05
East 1.28396350073e-05
North 1.28024236619e-05
South 1.28733280167e-05

row18col18
West 2.00289616041e-05
East 1.25022688436e-05
North 1.25187045723e-05
South 1.25381936085e-05

row18col19
West 1.27570722986e-05
East 1.23287389558e-05
North 1.23367070721e-05
South 1.23294932312e-05

row18col20
West 1.2231975884e-05
East 1.22109981577e-05
North 1.2220292778e-05
South 1.22273216672e-05

row18col21
West 1.21739780908e-05
East 1.21494057234e-05
North 1.21535995594e-05
South 1.21738884029e-05

row18col22
West 1.21276326325e-05
East 1.21133970714e-05
North 1.2109482583e-05
South 1.2114845362e-05

row19col1
West 1.2814857296e-05
East 1.27910893219e-05
North 1.28150358168e-05
South 1.28040312456e-05

row19col2
West 1.28427486201e-05
East 1.2843802971e-05
North 1.28396607311e-05
South 1.28614160704e-05

row19col3
West 1.2828910753e-05
East 1.28003084459e-05
North 1.28097750681e-05
South 1.28202477629e-05

row19col4
West 1.28019706696e-05
East 1.27799579178e-05
North 1.27729548707e-05
South 1.27947415766e-05

row19col6
West 1.32327802727e-05
East 1.31873315588e-05
North 1.32310628407e-05
South 1.32051553647e-05

row19col7
West 1.32107300706e-05
East 1.32227231467e-05
North 1.65112086066e-05
South 1.32046846913e-05

row19col8
West 1.3115043909e-05
East 1.31332393052e-05
North 1.34261763174e-05
South 1.31171837815e-05

row19col9
West 1.30206364226e-05
East 1.30311163138e-05
North 1.30145362898e-05
South 1.30158616769e-05

row19col10
West 1.29325181337e-05
East 1.29459070584e-05
North 1.29363564542e-05
South 1.29478544837e-05

row19col11
West 1.28554961173e-05
East 1.28667098268e-05
North 1.28576321334e-05
South 1.28633945144e-05

row19col13
West 1.3177475653e-05
East 1.31487972625e-05
North 1.31615465165e-05
South 1.31679488123e-05

row19col14
West 1.31838564783e-05
East 1.47652361383e-05
North 1.31728019516e-05
South 1.31729340217e-05

row19col15
West 1.31906678168e-05
East 1.32016483411e-05
North 0.000122367398018
South 1.3175319913e-05

row19col16
West 1.31334566362e-05
East 1.3157591436e-05
North 1.31484778431e-05
South 1.31274555287e-05

row19col18
West 1.24278891258e-05
East 1.24050551774e-05
North 1.24317825969e-05
South 1.24366780237e-05

row19col19
West 1.23036711276e-05
East 1.22767906969e-05
North 1.22957552215e-05
South 1.2286414426e-05

row19col20
West 1.22138342447e-05
East 1.22229517849e-05
North 1.22003741982e-05
South 1.22254199618e-05

row19col21
West 1.21355123298e-05
East 1.21466903637e-05
North 1.21547382446e-05
South 1.21367136573e-05

row19col22
West 1.21098758776e-05
East 1.21214247675e-05
North 1.21221171823e-05
South 1.21382383028e-05
