row1col1 South
row1col2 South
row1col3 South
row1col4 South
row1col5 South
row1col6 West
row1col7 South
row1col8 West
row2col1 South
row2col2 South
row2col3 South
row2col4 East
row2col5 South
row2col6 West
row2col7 West
row2col9 South
row3col1 South
row3col2 South
row3col3 South
row3col4 South
row3col5 South
row3col6 West
row3col8 South
row3col9 South
row4col1 South
row4col2 South
row4col3 South
row4col4 South
row4col5 North
row4col7 South
row4col8 South
row4col9 South
row5col1 East
row5col2 East
row5col3 West
row5col4 West
row5col5 South
row5col6 East
row5col7 West
row5col8 West
row5col9 West
row6col1 North
row6col2 North
row6col3 North
row6col5 South
row6col7 North
row6col8 North
row6col9 North
row7col1 North
row7col2 North
row7col4 East
row7col5 South
row7col6 West
row7col8 North
row7col9 North
row8col1 North
row8col3 East
row8col4 East
row8col5 North
row8col6 West
row8col7 West
row8col9 North
row9col2 East
row9col3 East
row9col4 East
row9col5 North
row9col6 West
row9col7 West
row9col8 West
