row1col1 East
row1col2 West
row2col1 East
row2col2 West
