row1col1 West
row1col2 West
row1col3 West
row1col4 West
row2col4 North
row3col1 South
row3col4 North
row4col1 East
row4col2 East
row4col3 East
row4col4 North
