
row1col1
West 1.717e-05
East 1.717e-05
North 1.717e-05
South 1.717e-05

row1col2
West 1.000015453
East 1.00001251693
North 1.717e-05
South 1.717e-05

row1col3
West 1.0000139077
East 1.00001126524
North 1.717e-05
South 1.717e-05

row1col4
West 1.00001251693
East 1.717e-05
North 1.717e-05
South 1.00001013871

row2col4
West 1.717e-05
East 1.717e-05
North 1.00001126524
South 1.00000912484

row3col1
West 1.717e-05
East 1.717e-05
North 1.717e-05
South 1.00000598681

row3col4
West 1.717e-05
East 1.717e-05
North 1.00001013871
South 1.00000821236

row4col1
West 1.717e-05
East 1.00000665201
North 1.00000538813
South 1.717e-05

row4col2
West 1.00000598681
East 1.00000739112
North 1.717e-05
South 1.717e-05

row4col3
West 1.00000665201
East 1.00000821236
North 1.717e-05
South 1.717e-05

row4col4
West 1.00000739112
East 1.717e-05
North 1.00000912484
South 1.717e-05
