row1col1 East
row1col2 West
row1col3 West
row1col4 West
row1col5 West
row2col5 South
row3col1 East
row3col2 East
row3col3 West
row3col5 South
row4col1 North
row4col5 South
row5col1 North
row5col2 North
row5col4 North
row5col5 West
