row1col1 South
row1col2 West
row1col3 West
row1col4 West
row1col5 West
row2col1 North
row2col2 West
row2col3 North
row2col4 North
row2col5 North
row3col4 North
row3col5 West
row4col1 East
row4col2 East
row4col3 East
row4col4 North
row4col5 West
row5col1 East
row5col2 North
row5col3 North
row5col4 North
row5col5 West
