
row1col1
West 1.717e-05
East 4.73684210526
North 1.717e-05
South 1.717e-05

row1col2
West 5.26315789474
East 4.26315789474
North 1.717e-05
South 1.717e-05

row1col3
West 4.73684210526
East 3.83684210526
North 1.717e-05
South 1.717e-05

row1col4
West 4.26315789474
East 3.45315789474
North 1.717e-05
South 1.717e-05

row1col5
West 3.83684210526
East 1.717e-05
North 1.717e-05
South 3.28051013871

row2col5
West 1.717e-05
East 1.717e-05
North 3.45315789474
South 3.64501126524

row3col1
West 1.717e-05
East 0.9000139077
North 1.717e-05
South 0.729011011638

row3col2
West 0.810012516811
East 1.000015453
North 1.717e-05
South 1.717e-05

row3col3
West 1.717e-05
East 1.717e-05
North 1.717e-05
South 1.717e-05

row3col5
West 1.717e-05
East 1.717e-05
North 3.28051013871
South 4.05001251693

row4col1
West 1.717e-05
East 1.717e-05
North 0.810012516924
South 0.652988893221

row4col5
West 1.717e-05
East 1.717e-05
North 3.64501126524
South 4.5000139077

row5col1
West 1.717e-05
East 1.54530004094e-05
North 0.729000102039
South 1.717e-05

row5col2
West 1.717e-05
East 1.717e-05
North 1.717e-05
South 1.717e-05

row5col4
West 1.717e-05
East 1.717e-05
North 1.717e-05
South 1.717e-05

row5col5
West 5.000015453
East 1.717e-05
North 4.05001251693
South 1.717e-05
