
row1col1
West 1.717e-05
East 1.717e-05
North 1.717e-05
South 1.717e-05

row1col2
West 1.000015453
East 0.81001251693
North 1.717e-05
South 0.81001251693

row1col3
West 0.9000139077
East 0.729011265237
North 1.717e-05
South 0.729011265237

row1col4
West 0.81001251693
East 0.656110138713
North 1.717e-05
South 0.656110138713

row1col5
West 0.729011265237
East 1.717e-05
North 1.717e-05
South 0.590499124842

row2col1
West 1.717e-05
East 0.81001251693
North 1.000015453
South 0.81001251693

row2col2
West 0.9000139077
East 0.729011265237
North 0.9000139077
South 0.729011265237

row2col3
West 0.81001251693
East 0.656110138713
North 0.81001251693
South 0.656110138713

row2col4
West 0.729011265237
East 0.590499124842
North 0.729011265237
South 0.590499124842

row2col5
West 0.656110138713
East 1.717e-05
North 0.656110138713
South 0.531449212358

row3col1
West 1.717e-05
East 0.729011265237
North 0.9000139077
South 0.729011265237

row3col2
West 0.81001251693
East 0.656110138713
North 0.81001251693
South 0.656110138713

row3col3
West 0.729011265237
East 0.590499124842
North 0.729011265237
South 0.590499124842

row3col4
West 0.656110138713
East 0.531449212358
North 0.656110138713
South 0.531449212358

row3col5
West 0.590499124842
East 1.717e-05
North 0.590499124842
South 0.478304291122

row4col1
West 1.717e-05
East 0.656110138713
North 0.81001251693
South 0.656110138713

row4col2
West 0.729011265237
East 0.590499124842
North 0.729011265237
South 0.590499124842

row4col3
West 0.656110138713
East 0.531449212358
North 0.656110138713
South 0.531449212358

row4col4
West 0.590499124842
East 0.478304291105
North 0.590499124842
South 0.478304291122

row4col5
West 0.531449212358
East 1.717e-05
North 0.531449212358
South 0.430473862008

row5col1
West 1.717e-05
East 0.590499124842
North 0.729011265237
South 1.717e-05

row5col2
West 0.656110138713
East 0.531449212358
North 0.656110138713
South 1.717e-05

row5col3
West 0.590499124842
East 0.478304291122
North 0.590499124842
South 1.717e-05

row5col4
West 0.531449212358
East 0.43047386201
North 0.531449212358
South 1.717e-05

row5col5
West 0.478304291122
East 1.717e-05
North 0.478304291122
South 1.717e-05
