row1col1 North
row1col2 East
row1col3 North
row1col4 South
row1col5 South
row1col7 West
row1col8 East
row1col9 East
row1col10 West
row1col11 East
row1col13 East
row1col14 North
row1col15 West
row1col16 East
row1col18 East
row1col19 West
row1col20 West
row1col21 South
row1col22 East
row2col1 North
row2col2 South
row2col3 South
row2col4 East
row2col5 North
row2col7 West
row2col8 East
row2col9 East
row2col10 North
row2col11 South
row2col13 South
row2col14 North
row2col15 West
row2col16 East
row2col17 South
row2col18 North
row2col19 West
row2col20 North
row2col21 East
row2col22 North
row3col1 South
row3col2 West
row3col3 West
row3col4 East
row3col5 East
row3col7 South
row3col8 West
row3col9 East
row3col10 East
row3col11 South
row3col13 East
row3col14 East
row3col15 North
row3col16 West
row3col18 South
row3col19 East
row3col20 East
row3col21 North
row3col22 South
row4col5 North
row4col9 South
row4col13 North
row5col1 East
row5col2 South
row5col3 East
row5col5 South
row5col6 North
row5col7 East
row5col8 West
row5col9 West
row5col10 North
row5col11 East
row5col12 West
row5col13 South
row5col14 South
row5col15 North
row5col16 South
row5col17 East
row5col18 South
row5col20 North
row5col21 East
row5col22 South
row6col1 North
row6col2 North
row6col3 South
row6col5 North
row6col6 South
row6col7 West
row6col8 South
row6col9 West
row6col10 North
row6col11 East
row6col12 East
row6col13 West
row6col14 East
row6col15 South
row6col16 South
row6col17 East
row6col18 South
row6col19 West
row6col20 North
row6col21 North
row6col22 East
row7col1 East
row7col2 East
row7col3 East
row7col5 South
row7col6 South
row7col10 South
row7col17 East
row7col18 North
row7col20 South
row7col21 North
row7col22 South
row8col1 West
row8col2 North
row8col3 East
row8col4 West
row8col5 West
row8col6 North
row8col8 West
row8col9 West
row8col10 South
row8col11 North
row8col12 East
row8col13 West
row8col14 East
row8col15 South
row8col17 North
row8col18 South
row9col5 West
row9col6 East
row9col8 South
row9col9 East
row9col10 North
row9col11 West
row9col12 West
row9col13 East
row9col14 South
row9col15 North
row9col17 East
row9col18 East
row9col20 South
row9col21 North
row9col22 South
row10col1 South
row10col2 North
row10col3 South
row10col5 North
row10col6 South
row10col17 West
row10col18 North
row10col20 West
row10col21 East
row10col22 East
row11col1 West
row11col2 North
row11col3 South
row11col4 East
row11col5 West
row11col6 East
row11col8 North
row11col9 East
row11col10 West
row11col12 North
row11col13 East
row11col14 South
row11col15 North
row11col17 East
row11col18 North
row11col20 North
row11col21 West
row11col22 North
row12col1 North
row12col2 West
row12col3 East
row12col5 North
row12col6 East
row12col8 North
row12col9 East
row12col10 East
row12col12 North
row12col13 East
row12col14 South
row12col15 West
row12col16 North
row12col17 South
row12col18 East
row12col20 East
row12col21 East
row12col22 South
row13col5 East
row13col6 East
row13col9 South
row13col17 North
row13col18 East
row13col21 West
row14col1 East
row14col2 South
row14col3 North
row14col4 East
row14col5 South
row14col6 South
row14col7 East
row14col8 West
row14col9 East
row14col10 West
row14col11 South
row14col12 East
row14col13 North
row14col14 North
row14col15 South
row14col16 South
row14col17 East
row14col18 North
row14col19 East
row14col20 East
row14col21 North
row14col22 North
row15col1 East
row15col2 West
row15col3 West
row15col4 East
row15col5 East
row15col6 East
row15col7 West
row15col8 South
row15col9 North
row15col10 West
row15col11 East
row15col12 East
row15col13 North
row15col14 West
row15col15 North
row15col16 West
row15col17 West
row15col18 North
row15col19 North
row15col20 South
row15col21 West
row15col22 North
row16col2 South
row16col7 West
row16col15 West
row17col1 West
row17col2 South
row17col3 North
row17col4 East
row17col6 South
row17col7 West
row17col8 East
row17col9 West
row17col10 West
row17col11 East
row17col13 East
row17col14 North
row17col15 West
row17col16 East
row17col18 South
row17col19 South
row17col20 West
row17col21 South
row17col22 North
row18col1 North
row18col2 East
row18col3 South
row18col4 West
row18col6 North
row18col7 South
row18col8 North
row18col9 North
row18col10 East
row18col11 North
row18col13 West
row18col14 North
row18col15 South
row18col16 West
row18col17 North
row18col18 East
row18col19 East
row18col20 North
row18col21 South
row18col22 East
row19col1 West
row19col2 South
row19col3 North
row19col4 North
row19col6 West
row19col7 East
row19col8 South
row19col9 South
row19col10 North
row19col11 North
row19col13 North
row19col14 South
row19col15 North
row19col16 North
row19col18 West
row19col19 East
row19col20 North
row19col21 North
row19col22 South
