row1col1 West
row1col2 West
row1col3 East
row1col4 West
row1col5 North
row1col7 East
row1col8 South
row1col9 South
row1col10 East
row1col11 East
row1col13 North
row1col14 East
row1col15 South
row1col16 West
row1col18 East
row1col19 East
row1col20 West
row1col21 North
row1col22 North
row2col1 South
row2col2 West
row2col3 South
row2col4 North
row2col5 East
row2col7 North
row2col8 East
row2col9 East
row2col10 East
row2col11 East
row2col13 South
row2col14 West
row2col15 North
row2col16 South
row2col17 South
row2col18 North
row2col19 East
row2col20 North
row2col21 West
row2col22 South
row3col1 East
row3col2 North
row3col3 East
row3col4 North
row3col5 South
row3col7 North
row3col8 North
row3col9 East
row3col10 South
row3col11 East
row3col13 North
row3col14 West
row3col15 South
row3col16 South
row3col18 North
row3col19 South
row3col20 West
row3col21 East
row3col22 North
row4col5 North
row4col9 West
row4col13 North
row5col1 East
row5col2 East
row5col3 North
row5col5 South
row5col6 West
row5col7 East
row5col8 East
row5col9 East
row5col10 East
row5col11 South
row5col12 East
row5col13 East
row5col14 West
row5col15 South
row5col16 South
row5col17 North
row5col18 North
row5col20 South
row5col21 South
row5col22 West
row6col1 South
row6col2 South
row6col3 North
row6col5 East
row6col6 North
row6col7 North
row6col8 North
row6col9 West
row6col10 North
row6col11 North
row6col12 West
row6col13 East
row6col14 North
row6col15 West
row6col16 North
row6col17 South
row6col18 East
row6col19 West
row6col20 East
row6col21 East
row6col22 South
row7col1 South
row7col2 West
row7col3 West
row7col5 West
row7col6 West
row7col10 East
row7col17 East
row7col18 South
row7col20 West
row7col21 East
row7col22 South
row8col1 West
row8col2 North
row8col3 East
row8col4 East
row8col5 East
row8col6 East
row8col8 North
row8col9 South
row8col10 East
row8col11 South
row8col12 East
row8col13 South
row8col14 East
row8col15 North
row8col17 East
row8col18 South
row9col5 North
row9col6 South
row9col8 North
row9col9 West
row9col10 East
row9col11 North
row9col12 North
row9col13 North
row9col14 East
row9col15 South
row9col17 South
row9col18 South
row9col20 South
row9col21 North
row9col22 South
row10col1 West
row10col2 East
row10col3 South
row10col5 North
row10col6 West
row10col17 West
row10col18 East
row10col20 West
row10col21 West
row10col22 West
row11col1 South
row11col2 North
row11col3 North
row11col4 West
row11col5 South
row11col6 South
row11col8 South
row11col9 West
row11col10 West
row11col12 North
row11col13 South
row11col14 North
row11col15 West
row11col17 South
row11col18 South
row11col20 East
row11col21 West
row11col22 East
row12col1 North
row12col2 North
row12col3 East
row12col5 East
row12col6 South
row12col8 North
row12col9 East
row12col10 East
row12col12 East
row12col13 East
row12col14 East
row12col15 North
row12col16 West
row12col17 South
row12col18 North
row12col20 South
row12col21 South
row12col22 East
row13col5 North
row13col6 South
row13col9 South
row13col17 South
row13col18 East
row13col21 West
row14col1 North
row14col2 North
row14col3 East
row14col4 North
row14col5 East
row14col6 East
row14col7 East
row14col8 North
row14col9 North
row14col10 West
row14col11 West
row14col12 East
row14col13 South
row14col14 North
row14col15 South
row14col16 West
row14col17 West
row14col18 North
row14col19 East
row14col20 West
row14col21 South
row14col22 North
row15col1 South
row15col2 South
row15col3 West
row15col4 South
row15col5 South
row15col6 South
row15col7 East
row15col8 South
row15col9 North
row15col10 North
row15col11 West
row15col12 West
row15col13 West
row15col14 West
row15col15 East
row15col16 South
row15col17 East
row15col18 South
row15col19 South
row15col20 East
row15col21 North
row15col22 North
row16col2 East
row16col7 East
row16col15 East
row17col1 West
row17col2 North
row17col3 North
row17col4 North
row17col6 South
row17col7 West
row17col8 South
row17col9 East
row17col10 West
row17col11 North
row17col13 North
row17col14 North
row17col15 West
row17col16 North
row17col18 South
row17col19 South
row17col20 South
row17col21 West
row17col22 East
row18col1 South
row18col2 East
row18col3 South
row18col4 South
row18col6 South
row18col7 North
row18col8 East
row18col9 North
row18col10 South
row18col11 East
row18col13 North
row18col14 South
row18col15 East
row18col16 South
row18col17 West
row18col18 East
row18col19 East
row18col20 East
row18col21 North
row18col22 West
row19col1 West
row19col2 East
row19col3 South
row19col4 West
row19col6 East
row19col7 West
row19col8 North
row19col9 West
row19col10 East
row19col11 North
row19col13 North
row19col14 West
row19col15 North
row19col16 East
row19col18 South
row19col19 South
row19col20 East
row19col21 North
row19col22 South
