3.640000000000000000e+02 1.636000000000000000e+03
