
row1col1
West 2.89828106775e-11
East 1.38075737578e-09
North 2.81233127212e-15
South 8.867251883e-09

row1col2
West 4.30429187877e-12
East 3.31530715236e-08
North 8.14794698617e-09
South 5.38112123534e-05

row1col3
West 2.2860282782e-09
East 1.69128323922e-06
North 3.46283885613e-05
South 0.00279424243229

row1col4
West 8.03359538628e-08
East 0.000329850663499
North 5.3233392865e-08
South 2.47188065739e-05

row1col5
West 1.90101469326e-05
East 3.75801309745e-05
North 0.000187533738637
South 0.0149490326159

row1col7
West 5.27772437465e-09
East 1.06773705539e-07
North 3.43685348402e-09
South 0.000102968728103

row1col8
West 2.08892211375e-08
East 0.00019458236577
North 1.55077533799e-10
South 6.19519994221e-06

row1col9
West 3.04173815477e-06
East 0.0
North 0.000233430169736
South 0.0894491465728

row1col10
West 0.000914414060956
East 5.36402311891e-18
North 3.31855114024e-06
South 7.09624861541e-11

row1col11
West 1.12926802503e-16
East 3.96670142893e-17
North 1.72929981651e-13
South 0.000317907995467

row1col13
West 0.207430947373
East 0.290662490402
North 0.154587325306
South 0.848286904742

row1col14
West 0.327205133147
East 0.382228084578
North 0.495222649693
South 0.945040215793

row1col15
West 0.150899560091
East 0.0603021202783
North 0.126839747567
South 0.774064459007

row1col16
West 0.132775044954
East 0.0370509856638
North 0.0713121204945
South 0.473012529587

row1col18
West 0.0186900425661
East 0.00354914466063
North 0.0296043671224
South 0.351336752586

row1col19
West 0.0223548769543
East 0.00250978671619
North 0.00772811500586
South 0.180500755583

row1col20
West 0.00407068801544
East 0.000133643570344
North 0.000461957724809
South 0.0805412833651

row1col21
West 0.000517242763881
East 8.32656954847e-05
North 0.000103491413433
South 0.017690569834

row1col22
West 2.32290825977e-05
East 9.99297309855e-05
North 2.45024131077e-05
South 0.00364234533712

row2col1
West 1.07769928207e-06
East 0.000126956823299
North 2.16000022683e-10
South 2.48631665387e-07

row2col2
West 1.03190609437e-10
East 3.88545203558e-07
North 6.87142101098e-09
South 0.00214849948597

row2col3
West 1.08733840117e-07
East 0.000433610442101
North 1.60040291618e-09
South 0.0274343030493

row2col4
West 2.34027212852e-05
East 0.0170997542413
North 3.8077120413e-07
South 0.000209704535248

row2col5
West 0.000717784610594
East 0.00258479432616
North 0.000164379460873
South 0.133217382918

row2col7
West 1.54644124258e-07
East 0.0
North 4.03645078473e-09
South 0.0086260314205

row2col8
West 0.000135106823659
East 0.00471247544402
North 2.1193015239e-06
South 0.100251785599

row2col9
West 0.000354613277353
East 0.00229041820611
North 0.00751494229386
South 0.358775408116

row2col10
West 0.106547450478
East 1.52925981373e-05
North 0.0
South 0.0230270638419

row2col11
West 0.0180457719849
East 3.25028673053e-06
North 5.36402311891e-18
South 2.35729899686e-09

row2col13
West 0.812800013565
East 0.949997277768
North 0.601881402999
South 0.79339713845

row2col14
West 0.899817836318
East 1.0
North 0.876550975991
South 0.901667120895

row2col15
West 0.0
East 0.0
North 0.0
South 0.0

row2col16
West 0.998910469221
East 0.438753552771
North 0.125656776668
South 0.317338141854

row2col17
West 0.938549581111
East 0.239498860845
North 0.368788920663
South 0.343713045836

row2col18
West 0.854875870681
East 0.270324377991
North 0.0790145029114
South 0.116790687857

row2col19
West 0.725261420143
East 0.082844662675
North 0.032006000871
South 0.0467442844756

row2col20
West 0.507093479279
East 0.012564024469
North 0.00197888203323
South 0.00696760716361

row2col21
West 0.242359052753
East 0.00115834284658
North 0.000251907963291
South 0.000718872602728

row2col22
West 0.0771558145697
East 0.00239360120222
North 5.07400100843e-06
South 7.24360590367e-05

row3col1
West 3.81039008113e-08
East 3.7503625279e-06
North 5.5345808918e-07
South 1.44244381806e-08

row3col2
West 9.62701544413e-08
East 0.0257687245718
North 5.49164445688e-08
South 0.000384281737714

row3col3
West 2.39809740607e-05
East 0.126061357755
North 0.000137055311706
South 0.000634951578497

row3col4
West 0.00870324518202
East 0.258413015449
North 0.000136871654142
South 0.000902048600262

row3col5
West 0.0194570277297
East 0.0431692098984
North 0.0135958534409
South 0.400026616087

row3col7
West 2.29383969151e-05
East 0.086311664152
North 0.00025519158165
South 0.00836013505429

row3col8
West 0.00597693952398
East 0.38957385677
North 0.000834238675886
South 0.0170631602993

row3col9
West 0.0719441615911
East 0.0307708836919
North 0.0170614967533
South 0.584933539204

row3col10
West 0.266728259597
East 0.000912744194403
North 0.000709875740187
South 0.00897684064992

row3col11
West 0.0449230845669
East 0.00169353360692
North 0.000516233893301
South 0.00164810109118

row3col13
West 0.857320184352
East 0.9025
North 0.901547420043
South 0.814216719678

row3col14
West 0.857192365522
East 0.925033422961
North 0.95
South 0.902012237083

row3col15
West 0.45593698403
East 0.33482426008
North 0.99407947078
South 0.438800429624

row3col16
West 0.169010270842
East 0.133761990105
North 0.797381579697
South 0.132443584569

row3col18
West 0.0410135760027
East 0.00882355118957
North 0.393528890408
South 0.0452416231507

row3col19
West 0.0317732675925
East 0.00389436036757
North 0.270473354429
South 0.00963877524343

row3col20
West 0.015470562129
East 8.51074961679e-05
North 0.0567797605083
South 0.00222091296774

row3col21
West 0.000234167089292
East 1.18131336854e-05
North 0.0196386035713
South 0.000136496343191

row3col22
West 9.1664829046e-05
East 8.67369491717e-06
North 0.00980673527794
South 1.41678816684e-06

row4col5
West 0.0709759141612
East 0.0572789515192
North 0.0548384090565
South 0.485262120325

row4col9
West 0.348674077029
East 0.418408462667
North 0.226142904408
South 0.630057493207

row4col13
West 0.814276286389
East 0.814376607244
North 0.857375
South 0.773664978549

row5col1
West 1.86183696391e-15
East 5.09459846792e-06
North 9.58019846039e-16
South 0.0

row5col2
West 1.23662510984e-15
East 0.000275814936376
North 1.92272402304e-08
South 1.25040309844e-16

row5col3
West 8.40462645139e-07
East 1.98704341026e-05
North 1.41077539273e-05
South 0.0037916126266

row5col5
West 0.258577798753
East 0.537035103392
North 0.138286186025
South 0.11162892378

row5col6
West 0.274186026886
East 0.568671946565
North 0.379692015959
South 0.392138620455

row5col7
West 0.50365309219
East 0.598736939218
North 0.543272385564
South 0.509002625009

row5col8
West 0.554385755496
East 0.630249409724
North 0.588265774697
South 0.534624320534

row5col9
West 0.593791836754
East 0.663420431289
North 0.583529183623
South 0.576656549006

row5col10
West 0.625059966414
East 0.698337296094
North 0.662342681507
South 0.623166487908

row5col11
West 0.662060290735
East 0.735091890625
North 0.696013127979
South 0.658010208991

row5col12
West 0.697180258823
East 0.7737809375
North 0.732942451218
South 0.688243378331

row5col13
West 0.735043915918
East 0.734864294052
North 0.81450625
South 0.734357898645

row5col14
West 0.7737809375
East 0.65898430445
North 0.719097366177
South 0.649858135916

row5col15
West 0.735091889991
East 0.551756027107
North 0.598036781642
South 0.385265838411

row5col16
West 0.698337283475
East 0.46841461125
North 0.559008539685
South 0.467028570559

row5col17
West 0.663420259901
East 0.332958993229
North 0.512149249565
South 0.388778537832

row5col18
West 0.540428084259
East 0.0837153811467
North 0.0567970404124
South 0.0452033858067

row5col20
West 8.94297190827e-09
East 1.61890790374e-05
North 1.02933772523e-06
South 0.0175729243889

row5col21
West 0.000569153151724
East 1.6721345654e-09
North 4.86671335083e-11
South 1.95175683475e-10

row5col22
West 2.36553961915e-08
East 1.56887657935e-13
North 2.52994637493e-14
South 0.000615410407964

row6col1
West 1.63229746673e-21
East 1.93760337572e-15
North 0.0
South 1.05170847995e-06

row6col2
West 1.31448401749e-08
East 0.000997342995714
North 1.06930060802e-09
South 7.12973249505e-19

row6col3
West 1.49549696759e-08
East 0.000163300834508
North 3.70390822285e-05
South 0.0302986986664

row6col5
West 0.0873509769269
East 0.217482212604
North 0.394848924022
South 0.0981397708111

row6col6
West 0.21397941078
East 0.540360062056
North 0.445795878833
South 0.412937380712

row6col7
West 0.395788897599
East 0.496046213116
North 0.568800090346
South 0.490349256734

row6col8
West 0.291395738317
East 0.335448551081
North 0.596976644352
South 0.423028423114

row6col9
West 0.33070121394
East 0.372330952729
North 0.627194916795
South 0.258025922524

row6col10
West 0.404087047202
East 0.45191218216
North 0.663341928827
South 0.317052929363

row6col11
West 0.418341305666
East 0.514345008621
North 0.697651992096
South 0.361561477149

row6col12
West 0.469588641597
East 0.47975510201
North 0.734208580093
South 0.447348256026

row6col13
West 0.496114057508
East 0.409982524561
North 0.773710896925
South 0.625429473348

row6col14
West 0.520089813746
East 0.150799251383
North 0.732553500087
South 0.373294714878

row6col15
West 0.606173508885
East 0.0817168322787
North 0.268696359288
South 0.0523241922769

row6col16
West 0.139757377661
East 0.129747256748
North 0.641932138901
South 0.238984459294

row6col17
West 0.399570147203
East 0.251214532872
North 0.630247782396
South 0.405733286006

row6col18
West 0.547388181735
East 0.0572619086801
North 0.113087676286
South 0.0325291101933

row6col19
West 0.379350758636
East 0.00917923436635
North 0.00467475745352
South 0.0127127696349

row6col20
West 0.189970145179
East 0.000496231782838
North 1.28385716413e-05
South 0.000755828230688

row6col21
West 0.0505858385536
East 0.000543292520871
North 6.73956170691e-08
South 2.81089747966e-05

row6col22
West 0.0106403239615
East 5.36463256296e-05
North 4.12579964038e-06
South 0.0

row7col1
West 4.46507657873e-09
East 1.76646420998e-08
North 7.33511469716e-09
South 0.000955057722733

row7col2
West 4.50828424445e-10
East 1.27966143541e-08
North 1.46243963268e-11
South 0.00847951849782

row7col3
West 1.04232763751e-05
East 0.00764659721001
North 6.21212489406e-05
South 0.133988193743

row7col5
West 0.0979636119541
East 0.451880139376
North 0.0793027523486
South 0.12148339884

row7col6
West 0.300952713972
East 0.403266156882
North 0.513341908223
South 0.365820489435

row7col10
West 0.22374481352
East 0.277933298579
North 0.623078258856
South 0.0947660844596

row7col17
West 0.350459072667
East 0.193659198815
North 0.598725353903
South 0.272836725173

row7col18
West 0.410585301248
East 0.0451541252115
North 0.0260642435403
South 0.05658242009

row7col20
West 0.000242055818396
East 5.14270521046e-05
North 0.012300738222
South 0.000171494734116

row7col21
West 1.71157684819e-08
East 0.0
North 0.0031818922705
South 1.96815522046e-06

row7col22
West 4.05165034125e-08
East 0.0
North 0.000417410833352
South 1.03556836652e-16

row8col1
West 4.79430391668e-05
East 0.0187444069442
North 3.0722505743e-07
South 4.66101357648e-05

row8col2
West 3.41892826201e-05
East 0.116867171107
North 5.55099337577e-05
South 0.00556547847168

row8col3
West 0.00323650843951
East 0.298595842421
North 0.00442922087555
South 0.0188161318958

row8col4
West 0.0354636967135
East 0.400289242556
North 0.088245160675
South 0.0747684009184

row8col5
West 0.120950284667
East 0.457647422029
North 0.192793985335
South 0.0695193297744

row8col6
West 0.311450230527
East 0.352495582959
North 0.487674107267
South 0.334910424321

row8col8
West 0.000242105085227
East 0.0435208487147
North 0.000397576516649
South 4.46641754968e-05

row8col9
West 0.000273558525089
East 0.250152594812
North 0.0105036302276
South 0.00199089745996

row8col10
West 0.0231663324215
East 0.0160806288396
North 0.549149703933
South 0.0253884679436

row8col11
West 0.300254696353
East 0.00132689895534
North 0.00785810777885
South 0.000509373029879

row8col12
West 0.0932387816941
East 0.000110212013887
North 1.12713231562e-08
South 1.58554828441e-06

row8col13
West 0.0124925159909
East 7.02548246896e-05
North 0.00013034803273
South 5.96763716344e-09

row8col14
West 0.00139407667559
East 1.55839513134e-10
North 3.36862856714e-15
South 3.70294769848e-07

row8col15
West 2.2671733684e-05
East 4.44207237941e-10
North 2.64559086558e-10
South 8.36915145401e-09

row8col17
West 0.327435435966
East 0.139900518471
North 0.568744267572
South 0.218902021177

row8col18
West 0.36873693002
East 0.0467232546211
North 0.032703554792
South 0.0203990889298

row9col5
West 0.0445493943438
East 0.338853616886
North 0.087843467014
South 0.0232935049624

row9col6
West 0.181519406591
East 0.341536304862
North 0.463282890033
South 0.329947107791

row9col8
West 4.18636185479e-08
East 0.000115375934664
North 0.00321421625308
South 1.37264912703e-08

row9col9
West 3.64107168441e-05
East 0.00208384030739
North 0.036721729873
South 0.000779658698801

row9col10
West 0.000792825196271
East 0.000640816884562
North 0.273553119394
South 0.00363616196314

row9col11
West 0.0655153800173
East 3.31942124954e-05
North 0.00236292573168
South 0.000284414466146

row9col12
West 0.00992548822909
East 7.69034915205e-07
North 0.00325651873458
South 0.000153061107781

row9col13
West 0.00104035854242
East 2.9196687873e-07
North 2.94069627448e-06
South 1.00045467152e-06

row9col14
West 2.85365597386e-05
East 1.93102477956e-11
North 2.26939259919e-12
South 3.31712849666e-08

row9col15
West 4.40639292635e-07
East 3.17145408337e-08
North 5.74914539846e-10
South 5.27452614462e-09

row9col17
West 0.224558139271
East 0.103084851854
North 0.540147724857
South 0.217641861676

row9col18
West 0.291640346178
East 0.0261115956008
North 0.0435482020608
South 0.0356402480595

row9col20
West 0.0
East 5.07900910774e-21
North 0.0
South 0.0

row9col21
West 0.0
East 0.0
North 7.78791534127e-22
South 2.61703142755e-07

row9col22
West 2.68291057401e-09
East 0.0
North 0.0
South 0.0

row10col1
West 2.48236508634e-10
East 3.63736267563e-18
North 1.07661518524e-08
South 1.8870162631e-06

row10col2
West 1.79408473408e-10
East 0.000599846811128
North 4.00061104694e-07
South 4.14366181878e-05

row10col3
West 1.6870312957e-05
East 1.33307003911e-05
North 5.4368656084e-09
South 0.0115425576093

row10col5
West 0.0274541196174
East 0.305632731377
North 0.0194340894507
South 0.0567108026472

row10col6
West 0.155761684505
East 0.319719682878
North 0.440084323867
South 0.244112885156

row10col17
West 0.215394258529
East 0.0844957725203
North 0.512648817597
South 0.146589715967

row10col18
West 0.355288682419
East 0.0352976299538
North 0.0159106038226
South 0.00343451985952

row10col20
West 2.86946722516e-15
East 0.0
North 0.0
South 2.67281998451e-09

row10col21
West 5.47709423339e-21
East 4.2582016166e-15
North 1.08575506405e-16
South 4.86319737269e-06

row10col22
West 2.05555300017e-10
East 0.0
North 0.0
South 2.81552602258e-16

row11col1
West 2.86865656804e-07
East 0.00146958286934
North 1.10013032817e-10
South 4.33438046439e-16

row11col2
West 3.19111315147e-07
East 0.0201684967522
North 3.42008701761e-06
South 1.35834907122e-08

row11col3
West 1.86404179335e-05
East 0.105403554248
North 0.000239415175646
South 1.85642347378e-06

row11col4
West 0.00295884853988
East 0.229880449043
North 0.00423391360318
South 0.0118815371008

row11col5
West 0.00439611592732
East 0.368451920202
North 0.0370772134956
South 0.0134644863141

row11col6
West 0.175929108478
East 0.273276017686
North 0.417951124304
South 0.242917755986

row11col8
West 6.34859152842e-13
East 5.29601029474e-08
North 0.0
South 2.39249652098e-09

row11col9
West 3.15237746826e-09
East 5.25064816671e-10
North 3.57146452819e-08
South 4.80122689452e-06

row11col10
West 9.52941526954e-08
East 2.80209964328e-11
North 8.83402697828e-11
South 0.0

row11col12
West 0.0
East 0.0
North 0.0
South 6.02163514378e-08

row11col13
West 0.0
East 2.08154393935e-05
North 0.0
South 0.0

row11col14
West 0.0
East 2.58854561021e-20
North 1.06329386403e-05
South 0.00126128975938

row11col15
West 0.0
East 1.18821238881e-05
North 0.0
South 0.0107060471503

row11col17
West 0.135142190696
East 0.0379097395789
North 0.48557775812
South 0.115480341867

row11col18
West 0.0412439606504
East 0.0040989088932
North 0.128175196893
South 0.0111172191947

row11col20
West 2.32592593293e-15
East 2.12187941392e-06
North 1.60213408027e-20
South 1.00536071404e-10

row11col21
West 4.29203523928e-09
East 1.68698262162e-16
North 1.85550912362e-09
South 6.58932478191e-05

row11col22
West 5.92742320543e-15
East 1.09171543422e-18
North 4.2581973963e-15
South 1.72508286085e-08

row12col1
West 4.99488350335e-13
East 3.15840854352e-08
North 4.2526149439e-05
South 1.88279795993e-10

row12col2
West 1.50071857211e-09
East 9.37874626727e-08
North 0.000472152325976
South 3.43039853563e-09

row12col3
West 5.40311701433e-12
East 1.41709264395e-08
North 0.00311543514407
South 3.05053654319e-05

row12col5
West 0.00133366688249
East 0.233496871449
North 0.0122441406517
South 0.0122064425488

row12col6
West 0.0992786442773
East 0.209865008473
North 0.396537835123
South 0.169234138193

row12col8
West 3.47954268941e-08
East 8.30130704382e-06
North 1.62196843031e-09
South 1.06818773937e-17

row12col9
West 5.1977619929e-08
East 4.76779776301e-08
North 3.72684206827e-09
South 0.000144524085463

row12col10
West 2.82383338294e-06
East 4.57192207243e-09
North 8.15446462574e-23
South 4.57192207243e-09

row12col12
West 0.0
East 0.000165150687154
North 0.0
South 0.0

row12col13
West 3.08801802245e-08
East 0.00270629085087
North 0.0
South 0.0

row12col14
West 1.20770055049e-05
East 0.0261636657223
North 6.57068680162e-11
South 9.96301792685e-07

row12col15
West 9.97021732986e-07
East 0.12435667863
North 1.41439481743e-05
South 0.00362365271068

row12col16
West 0.00186131068783
East 0.294321624835
North 0.0209773578848
South 0.000425893336034

row12col17
West 0.0255366975979
East 0.0436213837953
North 0.45788031319
South 0.0388393885058

row12col18
West 0.202495842635
East 0.00636135256536
North 0.0010534507702
South 1.17797028329e-08

row12col20
West 6.2589429654e-22
East 0.0
North 1.40838004269e-08
South 3.09667594375e-11

row12col21
West 4.39814979752e-13
East 0.0
North 1.00197438076e-08
South 0.000580487234113

row12col22
West 2.20761820789e-06
East 0.0
North 0.0
South 0.0

row13col5
West 0.0190837654652
East 0.174502221846
North 0.00529271563201
South 0.00720561774515

row13col6
West 0.0359289212657
East 0.210820840918
North 0.375096341265
South 0.135520029168

row13col9
West 1.02728571856e-05
East 9.62819343571e-06
North 3.96681548349e-06
South 0.00179693391239

row13col17
West 0.043373467914
East 0.00797964092909
North 0.423576962824
South 0.0425255555272

row13col18
West 0.0897835321389
East 0.0061120096405
North 0.00613962533898
South 0.000992149438733

row13col21
West 3.53959711016e-06
East 2.44391833673e-06
North 1.07523528623e-08
South 0.00339429899107

row14col1
West 3.26964736653e-18
East 0.0
North 2.73910787148e-12
South 0.000211044308892

row14col2
West 8.51077369974e-11
East 0.00119722469958
North 1.49056523023e-12
South 0.0

row14col3
West 1.38013243275e-05
East 0.0145940056139
North 9.82363605538e-06
South 0.000454971749926

row14col4
West 0.000610157944607
East 0.0774852654053
North 0.000985952619592
South 0.00364267360151

row14col5
West 0.00284359540578
East 0.220211421175
North 0.00981340836701
South 0.00628140678415

row14col6
West 0.0597182741426
East 0.0337429030255
North 0.352777323984
South 0.0754063164978

row14col7
West 0.186739361435
East 0.000331803360659
North 0.00801818891032
South 0.0202616813594

row14col8
West 0.028497158238
East 3.22219826744e-05
North 7.41354030838e-05
South 0.000198740545622

row14col9
West 0.0013534838323
East 3.49583609625e-07
North 0.000163554231425
South 0.0108956399823

row14col10
West 0.000400877070107
East 2.45395909586e-07
North 1.52641489265e-06
South 0.00241444472824

row14col11
West 8.07625896692e-05
East 1.96775815916e-11
North 2.586187148e-11
South 8.0091668044e-06

row14col12
West 1.21903913284e-10
East 2.24009960013e-08
North 4.14140055237e-11
South 1.78384519989e-05

row14col13
West 9.16258424739e-07
East 0.0
North 2.10079532106e-14
South 5.06848163454e-20

row14col14
West 4.94234075802e-19
East 0.0
North 0.0
South 6.74089202138e-11

row14col15
West 0.0
East 0.05855154927
North 2.65288277675e-08
South 1.51661845805e-13

row14col16
West 0.00247948812189
East 0.302759138789
North 0.0332946911306
South 0.00285191833341

row14col17
West 0.0362441863511
East 0.0118489984435
North 0.381581210172
South 0.0113305873127

row14col18
West 0.245458817392
East 0.00172752002882
North 0.00753936519764
South 0.000152963393323

row14col19
West 0.119833726788
East 1.30763730238e-06
North 0.00505173558244
South 2.4042325452e-05

row14col20
West 0.0461828222391
East 6.43121025152e-06
North 0.00063665005155
South 1.26476125225e-05

row14col21
West 0.0149946586226
East 2.57275589926e-06
North 6.30748435988e-05
South 2.61423849634e-06

row14col22
West 0.000200469068658
East 9.26137514615e-08
North 1.89939993659e-07
South 0.0

row15col1
West 1.03039312471e-09
East 0.00352769541336
North 3.22565772309e-06
South 9.75571034245e-10

row15col2
West 5.70147277623e-06
East 0.0352539053929
North 4.74856066266e-05
South 0.000234642147319

row15col3
West 4.76582719441e-05
East 0.0914398144162
North 0.000588005407579
South 0.00363736047118

row15col4
West 0.00290536041297
East 0.171752222013
North 0.00737173841001
South 0.0075605085882

row15col5
West 0.0172758888302
East 0.258583131104
North 0.0134781355568
South 0.0238448389008

row15col6
West 0.0492453490426
East 0.037385364324
North 0.326993110343
South 0.0733785545272

row15col7
West 0.277797464486
East 0.0109071452701
North 0.0185165711852
South 0.012292161391

row15col8
West 0.189643466939
East 0.000730877671012
North 0.000182508978443
South 0.00437973629084

row15col9
West 0.0985850358446
East 0.000771865491294
North 0.000615971697527
South 0.000973897938086

row15col10
West 0.0323351973748
East 1.71218619691e-06
North 7.37953229835e-10
South 0.00150293326847

row15col11
West 0.00507770206433
East 3.93787873667e-08
North 1.58297210473e-09
South 3.05115931071e-06

row15col12
West 0.000562088242873
East 1.31903540528e-10
North 7.15382486876e-11
South 1.41715138055e-09

row15col13
West 1.39176888496e-05
East 1.36525641834e-19
North 1.05831222063e-13
South 5.69030012667e-10

row15col14
West 1.39413258892e-09
East 0.00431392108991
North 2.34761186006e-20
South 5.55876875405e-13

row15col15
West 2.00703260821e-05
East 0.135023426669
North 0.00371427092578
South 0.00103723673164

row15col16
West 0.00875451345771
East 0.0043317794498
North 0.214016847088
South 0.00701004842873

row15col17
West 1.39303871368e-05
East 1.36879939384e-07
North 0.119679001637
South 0.00011565378694

row15col18
West 0.0163001763394
East 1.77030127062e-06
North 5.09248617251e-13
South 4.01040320613e-05

row15col19
West 0.000579471747062
East 1.78703225753e-11
North 2.1190690781e-06
South 2.22603144321e-07

row15col20
West 7.31907263557e-10
East 2.80994979543e-06
North 0.00188103573893
South 0.0

row15col21
West 4.08670458563e-06
East 2.10568552407e-18
North 0.00145493239202
South 3.1445912771e-05

row15col22
West 4.62931837147e-05
East 0.0
North 5.35890737821e-18
South 3.97493977634e-18

row16col2
West 6.20828805473e-06
East 2.64665545486e-05
North 0.00829318257021
South 1.64617000137e-05

row16col7
West 0.00121007537764
East 0.00432461885297
North 0.171931132177
South 0.00533891006983

row16col15
West 7.34886693441e-06
East 0.00013914660092
North 0.0768133110461
South 5.7008773365e-06

row17col1
West 4.08029443807e-07
East 7.54401945844e-05
North 0.0
South 0.0

row17col2
West 8.55397095984e-08
East 7.92798185173e-08
North 0.00187010419034
South 1.69645761718e-06

row17col3
West 0.000109150245234
East 8.73884625477e-16
North 2.94694026851e-09
South 4.05439847569e-13

row17col4
West 6.00941756629e-06
East 1.92986545757e-10
North 1.92987291979e-10
South 2.02869474369e-18

row17col6
West 3.20116371171e-05
East 0.0110710114628
North 2.65421415169e-11
South 4.35470440505e-08

row17col7
West 0.000720059544071
East 5.85405984212e-05
North 0.0923245209202
South 8.77431198872e-05

row17col8
West 0.0286190718924
East 0.000100407344406
North 0.00136607477513
South 6.59751580735e-06

row17col9
West 0.00689797066495
East 2.54482195682e-05
North 4.54996408675e-06
South 2.49737390351e-06

row17col10
West 0.000743355608499
East 3.66506685914e-08
North 6.76428062943e-07
South 1.08449513276e-12

row17col11
West 2.55109840957e-05
East 4.6265768573e-12
North 5.28496936382e-20
South 9.51806028892e-14

row17col13
West 1.47159813825e-30
East 0.00014463856164
North 3.65457975873e-08
South 5.75988752582e-29

row17col14
West 9.10136976299e-09
East 0.00319380051501
North 1.91606681967e-07
South 1.33557603595e-07

row17col15
West 2.20941321082e-05
East 8.77175993982e-05
North 0.037087032029
South 5.38426217486e-05

row17col16
West 0.0121807952869
East 0.000106488933677
North 2.93841824432e-06
South 1.30096334677e-06

row17col18
West 5.6366290249e-15
East 1.62013054847e-28
North 1.19775582845e-22
South 1.95010464173e-06

row17col19
West 5.68760328591e-27
East 1.72134877281e-18
North 4.30371967992e-21
South 1.1242706305e-06

row17col20
West 5.35557370895e-08
East 0.0
North 5.13244859714e-12
South 2.43916749708e-13

row17col21
West 1.0901747772e-09
East 5.00384065902e-18
North 2.07121718524e-17
South 1.90834170441e-17

row17col22
West 1.2225579716e-12
East 1.07714907549e-18
North 3.44375772235e-20
South 1.15759506086e-29

row18col1
West 0.0
East 0.0
North 3.42481024559e-18
South 6.19966876408e-08

row18col2
West 4.5626075258e-16
East 1.89861222138e-07
North 0.000283299645062
South 1.76171012811e-14

row18col3
West 3.99707836077e-06
East 1.57144197317e-17
North 8.8694486125e-07
South 4.75261833522e-16

row18col4
West 4.38220130019e-20
East 9.25310559057e-12
North 1.31388064197e-08
South 7.21702226009e-12

row18col6
West 6.34287956067e-09
East 0.000913876892103
North 1.78262917634e-05
South 8.10719592993e-08

row18col7
West 7.42581756644e-08
East 2.46561502174e-10
North 0.0218813490676
South 1.45420542643e-05

row18col8
West 0.00031201406475
East 3.79659183929e-10
North 2.72505524889e-05
South 2.09660379145e-09

row18col9
West 3.26366355521e-12
East 4.20034893489e-09
North 0.000396671048885
South 2.74725494063e-15

row18col10
West 4.33908712457e-06
East 1.00550408108e-13
North 3.19136646293e-10
South 0.0

row18col11
West 3.62561083171e-10
East 3.00370645915e-13
North 6.52646569335e-07
South 7.04091032702e-20

row18col13
West 2.62226933359e-29
East 3.43520981874e-05
North 2.73594657477e-30
South 5.71944136381e-11

row18col14
West 6.57541254707e-11
East 0.000445874542042
North 1.18535855316e-12
South 2.04763641544e-19

row18col15
West 1.82959327907e-10
East 5.60631134849e-14
North 0.00498279694049
South 6.33213831403e-12

row18col16
West 1.35653070683e-07
East 4.13119673699e-06
North 0.00305752265889
South 1.47284681899e-07

row18col17
West 0.000578343434424
East 1.21765693846e-08
North 1.62648679495e-09
South 2.89725430175e-07

row18col18
West 9.83727026598e-05
East 2.01984727247e-15
North 6.52235362425e-10
South 1.28427588615e-13

row18col19
West 1.27992492261e-05
East 1.32043585896e-16
North 1.74317988362e-15
South 7.39404644289e-13

row18col20
West 2.11822393602e-22
East 1.00435643894e-25
North 1.77920807943e-11
South 0.0

row18col21
West 4.39232022094e-28
East 3.18978062737e-21
North 7.09598648645e-13
South 3.43590842068e-32

row18col22
West 1.1468396527e-27
East 0.0
North 1.08555856373e-15
South 0.0

row19col1
West 1.70811348449e-13
East 2.02815302822e-06
North 1.84694789204e-09
South 9.7308053759e-16

row19col2
West 1.70657661721e-13
East 4.07050867844e-10
North 2.94889001971e-05
South 3.33620948972e-14

row19col3
West 1.37215014122e-07
East 1.13104012941e-20
North 4.0952809898e-16
South 2.92027713022e-15

row19col4
West 7.44041499384e-10
East 0.0
North 9.07845431682e-14
South 0.0

row19col6
West 6.00286423969e-15
East 1.25096636438e-07
North 2.92826293801e-05
South 7.96235073677e-10

row19col7
West 5.94209285805e-09
East 8.6970264714e-09
North 0.00174788423966
South 1.45549758732e-05

row19col8
West 2.59248943631e-08
East 3.13152304787e-15
North 1.0654260111e-05
South 2.09674450048e-09

row19col9
West 1.7989734106e-08
East 7.7064705618e-14
North 0.0
South 2.74725494066e-15

row19col10
West 1.09037818755e-12
East 0.0
North 9.43782634814e-09
South 7.66112512407e-17

row19col11
West 9.96716888398e-19
East 1.63436314566e-19
North 3.41116171947e-09
South 4.73440521989e-20

row19col13
West 0.0
East 2.95175623384e-14
North 1.87140683474e-06
South 0.0

row19col14
West 1.11529117448e-10
East 0.0
North 1.0099446409e-22
South 9.35461223632e-24

row19col15
West 4.79723704427e-24
East 1.11597720362e-06
North 1.2532895189e-27
South 6.18831929278e-13

row19col16
West 3.24696455597e-12
East 2.83743806437e-17
North 8.3564667232e-05
South 2.62955327968e-12

row19col18
West 2.87502648317e-24
East 5.24417595813e-21
North 1.21791378906e-08
South 5.89710942936e-19

row19col19
West 4.05485966565e-29
East 3.37522599207e-12
North 1.1463437178e-07
South 4.00015474695e-22

row19col20
West 2.44771102329e-09
East 0.0
North 7.80943742181e-30
South 0.0

row19col21
West 6.59324996135e-12
East 2.93098669897e-17
North 0.0
South 0.0

row19col22
West 3.43373496512e-14
East 8.80350125942e-32
North 0.0
South 0.0
