row1col1 West
row1col2 North
row1col3 East
row1col4 South
row1col5 West
row1col7 East
row1col8 East
row1col9 South
row1col10 East
row1col11 North
row1col13 East
row1col14 South
row1col15 North
row1col16 South
row1col18 North
row1col19 North
row1col20 East
row1col21 South
row1col22 East
row2col1 South
row2col2 East
row2col3 West
row2col4 West
row2col5 East
row2col7 West
row2col8 North
row2col9 West
row2col10 East
row2col11 East
row2col13 South
row2col14 West
row2col15 North
row2col16 North
row2col17 East
row2col18 West
row2col19 North
row2col20 West
row2col21 East
row2col22 East
row3col1 South
row3col2 North
row3col3 North
row3col4 South
row3col5 North
row3col7 West
row3col8 North
row3col9 South
row3col10 East
row3col11 South
row3col13 North
row3col14 South
row3col15 North
row3col16 North
row3col18 West
row3col19 West
row3col20 North
row3col21 East
row3col22 East
row4col5 East
row4col9 West
row4col13 West
row5col1 West
row5col2 West
row5col3 North
row5col5 West
row5col6 North
row5col7 East
row5col8 East
row5col9 East
row5col10 North
row5col11 East
row5col12 South
row5col13 West
row5col14 West
row5col15 South
row5col16 East
row5col17 East
row5col18 East
row5col20 West
row5col21 South
row5col22 West
row6col1 West
row6col2 North
row6col3 West
row6col5 North
row6col6 West
row6col7 North
row6col8 North
row6col9 East
row6col10 South
row6col11 North
row6col12 North
row6col13 West
row6col14 North
row6col15 South
row6col16 North
row6col17 South
row6col18 East
row6col19 South
row6col20 North
row6col21 South
row6col22 East
row7col1 South
row7col2 West
row7col3 East
row7col5 South
row7col6 West
row7col10 North
row7col17 North
row7col18 South
row7col20 North
row7col21 East
row7col22 East
row8col1 North
row8col2 South
row8col3 West
row8col4 North
row8col5 West
row8col6 East
row8col8 North
row8col9 East
row8col10 North
row8col11 West
row8col12 East
row8col13 West
row8col14 South
row8col15 North
row8col17 East
row8col18 North
row9col5 North
row9col6 West
row9col8 South
row9col9 East
row9col10 East
row9col11 North
row9col12 West
row9col13 East
row9col14 North
row9col15 East
row9col17 North
row9col18 East
row9col20 South
row9col21 North
row9col22 West
row10col1 West
row10col2 North
row10col3 West
row10col5 North
row10col6 East
row10col17 South
row10col18 East
row10col20 East
row10col21 South
row10col22 South
row11col1 West
row11col2 South
row11col3 East
row11col4 West
row11col5 West
row11col6 East
row11col8 North
row11col9 North
row11col10 South
row11col12 East
row11col13 North
row11col14 South
row11col15 East
row11col17 West
row11col18 West
row11col20 South
row11col21 East
row11col22 South
row12col1 West
row12col2 North
row12col3 South
row12col5 West
row12col6 West
row12col8 West
row12col9 East
row12col10 South
row12col12 South
row12col13 East
row12col14 West
row12col15 North
row12col16 East
row12col17 East
row12col18 West
row12col20 North
row12col21 South
row12col22 East
row13col5 East
row13col6 North
row13col9 North
row13col17 East
row13col18 South
row13col21 South
row14col1 West
row14col2 West
row14col3 North
row14col4 North
row14col5 East
row14col6 East
row14col7 North
row14col8 South
row14col9 East
row14col10 East
row14col11 North
row14col12 South
row14col13 West
row14col14 West
row14col15 West
row14col16 West
row14col17 West
row14col18 East
row14col19 East
row14col20 South
row14col21 West
row14col22 North
row15col1 South
row15col2 South
row15col3 North
row15col4 South
row15col5 East
row15col6 West
row15col7 East
row15col8 North
row15col9 North
row15col10 West
row15col11 South
row15col12 West
row15col13 North
row15col14 South
row15col15 South
row15col16 West
row15col17 South
row15col18 East
row15col19 North
row15col20 South
row15col21 East
row15col22 West
row16col2 West
row16col7 North
row16col15 South
row17col1 West
row17col2 North
row17col3 North
row17col4 North
row17col6 North
row17col7 North
row17col8 West
row17col9 West
row17col10 North
row17col11 West
row17col13 West
row17col14 South
row17col15 East
row17col16 East
row17col18 North
row17col19 South
row17col20 South
row17col21 North
row17col22 West
row18col1 North
row18col2 West
row18col3 East
row18col4 South
row18col6 East
row18col7 East
row18col8 South
row18col9 West
row18col10 South
row18col11 North
row18col13 East
row18col14 East
row18col15 North
row18col16 South
row18col17 West
row18col18 South
row18col19 South
row18col20 South
row18col21 South
row18col22 West
row19col1 West
row19col2 East
row19col3 North
row19col4 North
row19col6 South
row19col7 North
row19col8 West
row19col9 North
row19col10 East
row19col11 South
row19col13 South
row19col14 South
row19col15 South
row19col16 East
row19col18 North
row19col19 East
row19col20 North
row19col21 West
row19col22 South
