row1col1 East
row1col2 East
row1col3 North
row1col4 West
row1col5 West
