
row1col1
West 1.717e-05
East 0.9000139077
North 1.717e-05
South 1.717e-05

row1col2
West 0.81001251693
East 1.000015453
North 1.717e-05
South 1.717e-05

row1col3
West 1.717e-05
East 1.717e-05
North 1.717e-05
South 1.717e-05

row1col4
West 1.000015453
East 0.81001251693
North 1.717e-05
South 1.717e-05

row1col5
West 0.9000139077
East 1.717e-05
North 1.717e-05
South 1.717e-05
