
row1col1
West 0.0
East 1.85615983535e-06
North 0.0
South 0.0

row1col2
West 0.0
East 1.04065473684e-14
North 0.0
South 0.000169661741692

row1col3
West 0.0
East 1.97096144145e-21
North 0.0
South 2.80616203283e-05

row1col4
West 0.0
East 0.0
North 0.0
South 0.00223371856414

row1col5
West 0.0
East 0.0
North 0.0
South 0.00720079834165

row1col7
West 0.0
East 0.0
North 0.0
South 0.00279662907144

row1col8
West 0.0
East 0.0093118039136
North 0.0
South 0.0

row1col9
West 0.0
East 0.0
North 0.0
South 0.114177044167

row1col10
West 0.0
East 0.0
North 0.0
South 0.0216120759856

row1col11
West 0.00137709228116
East 0.0
North 0.0
South 0.0

row1col13
West 0.0
East 0.0
North 0.0
South 0.114952742773

row1col14
West 0.0
East 0.0
North 0.0
South 0.203937612536

row1col15
West 0.0
East 0.0
North 0.0
South 0.301662703906

row1col16
West 0.0
East 0.0
North 0.0
South 0.360336398323

row1col18
West 0.0
East 0.0
North 0.0
South 0.14244194599

row1col19
West 0.000989788525492
East 0.0
North 0.0
South 0.051491899879

row1col20
West 0.00261974310692
East 0.0
North 0.0
South 0.0

row1col21
West 0.0
East 0.0
North 0.0
South 0.00485204234935

row1col22
West 0.000150894328884
East 0.0
North 0.0
South 0.0

row2col1
West 0.0
East 0.000291050514552
North 0.0
South 0.0

row2col2
West 0.0
East 0.0
North 0.0
South 0.00340837536627

row2col3
West 0.0
East 0.00119675860678
North 0.0
South 0.0

row2col4
West 0.0
East 0.0
North 0.0
South 0.0398328536395

row2col5
West 0.0
East 0.0
North 0.0
South 0.0813913843943

row2col7
West 0.0
East 0.0
North 0.0
South 0.0265885753681

row2col8
West 0.0
East 0.0498399664772
North 0.0
South 0.0

row2col9
West 0.0
East 0.0
North 0.0
South 0.440088886021

row2col10
West 0.16071383427
East 0.0
North 0.0
South 0.0

row2col11
West 0.0186216051377
East 0.0
North 0.0
South 2.45850997987e-13

row2col13
West 0.0
East 0.0828493872593
North 0.00021283704465
South 0.632296060663

row2col14
West 0.0316720935652
East 0.833916616012
North 0.00483982899449
South 0.0439329439514

row2col15
West 0.0
East 0.0
North 0.0
South 0.0

row2col16
West 0.998180284684
East 0.0142544401809
North 0.00219854008465
South 0.0148708231317

row2col17
West 0.931683363726
East 0.0
North 0.0
South 0.0

row2col18
West 0.830927499069
East 0.0
North 0.0
South 0.0120372721248

row2col19
West 0.547731563173
East 0.0
North 0.0
South 9.55935544459e-06

row2col20
West 0.235742263604
East 0.0
North 0.0
South 0.0

row2col21
West 0.05557569961
East 0.0
North 0.0
South 0.0

row2col22
West 0.00506850075315
East 0.0
North 0.0
South 0.0

row3col1
West 0.0
East 0.000848991938898
North 0.0
South 0.0

row3col2
West 0.0
East 0.0202318072729
North 0.0
South 0.0

row3col3
West 0.0
East 0.0745106325279
North 0.0
South 0.0

row3col4
West 3.36703878776e-07
East 0.204968073887
North 0.0
South 5.28075603507e-06

row3col5
West 0.0
East 3.87457689328e-07
North 0.0
South 0.348509118354

row3col7
West 0.0
East 0.124791603797
North 0.0
South 3.9315940009e-07

row3col8
West 2.8742748688e-15
East 0.338678622869
North 0.0
South 0.0

row3col9
West 2.04437293436e-05
East 3.01730537997e-08
North 1.32386733774e-12
South 0.584381604584

row3col10
West 0.220488562553
East 0.0
North 0.0
South 0.0

row3col11
West 0.0179617879704
East 0.0
North 0.0
South 0.0

row3col13
West 0.400221290398
East 0.9025
North 0.125349597434
South 0.554110923297

row3col14
West 0.40085346523
East 0.95
North 0.321919813746
South 0.569490822857

row3col15
West 0.599576547329
East 0.207641082492
North 1.0
South 0.58325900309

row3col16
West 0.639385108814
East 0.0154861080173
North 0.008810953125
South 0.0

row3col18
West 0.0
East 4.49367326345e-05
North 0.45930034755
South 0.0

row3col19
West 0.155997421462
East 0.0
North 0.0
South 0.0

row3col20
West 0.023070934707
East 0.0
North 0.0
South 0.0

row3col21
West 0.00145074862864
East 0.0
North 0.0
South 0.0

row3col22
West 1.47923822111e-05
East 0.0
North 0.0
South 0.0

row4col5
West 0.00338624786634
East 0.00164482535975
North 0.000419505159736
South 0.45902444829

row4col9
West 0.0489561963136
East 0.0315323469715
North 0.0
South 0.628279551868

row4col13
West 0.571208584168
East 0.421361951102
North 0.857375
South 0.530037199716

row5col1
West 0.0
East 0.0
North 0.0
South 4.665724038e-06

row5col2
West 0.0
East 2.82701720998e-05
North 0.0
South 0.0

row5col3
West 0.0
East 0.0
North 0.0
South 0.000870741823109

row5col5
West 0.0128920536464
East 0.528920459139
North 0.00367981765364
South 1.47427607258e-12

row5col6
West 0.0456862952195
East 0.56880009227
North 0.0251957569206
South 0.097779719084

row5col7
West 0.0460232759436
East 0.598736939238
North 0.0509288202106
South 0.0130670675783

row5col8
West 0.0803453384104
East 0.630249409725
North 0.092149644989
South 0.00967383526481

row5col9
West 0.131978740346
East 0.663420431289
North 0.0967059494867
South 0.0426851731512

row5col10
West 0.282678653146
East 0.698337296094
North 0.234234898506
South 0.0727021872513

row5col11
West 0.339115094725
East 0.735091890625
North 0.234713378537
South 0.0903882517034

row5col12
West 0.298414134629
East 0.7737809375
North 0.23310026658
South 0.0700349209613

row5col13
West 0.471915075095
East 0.373842276737
North 0.81450625
South 0.126150747337

row5col14
West 0.7737809375
East 0.140410599279
North 0.266737081918
South 0.0377660390738

row5col15
West 0.735091890625
East 0.0995381835441
North 0.10612301399
South 0.0195993483238

row5col16
West 0.698337296088
East 0.114568015845
North 0.150453267124
South 0.00547836513827

row5col17
West 0.663420431196
East 0.00391042339294
North 0.0686314209723
South 0.105544498383

row5col18
West 0.246880265132
East 0.0
North 0.0
South 0.00101243038519

row5col20
West 0.0
East 0.0
North 0.0
South 0.0344594169091

row5col21
West 0.0
East 0.0
North 0.0
South 0.00626989863748

row5col22
West 0.0
East 0.0
North 0.0
South 0.00125453003624

row6col1
West 0.0
East 0.000269509517987
North 0.0
South 0.0

row6col2
West 0.0
East 0.0
North 0.0
South 0.00239717912322

row6col3
West 0.0
East 0.0
North 0.0
South 0.00990810940311

row6col5
West 0.0
East 0.182548655164
North 3.10373910017e-11
South 0.000409306464655

row6col6
West 0.00161148643937
East 0.0131754832907
North 0.540360087521
South 0.0164353799692

row6col7
West 1.25455529347e-10
East 0.0
North 0.282192160559
South 0.0

row6col8
West 0.0
East 0.00279509155963
North 0.246327851981
South 0.0

row6col9
West 0.0
East 0.243435930964
North 0.0
South 4.24070830061e-06

row6col10
West 0.00474472259298
East 0.000222809084409
North 0.662274990263
South 0.0491620674525

row6col11
West 0.0236901059123
East 0.00114910740404
North 0.424542527853
South 0.00517979868707

row6col12
West 0.000782606773877
East 0.0
North 0.427322143734
South 0.0

row6col13
West 0.000225811171038
East 0.0
North 0.530380387235
South 0.0

row6col14
West 0.0104905574228
East 0.0
North 0.359660594421
South 0.0

row6col15
West 0.00107557785879
East 0.00102992773408
North 0.334497327367
South 0.00367108856806

row6col16
West 0.00726331040822
East 0.00144895611121
North 0.266663798288
South 0.0045342832262

row6col17
West 0.0115945846466
East 0.0419309258696
North 0.630249408715
South 0.111135693316

row6col18
West 0.576185171297
East 0.000443601607827
North 2.46629758503e-05
South 0.000551296000903

row6col19
West 0.46519109155
East 2.10807860609e-05
North 0.0
South 0.0

row6col20
West 0.305238369853
East 0.000143739210666
North 1.4878857277e-05
South 0.0

row6col21
West 0.113475871777
East 0.0
North 0.0
South 0.0

row6col22
West 0.0169343833922
East 2.52826574363e-06
North 0.0
South 0.0

row7col1
West 0.0
East 0.0
North 1.49997401724e-05
South 0.0

row7col2
West 0.0
East 0.0176841724784
North 0.0
South 0.0

row7col3
West 0.0
East 0.0
North 0.0
South 0.0773804734082

row7col5
West 3.16508106758e-07
East 0.12112786861
North 2.06341756995e-05
South 0.0

row7col6
West 0.00174934240216
East 0.0197230009704
North 0.513342081448
South 0.0107280637025

row7col10
West 0.0132172719286
East 0.0
North 0.620797988029
South 0.000714195950684

row7col17
West 0.0288260720445
East 0.00617103760846
North 0.59873691965
South 0.0816997650714

row7col18
West 0.239277597669
East 5.57547708071e-06
North 0.0
South 0.000216398263042

row7col20
West 0.0
East 0.0
North 0.00583291671218
South 0.0

row7col21
West 0.0
East 0.0
North 0.0127466501319
South 0.0

row7col22
West 0.000366651360371
East 0.0
North 0.0
South 0.0

row8col1
West 0.0
East 5.39075818078e-05
North 0.0
South 0.0

row8col2
West 0.0
East 0.0159148098724
North 0.0
South 0.0

row8col3
West 0.0
East 0.194091876837
North 8.09981509509e-14
South 0.0

row8col4
West 0.0
East 0.327560427406
North 5.36904981195e-12
South 0.0

row8col5
West 4.96493362016e-07
East 0.433984597611
North 0.00014279094974
South 0.0

row8col6
West 0.000273435714391
East 4.09587386436e-05
North 0.487674963972
South 0.000804909381071

row8col8
West 0.0
East 0.0681931026275
North 0.0
South 0.0

row8col9
West 3.44076270623e-10
East 0.28830524404
North 0.0
South 0.0

row8col10
West 0.0
East 0.000368189996757
North 0.560480204911
South 1.28776741236e-05

row8col11
West 0.410095753068
East 0.0
North 3.83703954383e-06
South 0.0

row8col12
West 0.22033942858
East 0.0
North 0.0
South 0.0

row8col13
West 0.0764509951147
East 0.0
North 0.0
South 0.0

row8col14
West 0.0165499281952
East 0.0
North 0.0
South 0.0

row8col15
West 0.00242775527459
East 0.0
North 0.0
South 0.0

row8col17
West 0.0468847017141
East 0.000514603537126
North 0.568799904825
South 0.0560341811518

row8col18
West 0.0
East 0.0
North 0.0308128266553
South 0.000343204288508

row9col5
West 1.08745114177e-08
East 0.0964411176596
North 0.0
South 1.62505589951e-08

row9col6
West 2.94420914911e-05
East 0.00531683888657
North 0.463291056571
South 0.000104543498175

row9col8
West 0.0
East 0.0
North 0.00795628726002
South 0.0

row9col9
West 0.0
East 0.00978486771646
North 0.0
South 0.0

row9col10
West 0.0
East 0.0
North 0.112776408311
South 0.0

row9col11
West 2.47507123917e-10
East 0.0
North 0.0563643166957
South 0.0

row9col12
West 0.0
East 0.0
North 0.0318642733156
South 0.0

row9col13
West 0.00357318147
East 0.0
North 0.0
South 0.0

row9col14
West 0.0
East 0.0
North 0.000253584892095
South 0.0

row9col15
West 0.0
East 0.0
North 0.000158144351704
South 0.0

row9col17
West 0.00661893285905
East 0.00071957033606
North 0.540358825937
South 0.0195333986233

row9col18
West 0.108238964214
East 5.71783850346e-06
North 0.0
South 0.0

row9col20
West 0.0
East 9.4089608226e-07
North 0.0
South 0.0

row9col21
West 0.0
East 0.0
North 0.0
South 0.000102355158077

row9col22
West 6.31176505202e-06
East 0.0
North 0.0
South 0.0

row10col1
West 0.0
East 0.0
North 0.0
South 0.000165251380512

row10col2
West 0.0
East 0.00183316188713
North 0.0
South 0.0

row10col3
West 0.0
East 3.40154466974e-10
North 0.0
South 0.0251474709751

row10col5
West 0.0
East 0.0711373180847
North 2.41686758776e-17
South 2.72474551801e-08

row10col6
West 1.76948766473e-07
East 0.000819960885894
North 0.440125414363
South 6.65375835529e-05

row10col17
West 0.00422928889608
East 1.61464169187e-16
North 0.513335204818
South 5.41417956968e-05

row10col18
West 0.0713140913363
East 0.0
North 0.0
South 0.0

row10col20
West 0.0
East 3.836744026e-05
North 0.0
South 0.0

row10col21
West 0.0
East 0.0
North 0.0
South 0.000836539273506

row10col22
West 2.1908844753e-06
East 0.0
North 0.0
South 0.0

row11col1
West 0.0
East 0.00384696233741
North 0.0
South 0.0

row11col2
West 0.0
East 0.0354372592167
North 0.0
South 0.0

row11col3
West 0.0
East 0.129135675847
North 0.0
South 0.0

row11col4
West 0.0
East 0.247588049874
North 0.0
South 0.0

row11col5
West 8.08359101774e-11
East 0.356236171469
North 3.16885900404e-08
South 1.02189445588e-06

row11col6
West 0.000123996705913
East 4.26042968911e-05
North 0.418113866467
South 0.000212416552477

row11col8
West 0.0
East 0.0
North 0.0
South 6.78731283316e-06

row11col9
West 0.0
East 0.0
North 0.0
South 0.000225658399154

row11col10
West 1.82115967388e-06
East 0.0
North 0.0
South 0.0

row11col12
West 0.0
East 4.46648070166e-05
North 0.0
South 0.0

row11col13
West 0.0
East 0.0014594804288
North 0.0
South 0.0

row11col14
West 0.0
East 0.0187702046861
North 0.0
South 0.0

row11col15
West 0.0
East 0.0
North 8.63012552932e-19
South 0.0808525054304

row11col17
West 0.00119282238462
East 5.95022440647e-06
North 0.487646370629
South 0.00752999715578

row11col18
West 0.0360391040104
East 0.0
North 0.0
South 1.91230309723e-07

row11col20
West 0.0
East 0.00017250546365
North 0.0
South 0.0

row11col21
West 0.0
East 1.53586863539e-17
North 0.0
South 0.00403080173469

row11col22
West 5.08618312482e-05
East 0.0
North 0.0
South 0.0

row12col1
West 0.0
East 0.0
North 3.15329154954e-06
South 0.0

row12col2
West 0.0
East 0.0
North 0.00178753797732
South 0.0

row12col3
West 0.0
East 0.0
North 0.00175983120998
South 0.0

row12col5
West 0.0
East 0.0899151542104
North 2.10540371431e-07
South 0.0

row12col6
West 1.57619009974e-05
East 0.0010577009493
North 0.397169966121
South 6.59322945167e-05

row12col8
West 0.0
East 0.000377568026034
North 0.0
South 0.0

row12col9
West 0.0
East 0.0
North 0.0
South 0.00492135188947

row12col10
West 0.000459079998333
East 0.0
North 0.0
South 0.0

row12col12
West 0.0
East 6.24430123727e-05
North 0.0
South 0.0

row12col13
West 0.0
East 0.00210454410558
North 0.0
South 0.0

row12col14
West 0.0
East 0.0258811953682
North 0.0
South 0.0

row12col15
West 0.0
East 0.211191793046
North 0.0
South 0.0

row12col16
West 0.0
East 0.360779666912
North 0.0
South 0.0

row12col17
West 0.000706753281135
East 0.000172110058163
North 0.463192124543
South 0.00284694788101

row12col18
West 0.0394354542361
East 0.0
North 0.0
South 0.0

row12col20
West 0.0
East 0.000470543831045
North 0.0
South 0.0

row12col21
West 0.0
East 0.0
North 1.41986654782e-17
South 0.0140486985152

row12col22
West 0.000311183105927
East 0.0
North 0.0
South 0.0

row13col5
West 2.56744389032e-08
East 0.350248884412
North 2.94775983895e-12
South 0.0

row13col6
West 1.40134407664e-13
East 8.89692291956e-05
North 0.377151304595
South 8.96734452633e-05

row13col9
West 0.0
East 0.0
North 0.0
South 0.020766739468

row13col17
West 0.0142848477861
East 0.00400777254294
North 0.439695067685
South 0.00517520749271

row13col18
West 0.405284144396
East 5.5426849285e-06
North 2.99995015108e-05
South 0.0012544416219

row13col21
West 1.64504203068e-20
East 0.0
North 4.6986074833e-13
South 0.045323361778

row14col1
West 0.0
East 0.0023991456933
North 0.0
South 0.0

row14col2
West 0.0
East 0.102730779433
North 0.0
South 0.0

row14col3
West 0.0
East 0.169849435026
North 0.0
South 1.07306115403e-08

row14col4
West 0.0
East 0.247451676598
North 7.00399957515e-09
South 0.0

row14col5
West 2.60803335005e-10
East 1.06856912295e-06
North 0.307875811147
South 2.51618109072e-11

row14col6
West 2.17706692424e-06
East 3.74680780201e-08
North 0.355423026964
South 1.31980756078e-05

row14col7
West 0.279396953872
East 8.19288920122e-15
North 3.25331752183e-08
South 1.7169745106e-08

row14col8
West 0.176460524034
East 0.0
North 0.0
South 0.0

row14col9
West 0.0740691396422
East 0.0
North 1.46864082139e-13
South 0.0

row14col10
West 0.00649563658169
East 0.0
North 0.0
South 0.0

row14col11
West 4.90621050611e-05
East 0.0
North 0.0
South 0.0

row14col12
West 3.83349496457e-35
East 5.16895346717e-05
North 0.0
South 0.0

row14col13
West 0.0
East 0.00171942433047
North 0.0
South 0.0

row14col14
West 0.0
East 0.0154615410273
North 0.0
South 0.0

row14col15
West 3.19537034261e-10
East 0.080992537071
North 0.0
South 0.0

row14col16
West 0.0
East 0.226331580919
North 0.0
South 0.0

row14col17
West 7.37946759761e-06
East 3.00460550444e-06
North 0.41425224751
South 0.00218613430776

row14col18
West 0.000386159649345
East 9.82294839579e-06
North 0.349918185647
South 0.0

row14col19
West 0.273860760068
East 0.0
North 1.53495168059e-16
South 4.38567390586e-23

row14col20
West 0.182024050257
East 0.0
North 1.13950132446e-08
South 3.68837523526e-12

row14col21
West 0.100172101255
East 0.0
North 0.0
South 0.0

row14col22
West 0.00581750217355
East 0.0
North 0.0
South 0.0

row15col1
West 0.0
East 0.00798156218162
North 0.0
South 0.0

row15col2
West 0.0
East 7.70900511601e-23
North 0.0529545316193
South 0.0

row15col3
West 0.0
East 1.77868937824e-10
North 2.25907340418e-07
South 0.0

row15col4
West 0.0
East 0.00258429666749
North 0.0
South 0.0

row15col5
West 0.0
East 0.0469321345344
North 1.64840171406e-06
South 0.0

row15col6
West 3.12518071554e-16
East 9.42118541825e-17
North 0.313203753535
South 9.96668196252e-06

row15col7
West 0.243226529489
East 3.41601960202e-11
North 0.0
South 2.05039676829e-16

row15col8
West 0.0
East 0.0
North 0.0373529927862
South 0.0

row15col9
West 0.00340882373156
East 0.0
North 0.0
South 0.0

row15col10
West 0.000130880016658
East 0.0
North 0.0
South 0.0

row15col11
West 0.0
East 2.79060716449e-05
North 0.0
South 0.0

row15col12
West 0.0
East 0.000892827052018
North 0.0
South 0.0

row15col13
West 0.0
East 0.00948165925548
North 1.167997576e-12
South 0.0

row15col14
West 0.0
East 0.0611128549384
North 0.0
South 0.0

row15col15
West 9.77403681626e-11
East 0.267358949205
North 1.05543720103e-08
South 1.1333479018e-12

row15col16
West 1.08955379035e-06
East 0.330588298894
North 1.88845994477e-07
South 1.14134881668e-06

row15col17
West 1.21859285841e-21
East 1.52462494251e-10
North 0.379999280074
South 1.57207406749e-06

row15col18
West 0.0657350565497
East 0.0
North 0.0
South 0.0

row15col19
West 1.47278656054e-24
East 0.0
North 0.00712840413328
South 0.0

row15col20
West 0.0
East 0.0
North 0.0185346640322
South 0.0

row15col21
West 0.000998486611305
East 0.0
North 0.0
South 0.0

row15col22
West 1.0137589463e-05
East 0.0
North 0.0
South 0.0

row16col2
West 0.0
East 0.0
North 0.0204002560752
South 0.0

row16col7
West 8.9392459243e-27
East 0.0
North 0.157416388174
South 0.0

row16col15
West 2.20002964776e-09
East 6.08092843652e-06
North 0.192176278858
South 1.22272790006e-06

row17col1
West 0.0
East 2.92217087228e-05
North 0.0
South 0.0

row17col2
West 0.0
East 0.0
North 0.00645557605307
South 0.0

row17col3
West 0.00131837836246
East 0.0
North 0.0
South 0.0

row17col4
West 5.67197016755e-05
East 0.0
North 0.0
South 0.0

row17col6
West 0.0
East 0.00268592369787
North 0.0
South 0.0

row17col7
West 4.02905761657e-20
East 0.0
North 0.0844550631269
South 0.0

row17col8
West 0.016620037652
East 0.0
North 0.0
South 0.0

row17col9
West 0.000895771315715
East 0.0
North 0.0
South 0.0

row17col10
West 3.06177974121e-05
East 0.0
North 0.0
South 0.0

row17col11
West 3.52380340429e-11
East 0.0
North 0.0
South 0.0

row17col13
West 0.0
East 0.000601383712697
North 0.0
South 0.0

row17col14
West 0.0
East 0.0278279131789
North 0.0
South 0.0

row17col15
West 0.0
East 0.0
North 0.120690689505
South 1.93422128073e-11

row17col16
West 0.0
East 0.0
North 0.0
South 0.00011698599371

row17col18
West 0.0
East 0.0
North 0.0
South 5.77085655481e-05

row17col19
West 0.0
East 0.0
North 0.0
South 4.16078945213e-07

row17col20
West 0.0
East 0.0
North 0.0
South 4.36477064322e-07

row17col21
West 0.0
East 0.0
North 0.0
South 5.69780865478e-08

row17col22
West 0.0
East 0.0
North 0.0
South 2.12929214337e-09

row18col1
West 0.0
East 2.38863723189e-05
North 0.0
South 0.0

row18col2
West 0.0
East 0.0
North 0.000532165158385
South 0.0

row18col3
West 0.0
East 0.0
North 0.000142867070413
South 0.0

row18col4
West 6.83234874833e-06
East 0.0
North 0.0
South 0.0

row18col6
West 0.0
East 0.000537199751295
North 0.0
South 0.0

row18col7
West 0.0
East 0.0
North 0.027466124963
South 0.0

row18col8
West 0.00825342907241
East 0.0
North 0.0
South 0.0

row18col9
West 0.00155105470202
East 0.0
North 1.81857859715e-37
South 0.0

row18col10
West 0.000124287287264
East 0.0
North 0.0
South 0.0

row18col11
West 4.38007451973e-06
East 0.0
North 0.0
South 0.0

row18col13
West 0.0
East 0.00010377066785
North 0.0
South 0.0

row18col14
West 0.0
East 7.49746161545e-30
North 0.00197703090407
South 0.0

row18col15
West 0.0
East 0.0
North 0.0583808558331
South 7.85736988135e-16

row18col16
West 0.0210986763243
East 0.0
North 0.0
South 0.0

row18col17
West 0.00527561197895
East 0.0
North 0.0
South 3.16322566762e-12

row18col18
West 0.00130468064301
East 0.0
North 0.0
South 0.0

row18col19
West 0.000250457408062
East 0.0
North 0.0
South 0.0

row18col20
West 3.24849038646e-05
East 0.0
North 0.0
South 0.0

row18col21
West 2.90233035186e-06
East 0.0
North 0.0
South 0.0

row18col22
West 1.22117722668e-07
East 0.0
North 0.0
South 0.0

row19col1
West 0.0
East 0.0
North 1.19210236662e-06
South 0.0

row19col2
West 0.0
East 0.0
North 1.79309715774e-05
South 0.0

row19col3
West 0.0
East 0.0
North 3.12365974953e-06
South 0.0

row19col4
West 0.0
East 0.0
North 5.83068880282e-09
South 0.0

row19col6
West 0.0
East 0.0
North 2.67489367328e-05
South 0.0

row19col7
West 0.0
East 0.0
North 1.97346129188e-16
South 0.0

row19col8
West 0.0
East 0.0
North 0.000508305840921
South 0.0

row19col9
West 9.63818063498e-06
East 0.0
North 9.35214496529e-23
South 0.0

row19col10
West 1.143219517e-26
East 0.0
North 8.03255238906e-06
South 0.0

row19col11
West 2.24519815875e-07
East 0.0
North 0.0
South 0.0

row19col13
West 0.0
East 0.0
North 3.92444691524e-06
South 0.0

row19col14
West 0.0
East 0.000177921587423
North 0.0
South 0.0

row19col15
West 0.0
East 8.56353149218e-18
North 0.00573145631352
South 0.0

row19col16
West 5.78634579895e-28
East 0.0
North 0.00141078949901
South 0.0

row19col18
West 0.0
East 0.0
North 1.54088640977e-05
South 0.0

row19col19
West 0.0
East 0.0
North 2.92669851213e-07
South 0.0

row19col20
West 0.0
East 0.0
North 7.89783240136e-08
South 0.0

row19col21
West 3.32162852961e-09
East 0.0
North 0.0
South 0.0

row19col22
West 3.84008033619e-11
East 0.0
North 0.0
South 0.0
