row1col1 South
row1col2 East
row1col3 West
row1col4 South
row1col5 North
row1col7 South
row1col8 West
row1col9 South
row1col10 West
row1col11 East
row1col13 South
row1col14 West
row1col15 North
row1col16 North
row1col18 North
row1col19 West
row1col20 East
row1col21 West
row1col22 North
row2col1 South
row2col2 East
row2col3 West
row2col4 West
row2col5 West
row2col7 West
row2col8 East
row2col9 North
row2col10 South
row2col11 North
row2col13 South
row2col14 West
row2col15 North
row2col16 North
row2col17 North
row2col18 East
row2col19 West
row2col20 East
row2col21 East
row2col22 South
row3col1 East
row3col2 East
row3col3 East
row3col4 North
row3col5 North
row3col7 North
row3col8 South
row3col9 North
row3col10 West
row3col11 North
row3col13 South
row3col14 South
row3col15 North
row3col16 West
row3col18 West
row3col19 South
row3col20 North
row3col21 North
row3col22 West
row4col5 North
row4col9 South
row4col13 East
row5col1 East
row5col2 South
row5col3 West
row5col5 East
row5col6 East
row5col7 East
row5col8 South
row5col9 South
row5col10 West
row5col11 West
row5col12 South
row5col13 West
row5col14 South
row5col15 North
row5col16 South
row5col17 North
row5col18 East
row5col20 South
row5col21 North
row5col22 West
row6col1 North
row6col2 North
row6col3 West
row6col5 West
row6col6 East
row6col7 East
row6col8 East
row6col9 East
row6col10 West
row6col11 North
row6col12 South
row6col13 North
row6col14 South
row6col15 East
row6col16 South
row6col17 South
row6col18 North
row6col19 East
row6col20 East
row6col21 West
row6col22 East
row7col1 West
row7col2 North
row7col3 West
row7col5 West
row7col6 North
row7col10 South
row7col17 East
row7col18 West
row7col20 South
row7col21 North
row7col22 West
row8col1 West
row8col2 South
row8col3 North
row8col4 South
row8col5 East
row8col6 North
row8col8 North
row8col9 North
row8col10 North
row8col11 West
row8col12 North
row8col13 East
row8col14 West
row8col15 West
row8col17 North
row8col18 East
row9col5 East
row9col6 North
row9col8 South
row9col9 North
row9col10 South
row9col11 East
row9col12 North
row9col13 West
row9col14 West
row9col15 East
row9col17 South
row9col18 North
row9col20 South
row9col21 South
row9col22 North
row10col1 East
row10col2 West
row10col3 West
row10col5 East
row10col6 West
row10col17 West
row10col18 North
row10col20 West
row10col21 North
row10col22 East
row11col1 West
row11col2 North
row11col3 West
row11col4 North
row11col5 West
row11col6 North
row11col8 West
row11col9 South
row11col10 South
row11col12 North
row11col13 South
row11col14 West
row11col15 West
row11col17 North
row11col18 East
row11col20 East
row11col21 South
row11col22 West
row12col1 North
row12col2 West
row12col3 West
row12col5 West
row12col6 East
row12col8 West
row12col9 South
row12col10 West
row12col12 South
row12col13 North
row12col14 West
row12col15 South
row12col16 East
row12col17 North
row12col18 West
row12col20 South
row12col21 South
row12col22 South
row13col5 West
row13col6 West
row13col9 East
row13col17 South
row13col18 North
row13col21 West
row14col1 South
row14col2 East
row14col3 East
row14col4 East
row14col5 South
row14col6 East
row14col7 South
row14col8 West
row14col9 East
row14col10 North
row14col11 West
row14col12 North
row14col13 South
row14col14 East
row14col15 South
row14col16 North
row14col17 North
row14col18 North
row14col19 North
row14col20 South
row14col21 West
row14col22 South
row15col1 North
row15col2 East
row15col3 South
row15col4 East
row15col5 South
row15col6 East
row15col7 West
row15col8 West
row15col9 South
row15col10 North
row15col11 South
row15col12 West
row15col13 North
row15col14 East
row15col15 West
row15col16 West
row15col17 East
row15col18 East
row15col19 West
row15col20 South
row15col21 North
row15col22 South
row16col2 West
row16col7 East
row16col15 East
row17col1 South
row17col2 West
row17col3 North
row17col4 North
row17col6 East
row17col7 North
row17col8 North
row17col9 East
row17col10 North
row17col11 North
row17col13 South
row17col14 West
row17col15 South
row17col16 East
row17col18 West
row17col19 East
row17col20 North
row17col21 South
row17col22 East
row18col1 South
row18col2 North
row18col3 East
row18col4 South
row18col6 South
row18col7 East
row18col8 South
row18col9 West
row18col10 West
row18col11 West
row18col13 North
row18col14 South
row18col15 East
row18col16 North
row18col17 East
row18col18 North
row18col19 South
row18col20 West
row18col21 East
row18col22 South
row19col1 North
row19col2 East
row19col3 West
row19col4 South
row19col6 South
row19col7 South
row19col8 South
row19col9 North
row19col10 East
row19col11 South
row19col13 North
row19col14 North
row19col15 West
row19col16 East
row19col18 East
row19col19 South
row19col20 North
row19col21 South
row19col22 South
