row1col1 West
row1col2 East
row1col3 South
row1col4 West
row1col5 North
row1col7 North
row1col8 East
row1col9 South
row1col10 East
row1col11 South
row1col13 North
row1col14 East
row1col15 West
row1col16 South
row1col18 East
row1col19 West
row1col20 South
row1col21 East
row1col22 East
row2col1 East
row2col2 South
row2col3 East
row2col4 West
row2col5 South
row2col7 South
row2col8 South
row2col9 East
row2col10 East
row2col11 North
row2col13 North
row2col14 West
row2col15 North
row2col16 East
row2col17 East
row2col18 East
row2col19 West
row2col20 West
row2col21 East
row2col22 West
row3col1 South
row3col2 West
row3col3 South
row3col4 West
row3col5 East
row3col7 North
row3col8 South
row3col9 South
row3col10 East
row3col11 North
row3col13 East
row3col14 West
row3col15 West
row3col16 West
row3col18 East
row3col19 North
row3col20 East
row3col21 West
row3col22 North
row4col5 North
row4col9 North
row4col13 South
row5col1 East
row5col2 South
row5col3 South
row5col5 West
row5col6 North
row5col7 North
row5col8 North
row5col9 South
row5col10 West
row5col11 East
row5col12 North
row5col13 East
row5col14 South
row5col15 South
row5col16 North
row5col17 East
row5col18 North
row5col20 East
row5col21 East
row5col22 North
row6col1 West
row6col2 South
row6col3 East
row6col5 North
row6col6 West
row6col7 West
row6col8 East
row6col9 East
row6col10 West
row6col11 West
row6col12 North
row6col13 East
row6col14 North
row6col15 East
row6col16 East
row6col17 East
row6col18 East
row6col19 East
row6col20 North
row6col21 East
row6col22 West
row7col1 West
row7col2 South
row7col3 North
row7col5 North
row7col6 West
row7col10 South
row7col17 West
row7col18 South
row7col20 West
row7col21 North
row7col22 South
row8col1 East
row8col2 North
row8col3 West
row8col4 East
row8col5 North
row8col6 South
row8col8 North
row8col9 South
row8col10 South
row8col11 South
row8col12 West
row8col13 South
row8col14 North
row8col15 West
row8col17 West
row8col18 West
row9col5 North
row9col6 East
row9col8 North
row9col9 East
row9col10 West
row9col11 North
row9col12 West
row9col13 South
row9col14 North
row9col15 West
row9col17 East
row9col18 South
row9col20 West
row9col21 South
row9col22 North
row10col1 East
row10col2 South
row10col3 West
row10col5 East
row10col6 North
row10col17 North
row10col18 West
row10col20 West
row10col21 North
row10col22 South
row11col1 North
row11col2 East
row11col3 East
row11col4 East
row11col5 West
row11col6 West
row11col8 East
row11col9 West
row11col10 West
row11col12 North
row11col13 North
row11col14 East
row11col15 South
row11col17 North
row11col18 South
row11col20 West
row11col21 East
row11col22 East
row12col1 West
row12col2 South
row12col3 North
row12col5 East
row12col6 East
row12col8 South
row12col9 East
row12col10 North
row12col12 South
row12col13 East
row12col14 North
row12col15 North
row12col16 East
row12col17 West
row12col18 East
row12col20 East
row12col21 North
row12col22 North
row13col5 East
row13col6 South
row13col9 South
row13col17 North
row13col18 South
row13col21 East
row14col1 North
row14col2 North
row14col3 South
row14col4 West
row14col5 West
row14col6 North
row14col7 South
row14col8 West
row14col9 East
row14col10 South
row14col11 East
row14col12 South
row14col13 West
row14col14 South
row14col15 East
row14col16 East
row14col17 South
row14col18 West
row14col19 West
row14col20 South
row14col21 West
row14col22 North
row15col1 West
row15col2 East
row15col3 East
row15col4 South
row15col5 West
row15col6 West
row15col7 North
row15col8 North
row15col9 South
row15col10 West
row15col11 North
row15col12 South
row15col13 East
row15col14 North
row15col15 East
row15col16 North
row15col17 South
row15col18 South
row15col19 North
row15col20 West
row15col21 East
row15col22 North
row16col2 East
row16col7 North
row16col15 East
row17col1 West
row17col2 South
row17col3 East
row17col4 South
row17col6 North
row17col7 West
row17col8 West
row17col9 West
row17col10 South
row17col11 North
row17col13 East
row17col14 West
row17col15 North
row17col16 East
row17col18 East
row17col19 South
row17col20 East
row17col21 East
row17col22 East
row18col1 North
row18col2 West
row18col3 South
row18col4 South
row18col6 West
row18col7 West
row18col8 North
row18col9 East
row18col10 West
row18col11 North
row18col13 East
row18col14 South
row18col15 East
row18col16 East
row18col17 East
row18col18 East
row18col19 West
row18col20 North
row18col21 South
row18col22 North
row19col1 North
row19col2 North
row19col3 West
row19col4 East
row19col6 South
row19col7 South
row19col8 South
row19col9 North
row19col10 North
row19col11 West
row19col13 South
row19col14 South
row19col15 West
row19col16 North
row19col18 East
row19col19 West
row19col20 West
row19col21 South
row19col22 South
