
row1col1
West 0.0
East 0.0
North 0.0
South 0.0

row1col2
West 0.0
East 0.0
North 0.0
South 0.0

row1col3
West 0.0
East 0.0
North 0.0
South 0.0

row1col4
West 0.0
East 0.0
North 0.0
South 0.0

row1col5
West 0.0
East 0.0
North 0.0
South 0.0

row1col7
West 0.0
East 0.0
North 0.0
South 0.0

row1col8
West 0.0
East 0.0
North 0.0
South 0.0

row1col9
West 0.0
East 0.0
North 0.0
South 0.0

row1col10
West 0.0
East 0.0
North 0.0
South 0.0

row1col11
West 0.0
East 0.0
North 0.0
South 0.0

row1col13
West 0.0
East 0.0
North 0.0
South 0.0

row1col14
West 0.0
East 0.0
North 0.0
South 0.0

row1col15
West 0.0
East 0.0
North 0.0
South 0.0

row1col16
West 0.0
East 0.0
North 0.0
South 0.0

row1col18
West 0.0
East 0.0
North 0.0
South 0.0

row1col19
West 0.0
East 0.0
North 0.0
South 0.0

row1col20
West 0.0
East 0.0
North 0.0
South 0.0

row1col21
West 0.0
East 0.0
North 0.0
South 0.0

row1col22
West 0.0
East 0.0
North 0.0
South 0.0

row2col1
West 0.0
East 0.0
North 0.0
South 0.0

row2col2
West 0.0
East 0.0
North 0.0
South 0.0

row2col3
West 0.0
East 0.0
North 0.0
South 0.0

row2col4
West 0.0
East 0.0
North 0.0
South 0.0

row2col5
West 0.0
East 0.0
North 0.0
South 0.0

row2col7
West 0.0
East 0.0
North 0.0
South 0.0

row2col8
West 0.0
East 0.0
North 0.0
South 0.0

row2col9
West 0.0
East 0.0
North 0.0
South 0.0

row2col10
West 0.0
East 0.0
North 0.0
South 0.0

row2col11
West 0.0
East 0.0
North 0.0
South 0.0

row2col13
West 0.0
East 0.0
North 0.0
South 0.0

row2col14
West 0.0
East 0.0
North 0.0
South 0.0

row2col15
West 0.0
East 0.0
North 0.0
South 0.0

row2col16
West 0.0
East 0.0
North 0.0
South 0.0

row2col17
West 0.0
East 0.0
North 0.0
South 0.0

row2col18
West 0.0
East 0.0
North 0.0
South 0.0

row2col19
West 0.0
East 0.0
North 0.0
South 0.0

row2col20
West 0.0
East 0.0
North 0.0
South 0.0

row2col21
West 0.0
East 0.0
North 0.0
South 0.0

row2col22
West 0.0
East 0.0
North 0.0
South 0.0

row3col1
West 0.0
East 0.0
North 0.0
South 0.0

row3col2
West 0.0
East 0.0
North 0.0
South 0.0

row3col3
West 0.0
East 0.0
North 0.0
South 0.0

row3col4
West 0.0
East 0.0
North 0.0
South 0.0

row3col5
West 0.0
East 0.0
North 0.0
South 0.0

row3col7
West 0.0
East 0.0
North 0.0
South 0.0

row3col8
West 0.0
East 0.0
North 0.0
South 0.0

row3col9
West 0.0
East 0.0
North 0.0
South 0.0

row3col10
West 0.0
East 0.0
North 0.0
South 0.0

row3col11
West 0.0
East 0.0
North 0.0
South 0.0

row3col13
West 0.0
East 0.0
North 0.0
South 0.0

row3col14
West 0.0
East 0.0
North 0.0
South 0.0

row3col15
West 0.0
East 0.0
North 0.0
South 0.0

row3col16
West 0.0
East 0.0
North 0.0
South 0.0

row3col18
West 0.0
East 0.0
North 0.0
South 0.0

row3col19
West 0.0
East 0.0
North 0.0
South 0.0

row3col20
West 0.0
East 0.0
North 0.0
South 0.0

row3col21
West 0.0
East 0.0
North 0.0
South 0.0

row3col22
West 0.0
East 0.0
North 0.0
South 0.0

row4col5
West 0.0
East 0.0
North 0.0
South 0.0

row4col9
West 0.0
East 0.0
North 0.0
South 0.0

row4col13
West 0.0
East 0.0
North 0.0
South 0.0

row5col1
West 0.0
East 0.0
North 0.0
South 0.0

row5col2
West 0.0
East 0.0
North 0.0
South 0.0

row5col3
West 0.0
East 0.0
North 0.0
South 0.0

row5col5
West 0.0
East 0.0
North 0.0
South 0.0

row5col6
West 0.0
East 0.0
North 0.0
South 0.0

row5col7
West 0.0
East 0.0
North 0.0
South 0.0

row5col8
West 0.0
East 0.0
North 0.0
South 0.0

row5col9
West 0.0
East 0.0
North 0.0
South 0.0

row5col10
West 0.0
East 0.0
North 0.0
South 0.0

row5col11
West 0.0
East 0.0
North 0.0
South 0.0

row5col12
West 0.0
East 0.0
North 0.0
South 0.0

row5col13
West 0.0
East 0.0
North 0.0
South 0.0

row5col14
West 0.0
East 0.0
North 0.0
South 0.0

row5col15
West 0.0
East 0.0
North 0.0
South 0.0

row5col16
West 0.0
East 0.0
North 0.0
South 0.0

row5col17
West 0.0
East 0.0
North 0.0
South 0.0

row5col18
West 0.0
East 0.0
North 0.0
South 0.0

row5col20
West 0.0
East 0.0
North 0.0
South 0.0

row5col21
West 0.0
East 0.0
North 0.0
South 0.0

row5col22
West 0.0
East 0.0
North 0.0
South 0.0

row6col1
West 0.0
East 0.0
North 0.0
South 0.0

row6col2
West 0.0
East 0.0
North 0.0
South 0.0

row6col3
West 0.0
East 0.0
North 0.0
South 0.0

row6col5
West 0.0
East 0.0
North 0.0
South 0.0

row6col6
West 0.0
East 0.0
North 0.0
South 0.0

row6col7
West 0.0
East 0.0
North 0.0
South 0.0

row6col8
West 0.0
East 0.0
North 0.0
South 0.0

row6col9
West 0.0
East 0.0
North 0.0
South 0.0

row6col10
West 0.0
East 0.0
North 0.0
South 0.0

row6col11
West 0.0
East 0.0
North 0.0
South 0.0

row6col12
West 0.0
East 0.0
North 0.0
South 0.0

row6col13
West 0.0
East 0.0
North 0.0
South 0.0

row6col14
West 0.0
East 0.0
North 0.0
South 0.0

row6col15
West 0.0
East 0.0
North 0.0
South 0.0

row6col16
West 0.0
East 0.0
North 0.0
South 0.0

row6col17
West 0.0
East 0.0
North 0.0
South 0.0

row6col18
West 0.0
East 0.0
North 0.0
South 0.0

row6col19
West 0.0
East 0.0
North 0.0
South 0.0

row6col20
West 0.0
East 0.0
North 0.0
South 0.0

row6col21
West 0.0
East 0.0
North 0.0
South 0.0

row6col22
West 0.0
East 0.0
North 0.0
South 0.0

row7col1
West 0.0
East 0.0
North 0.0
South 0.0

row7col2
West 0.0
East 0.0
North 0.0
South 0.0

row7col3
West 0.0
East 0.0
North 0.0
South 0.0

row7col5
West 0.0
East 0.0
North 0.0
South 0.0

row7col6
West 0.0
East 0.0
North 0.0
South 0.0

row7col10
West 0.0
East 0.0
North 0.0
South 0.0

row7col17
West 0.0
East 0.0
North 0.0
South 0.0

row7col18
West 0.0
East 0.0
North 0.0
South 0.0

row7col20
West 0.0
East 0.0
North 0.0
South 0.0

row7col21
West 0.0
East 0.0
North 0.0
South 0.0

row7col22
West 0.0
East 0.0
North 0.0
South 0.0

row8col1
West 0.0
East 0.0
North 0.0
South 0.0

row8col2
West 0.0
East 0.0
North 0.0
South 0.0

row8col3
West 0.0
East 0.0
North 0.0
South 0.0

row8col4
West 0.0
East 0.0
North 0.0
South 0.0

row8col5
West 0.0
East 0.0
North 0.0
South 0.0

row8col6
West 0.0
East 0.0
North 0.0
South 0.0

row8col8
West 0.0
East 0.0
North 0.0
South 0.0

row8col9
West 0.0
East 0.0
North 0.0
South 0.0

row8col10
West 0.0
East 0.0
North 0.0
South 0.0

row8col11
West 0.0
East 0.0
North 0.0
South 0.0

row8col12
West 0.0
East 0.0
North 0.0
South 0.0

row8col13
West 0.0
East 0.0
North 0.0
South 0.0

row8col14
West 0.0
East 0.0
North 0.0
South 0.0

row8col15
West 0.0
East 0.0
North 0.0
South 0.0

row8col17
West 0.0
East 0.0
North 0.0
South 0.0

row8col18
West 0.0
East 0.0
North 0.0
South 0.0

row9col5
West 0.0
East 0.0
North 0.0
South 0.0

row9col6
West 0.0
East 0.0
North 0.0
South 0.0

row9col8
West 0.0
East 0.0
North 0.0
South 0.0

row9col9
West 0.0
East 0.0
North 0.0
South 0.0

row9col10
West 0.0
East 0.0
North 0.0
South 0.0

row9col11
West 0.0
East 0.0
North 0.0
South 0.0

row9col12
West 0.0
East 0.0
North 0.0
South 0.0

row9col13
West 0.0
East 0.0
North 0.0
South 0.0

row9col14
West 0.0
East 0.0
North 0.0
South 0.0

row9col15
West 0.0
East 0.0
North 0.0
South 0.0

row9col17
West 0.0
East 0.0
North 0.0
South 0.0

row9col18
West 0.0
East 0.0
North 0.0
South 0.0

row9col20
West 0.0
East 0.0
North 0.0
South 0.0

row9col21
West 0.0
East 0.0
North 0.0
South 0.0

row9col22
West 0.0
East 0.0
North 0.0
South 0.0

row10col1
West 0.0
East 0.0
North 0.0
South 0.0

row10col2
West 0.0
East 0.0
North 0.0
South 0.0

row10col3
West 0.0
East 0.0
North 0.0
South 0.0

row10col5
West 0.0
East 0.0
North 0.0
South 0.0

row10col6
West 0.0
East 0.0
North 0.0
South 0.0

row10col17
West 0.0
East 0.0
North 0.0
South 0.0

row10col18
West 0.0
East 0.0
North 0.0
South 0.0

row10col20
West 0.0
East 0.0
North 0.0
South 0.0

row10col21
West 0.0
East 0.0
North 0.0
South 0.0

row10col22
West 0.0
East 0.0
North 0.0
South 0.0

row11col1
West 0.0
East 0.0
North 0.0
South 0.0

row11col2
West 0.0
East 0.0
North 0.0
South 0.0

row11col3
West 0.0
East 0.0
North 0.0
South 0.0

row11col4
West 0.0
East 0.0
North 0.0
South 0.0

row11col5
West 0.0
East 0.0
North 0.0
South 0.0

row11col6
West 0.0
East 0.0
North 0.0
South 0.0

row11col8
West 0.0
East 0.0
North 0.0
South 0.0

row11col9
West 0.0
East 0.0
North 0.0
South 0.0

row11col10
West 0.0
East 0.0
North 0.0
South 0.0

row11col12
West 0.0
East 0.0
North 0.0
South 0.0

row11col13
West 0.0
East 0.0
North 0.0
South 0.0

row11col14
West 0.0
East 0.0
North 0.0
South 0.0

row11col15
West 0.0
East 0.0
North 0.0
South 0.0

row11col17
West 0.0
East 0.0
North 0.0
South 0.0

row11col18
West 0.0
East 0.0
North 0.0
South 0.0

row11col20
West 0.0
East 0.0
North 0.0
South 0.0

row11col21
West 0.0
East 0.0
North 0.0
South 0.0

row11col22
West 0.0
East 0.0
North 0.0
South 0.0

row12col1
West 0.0
East 0.0
North 0.0
South 0.0

row12col2
West 0.0
East 0.0
North 0.0
South 0.0

row12col3
West 0.0
East 0.0
North 0.0
South 0.0

row12col5
West 0.0
East 0.0
North 0.0
South 0.0

row12col6
West 0.0
East 0.0
North 0.0
South 0.0

row12col8
West 0.0
East 0.0
North 0.0
South 0.0

row12col9
West 0.0
East 0.0
North 0.0
South 0.0

row12col10
West 0.0
East 0.0
North 0.0
South 0.0

row12col12
West 0.0
East 0.0
North 0.0
South 0.0

row12col13
West 0.0
East 0.0
North 0.0
South 0.0

row12col14
West 0.0
East 0.0
North 0.0
South 0.0

row12col15
West 0.0
East 0.0
North 0.0
South 0.0

row12col16
West 0.0
East 0.0
North 0.0
South 0.0

row12col17
West 0.0
East 0.0
North 0.0
South 0.0

row12col18
West 0.0
East 0.0
North 0.0
South 0.0

row12col20
West 0.0
East 0.0
North 0.0
South 0.0

row12col21
West 0.0
East 0.0
North 0.0
South 0.0

row12col22
West 0.0
East 0.0
North 0.0
South 0.0

row13col5
West 0.0
East 0.0
North 0.0
South 0.0

row13col6
West 0.0
East 0.0
North 0.0
South 0.0

row13col9
West 0.0
East 0.0
North 0.0
South 0.0

row13col17
West 0.0
East 0.0
North 0.0
South 0.0

row13col18
West 0.0
East 0.0
North 0.0
South 0.0

row13col21
West 0.0
East 0.0
North 0.0
South 0.0

row14col1
West 0.0
East 0.0
North 0.0
South 0.0

row14col2
West 0.0
East 0.0
North 0.0
South 0.0

row14col3
West 0.0
East 0.0
North 0.0
South 0.0

row14col4
West 0.0
East 0.0
North 0.0
South 0.0

row14col5
West 0.0
East 0.0
North 0.0
South 0.0

row14col6
West 0.0
East 0.0
North 0.0
South 0.0

row14col7
West 0.0
East 0.0
North 0.0
South 0.0

row14col8
West 0.0
East 0.0
North 0.0
South 0.0

row14col9
West 0.0
East 0.0
North 0.0
South 0.0

row14col10
West 0.0
East 0.0
North 0.0
South 0.0

row14col11
West 0.0
East 0.0
North 0.0
South 0.0

row14col12
West 0.0
East 0.0
North 0.0
South 0.0

row14col13
West 0.0
East 0.0
North 0.0
South 0.0

row14col14
West 0.0
East 0.0
North 0.0
South 0.0

row14col15
West 0.0
East 0.0
North 0.0
South 0.0

row14col16
West 0.0
East 0.0
North 0.0
South 0.0

row14col17
West 0.0
East 0.0
North 0.0
South 0.0

row14col18
West 0.0
East 0.0
North 0.0
South 0.0

row14col19
West 0.0
East 0.0
North 0.0
South 0.0

row14col20
West 0.0
East 0.0
North 0.0
South 0.0

row14col21
West 0.0
East 0.0
North 0.0
South 0.0

row14col22
West 0.0
East 0.0
North 0.0
South 0.0

row15col1
West 0.0
East 0.0
North 0.0
South 0.0

row15col2
West 0.0
East 0.0
North 0.0
South 0.0

row15col3
West 0.0
East 0.0
North 0.0
South 0.0

row15col4
West 0.0
East 0.0
North 0.0
South 0.0

row15col5
West 0.0
East 0.0
North 0.0
South 0.0

row15col6
West 0.0
East 0.0
North 0.0
South 0.0

row15col7
West 0.0
East 0.0
North 0.0
South 0.0

row15col8
West 0.0
East 0.0
North 0.0
South 0.0

row15col9
West 0.0
East 0.0
North 0.0
South 0.0

row15col10
West 0.0
East 0.0
North 0.0
South 0.0

row15col11
West 0.0
East 0.0
North 0.0
South 0.0

row15col12
West 0.0
East 0.0
North 0.0
South 0.0

row15col13
West 0.0
East 0.0
North 0.0
South 0.0

row15col14
West 0.0
East 0.0
North 0.0
South 0.0

row15col15
West 0.0
East 0.0
North 0.0
South 0.0

row15col16
West 0.0
East 0.0
North 0.0
South 0.0

row15col17
West 0.0
East 0.0
North 0.0
South 0.0

row15col18
West 0.0
East 0.0
North 0.0
South 0.0

row15col19
West 0.0
East 0.0
North 0.0
South 0.0

row15col20
West 0.0
East 0.0
North 0.0
South 0.0

row15col21
West 0.0
East 0.0
North 0.0
South 0.0

row15col22
West 0.0
East 0.0
North 0.0
South 0.0

row16col2
West 0.0
East 0.0
North 0.0
South 0.0

row16col7
West 0.0
East 0.0
North 0.0
South 0.0

row16col15
West 0.0
East 0.0
North 0.0
South 0.0

row17col1
West 0.0
East 0.0
North 0.0
South 0.0

row17col2
West 0.0
East 0.0
North 0.0
South 0.0

row17col3
West 0.0
East 0.0
North 0.0
South 0.0

row17col4
West 0.0
East 0.0
North 0.0
South 0.0

row17col6
West 0.0
East 0.0
North 0.0
South 0.0

row17col7
West 0.0
East 0.0
North 0.0
South 0.0

row17col8
West 0.0
East 0.0
North 0.0
South 0.0

row17col9
West 0.0
East 0.0
North 0.0
South 0.0

row17col10
West 0.0
East 0.0
North 0.0
South 0.0

row17col11
West 0.0
East 0.0
North 0.0
South 0.0

row17col13
West 0.0
East 0.0
North 0.0
South 0.0

row17col14
West 0.0
East 0.0
North 0.0
South 0.0

row17col15
West 0.0
East 0.0
North 0.0
South 0.0

row17col16
West 0.0
East 0.0
North 0.0
South 0.0

row17col18
West 0.0
East 0.0
North 0.0
South 0.0

row17col19
West 0.0
East 0.0
North 0.0
South 0.0

row17col20
West 0.0
East 0.0
North 0.0
South 0.0

row17col21
West 0.0
East 0.0
North 0.0
South 0.0

row17col22
West 0.0
East 0.0
North 0.0
South 0.0

row18col1
West 0.0
East 0.0
North 0.0
South 0.0

row18col2
West 0.0
East 0.0
North 0.0
South 0.0

row18col3
West 0.0
East 0.0
North 0.0
South 0.0

row18col4
West 0.0
East 0.0
North 0.0
South 0.0

row18col6
West 0.0
East 0.0
North 0.0
South 0.0

row18col7
West 0.0
East 0.0
North 0.0
South 0.0

row18col8
West 0.0
East 0.0
North 0.0
South 0.0

row18col9
West 0.0
East 0.0
North 0.0
South 0.0

row18col10
West 0.0
East 0.0
North 0.0
South 0.0

row18col11
West 0.0
East 0.0
North 0.0
South 0.0

row18col13
West 0.0
East 0.0
North 0.0
South 0.0

row18col14
West 0.0
East 0.0
North 0.0
South 0.0

row18col15
West 0.0
East 0.0
North 0.0
South 0.0

row18col16
West 0.0
East 0.0
North 0.0
South 0.0

row18col17
West 0.0
East 0.0
North 0.0
South 0.0

row18col18
West 0.0
East 0.0
North 0.0
South 0.0

row18col19
West 0.0
East 0.0
North 0.0
South 0.0

row18col20
West 0.0
East 0.0
North 0.0
South 0.0

row18col21
West 0.0
East 0.0
North 0.0
South 0.0

row18col22
West 0.0
East 0.0
North 0.0
South 0.0

row19col1
West 0.0
East 0.0
North 0.0
South 0.0

row19col2
West 0.0
East 0.0
North 0.0
South 0.0

row19col3
West 0.0
East 0.0
North 0.0
South 0.0

row19col4
West 0.0
East 0.0
North 0.0
South 0.0

row19col6
West 0.0
East 0.0
North 0.0
South 0.0

row19col7
West 0.0
East 0.0
North 0.0
South 0.0

row19col8
West 0.0
East 0.0
North 0.0
South 0.0

row19col9
West 0.0
East 0.0
North 0.0
South 0.0

row19col10
West 0.0
East 0.0
North 0.0
South 0.0

row19col11
West 0.0
East 0.0
North 0.0
South 0.0

row19col13
West 0.0
East 0.0
North 0.0
South 0.0

row19col14
West 0.0
East 0.0
North 0.0
South 0.0

row19col15
West 0.0
East 0.0
North 0.0
South 0.0

row19col16
West 0.0
East 0.0
North 0.0
South 0.0

row19col18
West 0.0
East 0.0
North 0.0
South 0.0

row19col19
West 0.0
East 0.0
North 0.0
South 0.0

row19col20
West 0.0
East 0.0
North 0.0
South 0.0

row19col21
West 0.0
East 0.0
North 0.0
South 0.0

row19col22
West 0.0
East 0.0
North 0.0
South 0.0
