row1col1 East
row1col2 East
row1col3 East
row1col4 East
row1col5 East
row1col6 West
row1col7 West
row1col8 West
row1col9 West
row1col10 West
row1col11 West
