
row1col1
West 1.717e-05
East 0.656110138713
North 1.717e-05
South 1.717e-05

row1col2
West 0.590499124842
East 0.729011265237
North 1.717e-05
South 1.717e-05

row1col3
West 0.656110138713
East 0.81001251693
North 1.717e-05
South 1.717e-05

row1col4
West 0.729011265237
East 0.9000139077
North 1.717e-05
South 1.717e-05

row1col5
West 0.81001251693
East 1.000015453
North 1.717e-05
South 1.717e-05

row1col6
West 1.717e-05
East 1.717e-05
North 1.717e-05
South 1.717e-05

row1col7
West 1.000015453
East 0.81001251693
North 1.717e-05
South 1.717e-05

row1col8
West 0.9000139077
East 0.729011265237
North 1.717e-05
South 1.717e-05

row1col9
West 0.81001251693
East 0.656110138713
North 1.717e-05
South 1.717e-05

row1col10
West 0.729011265237
East 0.590499124842
North 1.717e-05
South 1.717e-05

row1col11
West 0.656110138713
East 1.717e-05
North 1.717e-05
South 1.717e-05
