alpha =            0.75
gamma =            0.9
epsilon =          0.0
epsilonIncrement = 9.9e-08
numberOfSteps =    10000000
