row1col1 East
row1col2 East
row1col3 East
row1col4 East
row1col5 East
row1col6 East
row1col7 East
row1col8 East
row1col9 East
row1col10 East
row1col11 East
row1col12 East
row1col13 East
row1col14 East
row1col15 East
row1col16 East
row1col17 East
row1col18 East
row1col19 East
row1col20 East
row1col21 East
row1col22 South
row2col22 South
row3col1 East
row3col2 East
row3col3 East
row3col4 East
row3col5 East
row3col6 East
row3col7 East
row3col8 East
row3col9 East
row3col10 East
row3col11 East
row3col12 East
row3col13 East
row3col14 East
row3col15 East
row3col16 East
row3col17 East
row3col18 East
row3col19 East
row3col20 South
row3col22 South
row4col1 North
row4col20 South
row4col22 South
row5col1 North
row5col3 East
row5col4 East
row5col5 East
row5col6 East
row5col7 East
row5col8 East
row5col9 East
row5col10 East
row5col11 East
row5col12 East
row5col13 East
row5col14 East
row5col15 East
row5col16 East
row5col17 East
row5col18 South
row5col20 South
row5col22 South
row6col1 North
row6col3 North
row6col18 South
row6col20 South
row6col22 South
row7col1 North
row7col3 North
row7col5 East
row7col6 East
row7col7 East
row7col8 East
row7col9 East
row7col10 East
row7col11 East
row7col12 East
row7col13 East
row7col14 East
row7col15 East
row7col16 South
row7col18 South
row7col20 South
row7col22 South
row8col1 North
row8col3 North
row8col5 North
row8col16 South
row8col18 South
row8col20 South
row8col22 South
row9col1 North
row9col3 North
row9col5 North
row9col7 East
row9col8 East
row9col9 East
row9col10 East
row9col11 East
row9col12 East
row9col13 East
row9col14 South
row9col16 South
row9col18 South
row9col20 South
row9col22 South
row10col1 North
row10col3 North
row10col5 North
row10col7 North
row10col14 South
row10col16 South
row10col18 South
row10col20 South
row10col22 South
row11col1 North
row11col3 North
row11col5 North
row11col7 North
row11col9 South
row11col10 East
row11col11 West
row11col12 West
row11col13 West
row11col14 West
row11col16 South
row11col18 South
row11col20 South
row11col22 South
row12col1 North
row12col3 North
row12col5 North
row12col7 North
row12col16 South
row12col18 South
row12col20 South
row12col22 South
row13col1 North
row13col3 North
row13col5 North
row13col7 North
row13col8 West
row13col9 West
row13col10 West
row13col11 West
row13col12 West
row13col13 West
row13col14 West
row13col15 West
row13col16 West
row13col18 South
row13col20 South
row13col22 South
row14col1 North
row14col3 North
row14col5 North
row14col18 South
row14col20 South
row14col22 South
row15col1 North
row15col3 North
row15col5 North
row15col6 West
row15col7 West
row15col8 West
row15col9 West
row15col10 West
row15col11 West
row15col12 West
row15col13 West
row15col14 West
row15col15 West
row15col16 West
row15col17 West
row15col18 West
row15col20 South
row15col22 South
row16col1 North
row16col3 North
row16col20 South
row16col22 South
row17col1 North
row17col3 North
row17col4 West
row17col5 West
row17col6 West
row17col7 West
row17col8 West
row17col9 West
row17col10 West
row17col11 West
row17col12 West
row17col13 West
row17col14 West
row17col15 West
row17col16 West
row17col17 West
row17col18 West
row17col19 West
row17col20 West
row17col22 South
row18col1 North
row18col22 South
row19col1 North
row19col2 West
row19col3 West
row19col4 West
row19col5 West
row19col6 West
row19col7 West
row19col8 West
row19col9 West
row19col10 West
row19col11 West
row19col12 West
row19col13 West
row19col14 West
row19col15 West
row19col16 West
row19col17 West
row19col18 West
row19col19 West
row19col20 West
row19col21 West
row19col22 West
