
row1col1
West 9.7762832481e-06
East 9.76019317862e-06
North 9.7762832481e-06
South 9.77745000824e-06

row1col2
West 9.76886698793e-06
East 9.7605711344e-06
North 9.7762832481e-06
South 9.7762832481e-06

row1col3
West 9.76189265799e-06
East 9.7742266202e-06
North 9.7762832481e-06
South 9.7762832481e-06

row1col4
West 9.78996421293e-06
East 9.78797431257e-06
North 9.80078521112e-06
South 9.80078521112e-06

row1col5
West 9.80414695031e-06
East 9.78477387417e-06
North 9.80078521112e-06
South 9.80078521112e-06

row1col6
West 9.78868230032e-06
East 9.79706496415e-06
North 9.7762832481e-06
South 9.77745000824e-06

row1col7
West 9.79601461473e-06
East 9.8087631786e-06
North 9.80078521112e-06
South 9.80195489548e-06

row1col8
West 9.80890760596e-06
East 9.81436870233e-06
North 9.82534858258e-06
South 9.82540442143e-06

row1col9
West 9.83676150053e-06
East 9.83870857212e-06
North 9.84997351637e-06
South 9.84997351637e-06

row1col10
West 9.82634675606e-06
East 9.82589230436e-06
North 9.8288135303e-06
South 9.82652119847e-06

row1col11
West 9.80691765481e-06
East 9.80849136689e-06
North 9.82534858258e-06
South 9.82534858258e-06

row1col12
West 9.79044264261e-06
East 9.80260216285e-06
North 9.80078521112e-06
South 9.80078521112e-06

row1col13
West 9.78513413885e-06
East 9.80237362031e-06
North 9.79305026815e-06
South 9.80236994529e-06

row1col14
West 9.78093975557e-06
East 9.80190168143e-06
North 9.80195489548e-06
South 9.80195489548e-06

row1col15
West 9.7803929283e-06
East 9.79972601421e-06
North 9.79300229428e-06
South 9.79144356314e-06

row1col16
West 9.78114983657e-06
East 9.78635844261e-06
North 9.80078521112e-06
South 9.8042030533e-06

row1col17
West 9.76661127337e-06
East 9.76694110076e-06
North 9.77850564837e-06
South 9.77739444823e-06

row1col18
West 9.75589650714e-06
East 9.77319252526e-06
North 9.76678071313e-06
South 9.77670721889e-06

row1col19
West 9.7757469093e-06
East 9.77746612344e-06
North 9.78052659638e-06
South 9.77963237704e-06

row1col20
West 9.78521951935e-06
East 9.76180115731e-06
North 9.77644729535e-06
South 9.77972824039e-06

row1col21
West 9.77379775589e-06
East 9.75305133424e-06
North 9.7540067342e-06
South 9.7552815655e-06

row1col22
West 9.747102584e-06
East 9.756123167e-06
North 9.75184517908e-06
South 9.7390315904e-06

row2col22
West 9.70430230759e-06
East 9.70656612818e-06
North 9.70351409067e-06
South 9.713143105e-06

row3col1
West 1.02524720281e-05
East 1.02507365241e-05
North 1.02524720281e-05
South 1.02728575179e-05

row3col2
West 1.02599253643e-05
East 1.02347362864e-05
North 1.02524720281e-05
South 1.02524720281e-05

row3col3
West 1.02386771512e-05
East 1.02189497921e-05
North 1.0226840848e-05
South 1.0226840848e-05

row3col4
West 1.02234566317e-05
East 1.02086417843e-05
North 1.0226840848e-05
South 1.0226840848e-05

row3col5
West 1.02115610727e-05
East 1.02135489872e-05
North 1.02012737459e-05
South 1.02012737459e-05

row3col6
West 1.02046637565e-05
East 1.02221794915e-05
North 1.0226840848e-05
South 1.02280613804e-05

row3col7
West 1.02012677743e-05
East 1.02024848743e-05
North 1.02024912269e-05
South 1.02024912269e-05

row3col8
West 1.01598546943e-05
East 1.0181435273e-05
North 1.01757705615e-05
South 1.01758283919e-05

row3col9
West 1.01405976586e-05
East 1.01605220138e-05
North 1.01515425364e-05
South 1.01503311351e-05

row3col10
West 1.01197402555e-05
East 1.01261953939e-05
North 1.01249553073e-05
South 1.01296219422e-05

row3col11
West 1.01333770006e-05
East 1.01229733668e-05
North 1.0140808419e-05
South 1.01250128488e-05

row3col12
West 1.01555407992e-05
East 1.01525092053e-05
North 1.01757705615e-05
South 1.01757705615e-05

row3col13
West 1.0189822458e-05
East 1.01669287452e-05
North 1.01769299223e-05
South 1.01859985409e-05

row3col14
West 1.01457210636e-05
East 1.01238750044e-05
North 1.01249553073e-05
South 1.012616368e-05

row3col15
West 1.01181076703e-05
East 1.01051912766e-05
North 1.01249553073e-05
South 1.01249553073e-05

row3col16
West 1.008420575e-05
East 1.00618216206e-05
North 1.00743938117e-05
South 1.00779465862e-05

row3col17
West 1.00478287236e-05
East 1.00328071932e-05
North 1.00492078272e-05
South 1.00492649383e-05

row3col18
West 1.00208820396e-05
East 1.00239905194e-05
North 9.99902459559e-06
South 1.00240848076e-05

row3col19
West 9.99935241791e-06
East 1.00107504284e-05
North 9.99902459559e-06
South 1.00013544566e-05

row3col20
West 9.98671004517e-06
East 1.0000217939e-05
North 1.00001611131e-05
South 1.00071163083e-05

row3col22
West 9.70314427629e-06
East 9.70314427629e-06
North 9.68505914168e-06
South 9.68902126921e-06

row4col1
West 1.02524720281e-05
East 1.02524720281e-05
North 1.02469262143e-05
South 1.02543652941e-05

row4col20
West 1.0000217939e-05
East 9.99902459559e-06
North 9.98291171418e-06
South 9.98752817692e-06

row4col22
West 9.65468919956e-06
East 9.65468919956e-06
North 9.65072678327e-06
South 9.65079322693e-06

row5col1
West 1.02524720281e-05
East 1.02524720281e-05
North 1.02332642038e-05
South 1.02444591345e-05

row5col3
West 1.01249553073e-05
East 1.0122143693e-05
North 1.01249553073e-05
South 1.01399547396e-05

row5col4
West 1.01434919489e-05
East 1.01364685939e-05
North 1.01503311351e-05
South 1.01503311351e-05

row5col5
West 1.0141493711e-05
East 1.01168710377e-05
North 1.01249553073e-05
South 1.01249553073e-05

row5col6
West 1.01280956235e-05
East 1.01114468298e-05
North 1.01249553073e-05
South 1.01249553073e-05

row5col7
West 1.01204768499e-05
East 1.01183395334e-05
North 1.01249553073e-05
South 1.01249553073e-05

row5col8
West 1.01197429955e-05
East 1.01164012166e-05
North 1.01249553073e-05
South 1.01249553073e-05

row5col9
West 1.01292030953e-05
East 1.01152515351e-05
North 1.01249553073e-05
South 1.01249553073e-05

row5col10
West 1.01296870978e-05
East 1.01171739999e-05
North 1.01249553073e-05
South 1.01249553073e-05

row5col11
West 1.01345141876e-05
East 1.01250429989e-05
North 1.01503311351e-05
South 1.01503311351e-05

row5col12
West 1.01227802054e-05
East 1.01109841074e-05
North 1.01249553073e-05
South 1.01249553073e-05

row5col13
West 1.0077251721e-05
East 1.008848089e-05
North 1.0099642919e-05
South 1.0099642919e-05

row5col14
West 1.00831297216e-05
East 1.00905894243e-05
North 1.0099642919e-05
South 1.0099642919e-05

row5col15
West 1.00858969309e-05
East 1.01023173292e-05
North 1.0099642919e-05
South 1.0099642919e-05

row5col16
West 1.00537447443e-05
East 1.00637366908e-05
North 1.00743938117e-05
South 1.00743938117e-05

row5col17
West 1.00044549629e-05
East 1.00073422547e-05
North 1.00240848076e-05
South 1.00240848076e-05

row5col18
West 9.97057751814e-06
East 9.9740270341e-06
North 9.9740270341e-06
South 9.99325914834e-06

row5col20
West 9.97418911639e-06
East 9.97619855517e-06
North 9.95944013905e-06
South 9.97376854964e-06

row5col22
West 9.65699383384e-06
East 9.65803895709e-06
North 9.64352180507e-06
South 9.64643937326e-06

row6col1
West 1.0226840848e-05
East 1.0226840848e-05
North 1.02255488531e-05
South 1.02282689453e-05

row6col3
West 1.01249553073e-05
East 1.01249553073e-05
North 1.01220247426e-05
South 1.01462846206e-05

row6col18
West 9.94909196652e-06
East 9.94909196652e-06
North 9.94917185294e-06
South 9.96812049581e-06

row6col20
West 9.9740270341e-06
East 9.95457534348e-06
North 9.95242217802e-06
South 9.96572547637e-06

row6col22
West 9.65724842348e-06
East 9.65596119028e-06
North 9.63691118154e-06
South 9.6547326472e-06

row7col1
West 1.02012737459e-05
East 1.02012737459e-05
North 1.02024377546e-05
South 1.01777529706e-05

row7col3
West 1.01249553073e-05
East 1.01249553073e-05
North 1.01166566646e-05
South 1.01005125208e-05

row7col5
West 9.6788864156e-06
East 9.65944210549e-06
North 9.6788864156e-06
South 9.6705149996e-06

row7col6
West 9.67645410763e-06
East 9.66038135977e-06
North 9.6788864156e-06
South 9.6788864156e-06

row7col7
West 9.65603982257e-06
East 9.67044913471e-06
North 9.6788864156e-06
South 9.6788864156e-06

row7col8
West 9.67011673315e-06
East 9.68412208638e-06
North 9.6788864156e-06
South 9.6788864156e-06

row7col9
West 9.70140999265e-06
East 9.70717009415e-06
North 9.70314427629e-06
South 9.70314427629e-06

row7col10
West 9.72651410752e-06
East 9.74644219496e-06
North 9.75184253998e-06
South 9.75184253998e-06

row7col11
West 9.78581789126e-06
East 9.80983338182e-06
North 9.80078521112e-06
South 9.80078521112e-06

row7col12
West 9.87667002084e-06
East 9.90428445415e-06
North 9.89940868851e-06
South 9.89940868851e-06

row7col13
West 9.96576251611e-06
East 9.95984877771e-06
North 9.9740270341e-06
South 9.9740270341e-06

row7col14
West 1.00361336464e-05
East 1.00277378212e-05
North 1.00492078272e-05
South 1.00492078272e-05

row7col15
West 1.00962479998e-05
East 1.00834863227e-05
North 1.0099642919e-05
South 1.0099642919e-05

row7col16
West 1.01658834964e-05
East 1.01757705615e-05
North 1.01757705615e-05
South 1.01657428862e-05

row7col18
West 9.9242192366e-06
East 9.9242192366e-06
North 9.91901989233e-06
South 9.93527072801e-06

row7col20
West 9.9740270341e-06
East 9.9740270341e-06
North 9.9565718631e-06
South 9.97354365905e-06

row7col22
West 9.65101122589e-06
East 9.65720352023e-06
North 9.64496426012e-06
South 9.66935015619e-06

row8col1
West 1.01757705615e-05
East 1.01757705615e-05
North 1.01700244477e-05
South 1.01594233071e-05

row8col3
West 1.00743938117e-05
East 1.00743938117e-05
North 1.00763916194e-05
South 1.00712856398e-05

row8col5
West 9.65468919956e-06
East 9.65468919956e-06
North 9.65122793687e-06
South 9.63811247056e-06

row8col16
West 1.02524720281e-05
East 1.02524720281e-05
North 1.02279856171e-05
South 1.02366697137e-05

row8col18
West 9.89940868851e-06
East 9.89940868851e-06
North 9.89939164456e-06
South 9.92246315736e-06

row8col20
West 9.97419168708e-06
East 9.97635107043e-06
North 9.95467956645e-06
South 9.95813391193e-06

row8col22
West 9.70314427629e-06
East 9.70540519455e-06
North 9.68375730955e-06
South 9.69278198941e-06

row9col1
West 1.01503311351e-05
East 1.01503311351e-05
North 1.01444414904e-05
South 1.01371351542e-05

row9col3
West 1.00240848076e-05
East 1.00240848076e-05
North 1.00466231337e-05
South 1.00306307305e-05

row9col5
West 9.63055247656e-06
East 9.63055247656e-06
North 9.62266154417e-06
South 9.61225901188e-06

row9col7
West 1.43384391352e-05
East 0.00311174729936
North 1.43383576483e-05
South 1.43010723801e-05

row9col8
West 1.46973963846e-05
East 0.00902463791891
North 1.47017950913e-05
South 1.47017950913e-05

row9col9
West 1.50393282739e-05
East 0.0239019908514
North 1.503675855e-05
South 1.503675855e-05

row9col10
West 1.53681805232e-05
East 0.0562611004302
North 1.53409053806e-05
South 1.53409053806e-05

row9col11
West 1.56264247535e-05
East 0.115793790076
North 1.56120761446e-05
South 1.56120761446e-05

row9col12
West 1.58410591481e-05
East 0.207389546949
North 1.58502115429e-05
South 1.58483201096e-05

row9col13
West 1.60912927907e-05
East 0.331947757338
North 1.61048314712e-05
South 1.60886712341e-05

row9col14
West 1.63160082972e-05
East 1.62945536815e-05
North 1.62907577912e-05
South 0.469723283833

row9col16
West 1.03039272648e-05
East 1.03039272648e-05
North 1.03010138633e-05
South 1.03021912282e-05

row9col18
West 9.89940868851e-06
East 9.89940868851e-06
North 9.88805274085e-06
South 9.91012372029e-06

row9col20
West 9.95027935069e-06
East 9.94909196652e-06
North 9.94333650004e-06
South 9.96203767818e-06

row9col22
West 9.72746293363e-06
East 9.72746293363e-06
North 9.71958173468e-06
South 9.73823968096e-06

row10col1
West 1.01249553073e-05
East 1.012616368e-05
North 1.01275189859e-05
South 1.01135476703e-05

row10col3
West 1.00240848076e-05
East 1.00240848076e-05
North 1.00117425829e-05
South 1.00111109938e-05

row10col5
West 9.58245990513e-06
East 9.58245990513e-06
North 9.59225827826e-06
South 9.57157894805e-06

row10col7
West 1.39522745413e-05
East 1.39489448415e-05
North 0.000895820084953
South 1.39527186058e-05

row10col14
West 1.64959284759e-05
East 1.64978971987e-05
North 1.64796590578e-05
South 0.605985855464

row10col16
West 1.03815947327e-05
East 1.03815947327e-05
North 1.0368954144e-05
South 1.0371179622e-05

row10col18
West 9.89940868851e-06
East 9.89940868851e-06
North 9.88354632193e-06
South 9.90169452508e-06

row10col20
West 9.95600456496e-06
East 9.95362086146e-06
North 9.93394767401e-06
South 9.9381184068e-06

row10col22
West 9.80078521112e-06
East 9.80078521112e-06
North 9.78271269633e-06
South 9.80213481052e-06

row11col1
West 1.01249553073e-05
East 1.01249553073e-05
North 1.01163912864e-05
South 1.01029686324e-05

row11col3
West 9.99902459559e-06
East 9.99902459559e-06
North 9.98140838942e-06
South 9.99013906401e-06

row11col5
West 9.58245990513e-06
East 9.58245990513e-06
North 9.57414380823e-06
South 9.56431550925e-06

row11col7
West 1.35701080252e-05
East 1.35717275631e-05
North 0.000260485566176
South 1.35551210936e-05

row11col9
West 1.717e-05
East 1.717e-05
North 1.717e-05
South 1.717e-05

row11col10
West 0.999835358697
East 1.717e-05
North 1.7127075e-05
South 1.7127075e-05

row11col11
West 0.948170215066
East 1.70782577262e-05
North 1.70842573125e-05
South 1.70842573125e-05

row11col12
West 0.892731627703
East 1.69414373503e-05
North 1.69564454455e-05
South 1.69564454455e-05

row11col13
West 0.823301155691
East 1.68031870245e-05
North 1.67875157987e-05
South 1.67895193213e-05

row11col14
West 0.729097423499
East 1.66620186259e-05
North 1.6628841437e-05
South 1.66424855566e-05

row11col16
West 1.04598476312e-05
East 1.04598476312e-05
North 1.04546152864e-05
South 1.04435411614e-05

row11col18
West 9.87466016679e-06
East 9.87466016679e-06
North 9.86721012143e-06
South 9.87079024154e-06

row11col20
West 9.92744956646e-06
East 9.92524725153e-06
North 9.91813351311e-06
South 9.9252803002e-06

row11col22
West 9.84997351637e-06
East 9.84997351637e-06
North 9.84455333437e-06
South 9.83740383053e-06

row12col1
West 1.01249553073e-05
East 1.01249553073e-05
North 1.01180212714e-05
South 1.01069806841e-05

row12col3
West 9.9740270341e-06
East 9.9740270341e-06
North 9.95989573217e-06
South 9.97206022077e-06

row12col5
West 9.55850375537e-06
East 9.55850375537e-06
North 9.56191976598e-06
South 9.54117358772e-06

row12col7
West 1.32031355212e-05
East 1.3201559968e-05
North 7.35338910747e-05
South 1.3215398714e-05

row12col16
West 1.05386903732e-05
East 1.05386903732e-05
North 1.05350905574e-05
South 1.05279952093e-05

row12col18
West 9.87466016679e-06
East 9.87466016679e-06
North 9.85550951132e-06
South 9.87348209979e-06

row12col20
West 9.95486804741e-06
East 9.94966764171e-06
North 9.93355216178e-06
South 9.9346062377e-06

row12col22
West 9.87466016679e-06
East 9.87466016679e-06
North 9.87528710226e-06
South 9.86292554809e-06

row13col1
West 1.012616368e-05
East 1.01249553073e-05
North 1.01353199831e-05
South 1.01257856054e-05

row13col3
West 9.94914850862e-06
East 9.94914850862e-06
North 9.94603669155e-06
South 9.96752351911e-06

row13col5
West 9.55850375537e-06
East 9.55850375537e-06
North 9.54861636006e-06
South 9.54705597591e-06

row13col7
West 1.28561294356e-05
East 1.28347896382e-05
North 2.52443695289e-05
South 1.28430212395e-05

row13col8
West 1.44885019967e-05
East 1.24583279201e-05
North 1.24673795684e-05
South 1.2462984448e-05

row13col9
West 1.22801276111e-05
East 1.20750803205e-05
North 1.20941932942e-05
South 1.20941932942e-05

row13col10
West 1.17240397231e-05
East 1.16969814582e-05
North 1.17069742217e-05
South 1.17069742217e-05

row13col11
West 1.14193331586e-05
East 1.14157139178e-05
North 1.14175705978e-05
South 1.14175705978e-05

row13col12
West 1.11868301183e-05
East 1.12022579362e-05
North 1.11912073015e-05
South 1.11912073015e-05

row13col13
West 1.10167286546e-05
East 1.1021189486e-05
North 1.10243848769e-05
South 1.10243848769e-05

row13col14
West 1.08543739018e-05
East 1.08395230181e-05
North 1.08600492012e-05
South 1.08600492012e-05

row13col15
West 1.07112430788e-05
East 1.07260417281e-05
North 1.07249756445e-05
South 1.07249756445e-05

row13col16
West 1.06103159686e-05
East 1.06181274048e-05
North 1.06183371581e-05
South 1.06181274048e-05

row13col18
West 9.85114907115e-06
East 9.84997351637e-06
North 9.84396242762e-06
South 9.84597253193e-06

row13col20
West 9.9242192366e-06
East 9.92653435975e-06
North 9.92611140305e-06
South 9.92152084786e-06

row13col22
West 9.89940868851e-06
East 9.89940868851e-06
North 9.90312301858e-06
South 9.89290737665e-06

row14col1
West 1.01273145112e-05
East 1.01249553073e-05
North 1.01310611125e-05
South 1.01168131903e-05

row14col3
West 9.94909196652e-06
East 9.94909196652e-06
North 9.94178238127e-06
South 9.96099144329e-06

row14col5
West 9.55850375537e-06
East 9.55850375537e-06
North 9.55809150652e-06
South 9.55758737764e-06

row14col18
West 9.82534858258e-06
East 9.82534858258e-06
North 9.80537468237e-06
South 9.82325117461e-06

row14col20
West 9.92457148115e-06
East 9.92479102402e-06
North 9.91521617549e-06
South 9.90355151322e-06

row14col22
West 9.9242192366e-06
East 9.92540365231e-06
North 9.93781318038e-06
South 9.92077600216e-06

row15col1
West 1.01503311351e-05
East 1.01503311351e-05
North 1.01314025992e-05
South 1.01270882019e-05

row15col3
West 9.94909196652e-06
East 9.94909196652e-06
North 9.92607097213e-06
South 9.94702531052e-06

row15col5
West 9.60647609537e-06
East 9.59861112653e-06
North 9.58636151069e-06
South 9.60647609537e-06

row15col6
West 9.61268384805e-06
East 9.62927286287e-06
North 9.63055247656e-06
South 9.63055247656e-06

row15col7
West 9.62052980513e-06
East 9.63710703916e-06
North 9.63055247656e-06
South 9.63055247656e-06

row15col8
West 9.66199753059e-06
East 9.67353799854e-06
North 9.6788864156e-06
South 9.6788864156e-06

row15col9
West 9.68421305457e-06
East 9.6893987286e-06
North 9.70314427629e-06
South 9.70314427629e-06

row15col10
West 9.71561487416e-06
East 9.70169471069e-06
North 9.70314427629e-06
South 9.70314427629e-06

row15col11
West 9.71218587371e-06
East 9.69607718607e-06
North 9.71617009867e-06
South 9.70750869573e-06

row15col12
West 9.72335862363e-06
East 9.7116457615e-06
North 9.72862386726e-06
South 9.72862386726e-06

row15col13
West 9.72762332593e-06
East 9.71153095997e-06
North 9.71833693893e-06
South 9.72889042334e-06

row15col14
West 9.72364384247e-06
East 9.71147971638e-06
North 9.73305478475e-06
South 9.73083794048e-06

row15col15
West 9.73079405503e-06
East 9.73119446731e-06
North 9.75184253998e-06
South 9.75184253998e-06

row15col16
West 9.74981598933e-06
East 9.74894480472e-06
North 9.75184253998e-06
South 9.75184253998e-06

row15col17
West 9.76705943599e-06
East 9.76902076738e-06
North 9.7762832481e-06
South 9.78514460904e-06

row15col18
West 9.80277994237e-06
East 9.80195489548e-06
North 9.79158903823e-06
South 9.80078521112e-06

row15col20
West 9.89946494826e-06
East 9.89946494826e-06
North 9.90978397062e-06
South 9.88589167527e-06

row15col22
West 9.97521739417e-06
East 9.9740270341e-06
North 9.97889908537e-06
South 9.97397656103e-06

row16col1
West 1.01503888209e-05
East 1.01527540822e-05
North 1.01389561458e-05
South 1.01363193623e-05

row16col3
West 9.92534725156e-06
East 9.92540365231e-06
North 9.90918113715e-06
South 9.92804396129e-06

row16col20
West 9.87466016679e-06
East 9.87583866782e-06
North 9.87358716683e-06
South 9.87358081531e-06

row16col22
West 1.00492078272e-05
East 1.00492078272e-05
North 1.00404983799e-05
South 1.00325502574e-05

row17col1
West 1.01692822363e-05
East 1.01781995812e-05
North 1.01612918753e-05
South 1.01627668905e-05

row17col3
West 9.9242192366e-06
East 9.9181450006e-06
North 9.90648286771e-06
South 9.9242192366e-06

row17col4
West 9.88308832953e-06
East 9.88652435635e-06
North 9.89940868851e-06
South 9.89940868851e-06

row17col5
West 9.86314630597e-06
East 9.86269764972e-06
North 9.87466016679e-06
South 9.87466016679e-06

row17col6
West 9.84323821939e-06
East 9.81754113612e-06
North 9.82534858258e-06
South 9.82534858258e-06

row17col7
West 9.77946519344e-06
East 9.75676607432e-06
North 9.7762832481e-06
South 9.7762832481e-06

row17col8
West 9.73675778015e-06
East 9.72045516325e-06
North 9.73089336159e-06
South 9.72746293363e-06

row17col9
West 9.70353435975e-06
East 9.68798295786e-06
North 9.70314427629e-06
South 9.70314427629e-06

row17col10
West 9.70215147782e-06
East 9.69291613579e-06
North 9.70314427629e-06
South 9.70314427629e-06

row17col11
West 9.72131804726e-06
East 9.72199804422e-06
North 9.72862386726e-06
South 9.73089336159e-06

row17col12
West 9.77052946393e-06
East 9.74829035118e-06
North 9.75184253998e-06
South 9.75184253998e-06

row17col13
West 9.7949082419e-06
East 9.78509499168e-06
North 9.80759476649e-06
South 9.80641921171e-06

row17col14
West 9.81827408268e-06
East 9.80231295575e-06
North 9.80306888058e-06
South 9.82534858258e-06

row17col15
West 9.8178699519e-06
East 9.80515659197e-06
North 9.82534858258e-06
South 9.82652119847e-06

row17col16
West 9.82624210425e-06
East 9.81361773637e-06
North 9.82652119847e-06
South 9.83655825365e-06

row17col17
West 9.83144326638e-06
East 9.80835580483e-06
North 9.82534858258e-06
South 9.809668781e-06

row17col18
West 9.81676120862e-06
East 9.80561363431e-06
North 9.80854920501e-06
South 9.8288135303e-06

row17col19
West 9.83831130476e-06
East 9.82229558139e-06
North 9.82534858258e-06
South 9.84283577712e-06

row17col20
West 9.8621457276e-06
East 9.87466016679e-06
North 9.86306449896e-06
South 9.87466016679e-06

row17col22
West 1.00492078272e-05
East 1.00492078272e-05
North 1.00655133333e-05
South 1.00416591746e-05

row18col1
West 1.01757705615e-05
East 1.01849359028e-05
North 1.0198882891e-05
South 1.0200787827e-05

row18col22
West 1.00492078272e-05
East 1.00492078272e-05
North 1.00675989055e-05
South 1.00493790486e-05

row19col1
West 1.02037088533e-05
East 1.02191130845e-05
North 1.01975131865e-05
South 1.02013317212e-05

row19col2
West 1.02187524907e-05
East 1.02333696779e-05
North 1.02316683464e-05
South 1.0226840848e-05

row19col3
West 1.02382044136e-05
East 1.02490555227e-05
North 1.02524720281e-05
South 1.0252585786e-05

row19col4
West 1.02535144345e-05
East 1.02617338879e-05
North 1.02781674467e-05
South 1.02793941047e-05

row19col5
West 1.02541417472e-05
East 1.02602604253e-05
North 1.02548609445e-05
South 1.02781674467e-05

row19col6
West 1.0283562986e-05
East 1.02976548196e-05
North 1.03051569972e-05
South 1.03039858235e-05

row19col7
West 1.02920520508e-05
East 1.0299981335e-05
North 1.03039272648e-05
South 1.03039272648e-05

row19col8
West 1.0299333695e-05
East 1.03003334484e-05
North 1.03039272648e-05
South 1.03039272648e-05

row19col9
West 1.03150081316e-05
East 1.03007821606e-05
North 1.03039272648e-05
South 1.03039272648e-05

row19col10
West 1.03094205611e-05
East 1.02918224684e-05
North 1.03039272648e-05
South 1.03039272648e-05

row19col11
West 1.02669716969e-05
East 1.02640171338e-05
North 1.02781674467e-05
South 1.02781674467e-05

row19col12
West 1.02563605048e-05
East 1.02459982962e-05
North 1.02524720281e-05
South 1.02524720281e-05

row19col13
West 1.02090248277e-05
East 1.02158477417e-05
North 1.0226840848e-05
South 1.0226840848e-05

row19col14
West 1.0165787393e-05
East 1.01857124539e-05
North 1.01757705615e-05
South 1.01757705615e-05

row19col15
West 1.01420661801e-05
East 1.0119820054e-05
North 1.01249553073e-05
South 1.01249553073e-05

row19col16
West 1.01049400452e-05
East 1.00998437654e-05
North 1.01249553073e-05
South 1.01008482708e-05

row19col17
West 1.00995312203e-05
East 1.00932603668e-05
North 1.0099642919e-05
South 1.0099642919e-05

row19col18
West 1.01077517458e-05
East 1.01211430621e-05
North 1.0099642919e-05
South 1.0099642919e-05

row19col19
West 1.00950344482e-05
East 1.0119394764e-05
North 1.0099642919e-05
South 1.0099642919e-05

row19col20
West 1.00972927828e-05
East 1.01004977743e-05
North 1.0099642919e-05
South 1.0099642919e-05

row19col21
West 1.00797872607e-05
East 1.00877540051e-05
North 1.0099642919e-05
South 1.0099642919e-05

row19col22
West 1.00610229635e-05
East 1.00743938117e-05
North 1.00796738782e-05
South 1.00743938117e-05
