row1col1 North
row1col2 West
row1col3 South
row1col4 South
row1col5 South
row1col7 South
row1col8 West
row1col9 West
row1col10 North
row1col11 East
row1col13 West
row1col14 West
row1col15 East
row1col16 South
row1col18 North
row1col19 South
row1col20 West
row1col21 East
row1col22 North
row2col1 North
row2col2 North
row2col3 West
row2col4 North
row2col5 West
row2col7 South
row2col8 North
row2col9 East
row2col10 North
row2col11 North
row2col13 East
row2col14 East
row2col15 West
row2col16 East
row2col17 North
row2col18 South
row2col19 North
row2col20 North
row2col21 West
row2col22 South
row3col1 West
row3col2 East
row3col3 East
row3col4 South
row3col5 East
row3col7 East
row3col8 East
row3col9 West
row3col10 North
row3col11 South
row3col13 North
row3col14 East
row3col15 West
row3col16 North
row3col18 West
row3col19 North
row3col20 West
row3col21 East
row3col22 North
row4col5 East
row4col9 South
row4col13 South
row5col1 South
row5col2 West
row5col3 East
row5col5 West
row5col6 South
row5col7 South
row5col8 East
row5col9 North
row5col10 South
row5col11 South
row5col12 South
row5col13 North
row5col14 North
row5col15 West
row5col16 West
row5col17 North
row5col18 North
row5col20 West
row5col21 North
row5col22 North
row6col1 North
row6col2 South
row6col3 South
row6col5 East
row6col6 North
row6col7 North
row6col8 North
row6col9 West
row6col10 West
row6col11 West
row6col12 West
row6col13 North
row6col14 West
row6col15 South
row6col16 East
row6col17 East
row6col18 South
row6col19 North
row6col20 East
row6col21 North
row6col22 South
row7col1 West
row7col2 South
row7col3 East
row7col5 East
row7col6 West
row7col10 South
row7col17 East
row7col18 North
row7col20 East
row7col21 West
row7col22 East
row8col1 South
row8col2 North
row8col3 East
row8col4 West
row8col5 South
row8col6 West
row8col8 South
row8col9 North
row8col10 West
row8col11 East
row8col12 South
row8col13 North
row8col14 South
row8col15 East
row8col17 South
row8col18 West
row9col5 West
row9col6 West
row9col8 East
row9col9 East
row9col10 East
row9col11 South
row9col12 South
row9col13 North
row9col14 South
row9col15 North
row9col17 West
row9col18 South
row9col20 East
row9col21 East
row9col22 East
row10col1 North
row10col2 West
row10col3 West
row10col5 North
row10col6 South
row10col17 South
row10col18 West
row10col20 East
row10col21 North
row10col22 East
row11col1 West
row11col2 West
row11col3 North
row11col4 North
row11col5 West
row11col6 West
row11col8 West
row11col9 East
row11col10 North
row11col12 West
row11col13 North
row11col14 North
row11col15 North
row11col17 North
row11col18 East
row11col20 West
row11col21 East
row11col22 West
row12col1 South
row12col2 East
row12col3 North
row12col5 West
row12col6 South
row12col8 South
row12col9 South
row12col10 North
row12col12 West
row12col13 South
row12col14 East
row12col15 West
row12col16 West
row12col17 East
row12col18 East
row12col20 East
row12col21 South
row12col22 West
row13col5 North
row13col6 West
row13col9 East
row13col17 South
row13col18 South
row13col21 North
row14col1 West
row14col2 South
row14col3 South
row14col4 East
row14col5 West
row14col6 North
row14col7 North
row14col8 West
row14col9 South
row14col10 West
row14col11 West
row14col12 North
row14col13 East
row14col14 South
row14col15 North
row14col16 West
row14col17 South
row14col18 South
row14col19 East
row14col20 North
row14col21 West
row14col22 West
row15col1 East
row15col2 North
row15col3 North
row15col4 South
row15col5 North
row15col6 East
row15col7 West
row15col8 South
row15col9 West
row15col10 West
row15col11 West
row15col12 North
row15col13 South
row15col14 North
row15col15 North
row15col16 North
row15col17 North
row15col18 North
row15col19 North
row15col20 North
row15col21 West
row15col22 East
row16col2 South
row16col7 West
row16col15 North
row17col1 North
row17col2 West
row17col3 East
row17col4 South
row17col6 West
row17col7 West
row17col8 North
row17col9 West
row17col10 South
row17col11 East
row17col13 North
row17col14 West
row17col15 West
row17col16 North
row17col18 South
row17col19 West
row17col20 North
row17col21 West
row17col22 North
row18col1 South
row18col2 North
row18col3 South
row18col4 South
row18col6 North
row18col7 North
row18col8 North
row18col9 North
row18col10 South
row18col11 West
row18col13 East
row18col14 South
row18col15 East
row18col16 North
row18col17 South
row18col18 East
row18col19 North
row18col20 North
row18col21 North
row18col22 East
row19col1 South
row19col2 North
row19col3 South
row19col4 East
row19col6 West
row19col7 West
row19col8 West
row19col9 South
row19col10 North
row19col11 East
row19col13 West
row19col14 West
row19col15 North
row19col16 North
row19col18 South
row19col19 West
row19col20 South
row19col21 North
row19col22 South
