
row1col1
West 1.717e-05
East 1.717e-05
North 1.717e-05
South 1.717e-05

row1col2
West 1.000015453
East 0.81001251693
North 1.717e-05
South 1.717e-05

row1col3
West 0.9000139077
East 0.729011265237
North 1.717e-05
South 1.717e-05

row1col4
West 0.81001251693
East 0.656110138713
North 1.717e-05
South 1.717e-05

row1col5
West 0.729011265237
East 0.590499124842
North 1.717e-05
South 1.717e-05

row1col6
West 0.656110138713
East 0.531449212358
North 1.717e-05
South 1.717e-05

row1col7
West 0.590499124842
East 0.478304291122
North 1.717e-05
South 1.717e-05

row1col8
West 0.531449212358
East 0.43047386201
North 1.717e-05
South 1.717e-05

row1col9
West 0.478304291122
East 0.387426475809
North 1.717e-05
South 1.717e-05

row1col10
West 0.43047386201
East 0.348683828228
North 1.717e-05
South 1.717e-05

row1col11
West 0.387426475809
East 1.717e-05
North 1.717e-05
South 0.313815445405

row2col11
West 1.717e-05
East 1.717e-05
North 0.348683828228
South 0.282433900865

row3col1
West 1.717e-05
East 0.016423457056
North 1.717e-05
South 0.0202758729087

row3col2
West 0.0182482856178
East 0.0147811113504
North 1.717e-05
South 1.717e-05

row3col3
West 0.016423457056
East 0.0133030002154
North 1.717e-05
South 1.717e-05

row3col4
West 0.0147811113504
East 0.0119727001938
North 1.717e-05
South 1.717e-05

row3col5
West 0.0133030002154
East 0.0107754301745
North 1.717e-05
South 1.717e-05

row3col6
West 0.0119727001938
East 0.00969788715701
North 1.717e-05
South 1.717e-05

row3col7
West 0.0107754301745
East 0.00872809844131
North 1.717e-05
South 1.717e-05

row3col8
West 0.00969788715701
East 0.00785528859718
North 1.717e-05
South 1.717e-05

row3col9
West 0.00872809844131
East 1.717e-05
North 1.717e-05
South 0.00706975973746

row3col11
West 1.717e-05
East 1.717e-05
North 0.313815445405
South 0.254190510778

row4col1
West 1.717e-05
East 1.717e-05
North 0.0182482856178
South 0.0225287476763

row4col9
West 1.717e-05
East 1.717e-05
North 0.00785528859718
South 0.00636278376371

row4col11
West 1.717e-05
East 1.717e-05
North 0.282433900865
South 0.2287714597

row5col1
West 1.717e-05
East 1.717e-05
North 0.0202758729087
South 0.0250319418626

row5col3
West 1.717e-05
East 0.00130496853938
North 1.717e-05
South 0.0016173342622

row5col4
West 0.00145560083598
East 0.00116085568219
North 1.717e-05
South 1.717e-05

row5col5
West 0.00131004075238
East 0.00105766171733
North 1.717e-05
South 1.717e-05

row5col6
West 0.00117903667715
East 0.000954101752267
North 1.717e-05
South 1.717e-05

row5col7
West 0.00106113300943
East 1.717e-05
North 1.717e-05
South 0.000806763541663

row5col9
West 1.717e-05
East 1.717e-05
North 0.00706975973746
South 0.00572650538734

row5col11
West 1.717e-05
East 1.717e-05
North 0.254190510778
South 0.20589431373

row6col1
West 1.717e-05
East 1.717e-05
North 0.0225287476763
South 0.0278132687362

row6col3
West 1.717e-05
East 1.717e-05
North 0.00145557717033
South 0.00179703806911

row6col7
West 1.717e-05
East 1.717e-05
North 0.000955019708488
South 0.000765491719132

row6col9
West 1.717e-05
East 1.717e-05
North 0.00636278376371
South 0.00515385484861

row6col11
West 1.717e-05
East 1.717e-05
North 0.2287714597
South 0.185304882357

row7col1
West 1.717e-05
East 1.717e-05
North 0.0250319418626
South 0.0309036319291

row7col3
West 1.717e-05
East 1.717e-05
North 0.00161733385875
South 0.00199670896568

row7col5
West 1.717e-05
East 0.000696205037885
North 1.717e-05
South 1.717e-05

row7col6
West 0.000414071914089
East 0.000773565963876
North 1.717e-05
South 1.717e-05

row7col7
West 0.000686246363775
East 1.717e-05
North 0.000859517737639
South 1.717e-05

row7col9
West 1.717e-05
East 1.717e-05
North 0.00572650538734
South 0.0046384693635

row7col11
West 1.717e-05
East 1.717e-05
North 0.20589431373
South 0.166774394122

row8col1
West 1.717e-05
East 1.717e-05
North 0.0278132687362
South 0.0343373688101

row8col3
West 1.717e-05
East 1.717e-05
North 0.00176920080241
South 0.00221856551743

row8col9
West 1.717e-05
East 1.717e-05
North 0.00515385484861
South 0.00417462242737

row8col11
West 1.717e-05
East 1.717e-05
North 0.185304882357
South 0.150096954709

row9col1
West 1.717e-05
East 1.717e-05
North 0.0309036319291
South 0.0381526320112

row9col3
West 1.717e-05
East 0.00246507279714
North 0.00199670851396
South 1.717e-05

row9col4
West 0.00221856551666
East 0.0027389697746
North 1.717e-05
South 1.717e-05

row9col5
West 0.00246507279713
East 0.00304329974955
North 1.717e-05
South 1.717e-05

row9col6
West 0.00273896977447
East 0.00338144416617
North 1.717e-05
South 1.717e-05

row9col7
West 0.00304324410579
East 0.00375716018464
North 1.717e-05
South 1.717e-05

row9col8
West 0.00338144416617
East 0.00417462242737
North 1.717e-05
South 1.717e-05

row9col9
West 0.00375716018464
East 1.717e-05
North 0.00463846936375
South 1.717e-05

row9col11
West 1.717e-05
East 1.717e-05
North 0.166774394122
South 0.135087259238

row10col1
West 1.717e-05
East 1.717e-05
North 0.0343373688101
South 0.0423918133458

row10col11
West 1.717e-05
East 1.717e-05
North 0.150096954709
South 0.121578533315

row11col1
West 1.717e-05
East 0.0471020148287
North 0.0381526320112
South 1.717e-05

row11col2
West 0.0423918133458
East 0.0523355720318
North 1.717e-05
South 1.717e-05

row11col3
West 0.0471020148287
East 0.0581506355909
North 1.717e-05
South 1.717e-05

row11col4
West 0.0523355720318
East 0.0646118173233
North 1.717e-05
South 1.717e-05

row11col5
West 0.0581506355909
East 0.0717909081369
North 1.717e-05
South 1.717e-05

row11col6
West 0.0646118173233
East 0.0797676757077
North 1.717e-05
South 1.717e-05

row11col7
West 0.0717909081369
East 0.0886307507864
North 1.717e-05
South 1.717e-05

row11col8
West 0.0797676757077
East 0.0984786119848
North 1.717e-05
South 1.717e-05

row11col9
West 0.0886307507864
East 0.109420679983
North 1.717e-05
South 1.717e-05

row11col10
West 0.0984786119848
East 0.121578533315
North 1.717e-05
South 1.717e-05

row11col11
West 0.109420679983
East 1.717e-05
North 0.135087259238
South 1.717e-05
