row1col1 North
row1col2 West
row1col3 West
row1col4 West
row2col1 North
row2col2 West
row2col3 West
row2col4 North
row3col1 North
row3col2 West
row3col3 West
row3col4 West
row4col1 North
row4col2 West
row4col3 North
row4col4 West
