
row1col1
West 1.717e-05
East 1.717e-05
North 1.717e-05
South 1.717e-05

row1col2
West 1.000015453
East 0.81001251693
North 1.717e-05
South 0.81001251693

row1col3
West 0.9000139077
East 0.729011265237
North 1.717e-05
South 0.729011265237

row1col4
West 0.81001251693
East 0.656110138713
North 1.717e-05
South 0.656110138713

row1col5
West 0.729011265237
East 0.590499124842
North 1.717e-05
South 0.590499124842

row1col6
West 0.656110138713
East 0.531449212358
North 1.717e-05
South 0.531449212358

row1col7
West 0.590499124842
East 0.478304291122
North 1.717e-05
South 0.478304291122

row1col8
West 0.531449212358
East 0.43047386201
North 1.717e-05
South 0.43047386201

row1col9
West 0.478304291122
East 0.387426475809
North 1.717e-05
South 0.387426475809

row1col10
West 0.43047386201
East 0.348683828228
North 1.717e-05
South 0.348683828228

row1col11
West 0.387426475809
East 0.313815445405
North 1.717e-05
South 0.313815445405

row1col12
West 0.348683828228
East 0.282433900865
North 1.717e-05
South 0.282433900865

row1col13
West 0.313815445405
East 0.254190510778
North 1.717e-05
South 0.254190510778

row1col14
West 0.282433900865
East 0.2287714597
North 1.717e-05
South 0.2287714597

row1col15
West 0.254190510778
East 0.20589431373
North 1.717e-05
South 0.20589431373

row1col16
West 0.2287714597
East 0.185304882357
North 1.717e-05
South 0.185304882357

row1col17
West 0.20589431373
East 0.166774394122
North 1.717e-05
South 0.166774394122

row1col18
West 0.185304882357
East 0.150096954709
North 1.717e-05
South 0.150096954709

row1col19
West 0.166774394122
East 0.135087259238
North 1.717e-05
South 0.135087259238

row1col20
West 0.150096954709
East 0.121578533315
North 1.717e-05
South 0.121578533315

row1col21
West 0.135087259238
East 0.109420679983
North 1.717e-05
South 0.109420679983

row1col22
West 0.121578533315
East 1.717e-05
North 1.717e-05
South 0.0984786119848

row2col1
West 1.717e-05
East 0.81001251693
North 1.000015453
South 0.81001251693

row2col2
West 0.9000139077
East 0.729011265237
North 0.9000139077
South 0.729011265237

row2col3
West 0.81001251693
East 0.656110138713
North 0.81001251693
South 0.656110138713

row2col4
West 0.729011265237
East 0.590499124842
North 0.729011265237
South 0.590499124842

row2col5
West 0.656110138713
East 0.531449212358
North 0.656110138713
South 0.531449212358

row2col6
West 0.590499124842
East 0.478304291122
North 0.590499124842
South 0.478304291122

row2col7
West 0.531449212358
East 0.43047386201
North 0.531449212358
South 0.43047386201

row2col8
West 0.478304291122
East 0.387426475809
North 0.478304291122
South 0.387426475809

row2col9
West 0.43047386201
East 0.348683828228
North 0.43047386201
South 0.348683828228

row2col10
West 0.387426475809
East 0.313815445405
North 0.387426475809
South 0.313815445405

row2col11
West 0.348683828228
East 0.282433900865
North 0.348683828228
South 0.282433900865

row2col12
West 0.313815445405
East 0.254190510778
North 0.313815445405
South 0.254190510778

row2col13
West 0.282433900865
East 0.2287714597
North 0.282433900865
South 0.2287714597

row2col14
West 0.254190510778
East 0.20589431373
North 0.254190510778
South 0.20589431373

row2col15
West 0.2287714597
East 0.185304882357
North 0.2287714597
South 0.185304882357

row2col16
West 0.20589431373
East 0.166774394122
North 0.20589431373
South 0.166774394122

row2col17
West 0.185304882357
East 0.150096954709
North 0.185304882357
South 0.150096954709

row2col18
West 0.166774394122
East 0.135087259238
North 0.166774394122
South 0.135087259238

row2col19
West 0.150096954709
East 0.121578533315
North 0.150096954709
South 0.121578533315

row2col20
West 0.135087259238
East 0.109420679983
North 0.135087259238
South 0.109420679983

row2col21
West 0.121578533315
East 0.0984786119848
North 0.121578533315
South 0.0984786119848

row2col22
West 0.109420679983
East 1.717e-05
North 0.109420679983
South 0.0886307507864

row3col1
West 1.717e-05
East 0.729011265237
North 0.9000139077
South 0.729011265237

row3col2
West 0.81001251693
East 0.656110138713
North 0.81001251693
South 0.656110138713

row3col3
West 0.729011265237
East 0.590499124842
North 0.729011265237
South 0.590499124842

row3col4
West 0.656110138713
East 0.531449212358
North 0.656110138713
South 0.531449212358

row3col5
West 0.590499124842
East 0.478304291122
North 0.590499124842
South 0.478304291122

row3col6
West 0.531449212358
East 0.43047386201
North 0.531449212358
South 0.43047386201

row3col7
West 0.478304291122
East 0.387426475809
North 0.478304291122
South 0.387426475809

row3col8
West 0.43047386201
East 0.348683828228
North 0.43047386201
South 0.348683828228

row3col9
West 0.387426475809
East 0.313815445405
North 0.387426475809
South 0.313815445405

row3col10
West 0.348683828228
East 0.282433900865
North 0.348683828228
South 0.282433900865

row3col11
West 0.313815445405
East 0.254190510778
North 0.313815445405
South 0.254190510778

row3col12
West 0.282433900865
East 0.2287714597
North 0.282433900865
South 0.2287714597

row3col13
West 0.254190510778
East 0.20589431373
North 0.254190510778
South 0.20589431373

row3col14
West 0.2287714597
East 0.185304882357
North 0.2287714597
South 0.185304882357

row3col15
West 0.20589431373
East 0.166774394122
North 0.20589431373
South 0.166774394122

row3col16
West 0.185304882357
East 0.150096954709
North 0.185304882357
South 0.150096954709

row3col17
West 0.166774394122
East 0.135087259238
North 0.166774394122
South 0.135087259238

row3col18
West 0.150096954709
East 0.121578533315
North 0.150096954709
South 0.121578533315

row3col19
West 0.135087259238
East 0.109420679983
North 0.135087259238
South 0.109420679983

row3col20
West 0.121578533315
East 0.0984786119848
North 0.121578533315
South 0.0984786119848

row3col21
West 0.109420679983
East 0.0886307507864
North 0.109420679983
South 0.0886307507864

row3col22
West 0.0984786119848
East 1.717e-05
North 0.0984786119848
South 0.0797676757077

row4col1
West 1.717e-05
East 0.656110138713
North 0.81001251693
South 0.656110138713

row4col2
West 0.729011265237
East 0.590499124842
North 0.729011265237
South 0.590499124842

row4col3
West 0.656110138713
East 0.531449212358
North 0.656110138713
South 0.531449212358

row4col4
West 0.590499124842
East 0.478304291122
North 0.590499124842
South 0.478304291122

row4col5
West 0.531449212358
East 0.43047386201
North 0.531449212358
South 0.43047386201

row4col6
West 0.478304291122
East 0.387426475809
North 0.478304291122
South 0.387426475809

row4col7
West 0.43047386201
East 0.348683828228
North 0.43047386201
South 0.348683828228

row4col8
West 0.387426475809
East 0.313815445405
North 0.387426475809
South 0.313815445405

row4col9
West 0.348683828228
East 0.282433900865
North 0.348683828228
South 0.282433900865

row4col10
West 0.313815445405
East 0.254190510778
North 0.313815445405
South 0.254190510778

row4col11
West 0.282433900865
East 0.2287714597
North 0.282433900865
South 0.2287714597

row4col12
West 0.254190510778
East 0.20589431373
North 0.254190510778
South 0.20589431373

row4col13
West 0.2287714597
East 0.185304882357
North 0.2287714597
South 0.185304882357

row4col14
West 0.20589431373
East 0.166774394122
North 0.20589431373
South 0.166774394122

row4col15
West 0.185304882357
East 0.150096954709
North 0.185304882357
South 0.150096954709

row4col16
West 0.166774394122
East 0.135087259238
North 0.166774394122
South 0.135087259238

row4col17
West 0.150096954709
East 0.121578533315
North 0.150096954709
South 0.121578533315

row4col18
West 0.135087259238
East 0.109420679983
North 0.135087259238
South 0.109420679983

row4col19
West 0.121578533315
East 0.0984786119848
North 0.121578533315
South 0.0984786119848

row4col20
West 0.109420679983
East 0.0886307507864
North 0.109420679983
South 0.0886307507864

row4col21
West 0.0984786119848
East 0.0797676757077
North 0.0984786119848
South 0.0797676757077

row4col22
West 0.0886307507864
East 1.717e-05
North 0.0886307507864
South 0.0717909081369

row5col1
West 1.717e-05
East 0.590499124842
North 0.729011265237
South 0.590499124842

row5col2
West 0.656110138713
East 0.531449212358
North 0.656110138713
South 0.531449212358

row5col3
West 0.590499124842
East 0.478304291122
North 0.590499124842
South 0.478304291122

row5col4
West 0.531449212358
East 0.43047386201
North 0.531449212358
South 0.43047386201

row5col5
West 0.478304291122
East 0.387426475809
North 0.478304291122
South 0.387426475809

row5col6
West 0.43047386201
East 0.348683828228
North 0.43047386201
South 0.348683828228

row5col7
West 0.387426475809
East 0.313815445405
North 0.387426475809
South 0.313815445405

row5col8
West 0.348683828228
East 0.282433900865
North 0.348683828228
South 0.282433900865

row5col9
West 0.313815445405
East 0.254190510778
North 0.313815445405
South 0.254190510778

row5col10
West 0.282433900865
East 0.2287714597
North 0.282433900865
South 0.2287714597

row5col11
West 0.254190510778
East 0.20589431373
North 0.254190510778
South 0.20589431373

row5col12
West 0.2287714597
East 0.185304882357
North 0.2287714597
South 0.185304882357

row5col13
West 0.20589431373
East 0.166774394122
North 0.20589431373
South 0.166774394122

row5col14
West 0.185304882357
East 0.150096954709
North 0.185304882357
South 0.150096954709

row5col15
West 0.166774394122
East 0.135087259238
North 0.166774394122
South 0.135087259238

row5col16
West 0.150096954709
East 0.121578533315
North 0.150096954709
South 0.121578533315

row5col17
West 0.135087259238
East 0.109420679983
North 0.135087259238
South 0.109420679983

row5col18
West 0.121578533315
East 0.0984786119848
North 0.121578533315
South 0.0984786119848

row5col19
West 0.109420679983
East 0.0886307507864
North 0.109420679983
South 0.0886307507864

row5col20
West 0.0984786119848
East 0.0797676757077
North 0.0984786119848
South 0.0797676757077

row5col21
West 0.0886307507864
East 0.0717909081369
North 0.0886307507864
South 0.0717909081369

row5col22
West 0.0797676757077
East 1.717e-05
North 0.0797676757077
South 0.0646118173233

row6col1
West 1.717e-05
East 0.531449212358
North 0.656110138713
South 0.531449212358

row6col2
West 0.590499124842
East 0.478304291122
North 0.590499124842
South 0.478304291122

row6col3
West 0.531449212358
East 0.43047386201
North 0.531449212358
South 0.43047386201

row6col4
West 0.478304291122
East 0.387426475809
North 0.478304291122
South 0.387426475809

row6col5
West 0.43047386201
East 0.348683828228
North 0.43047386201
South 0.348683828228

row6col6
West 0.387426475809
East 0.313815445405
North 0.387426475809
South 0.313815445405

row6col7
West 0.348683828228
East 0.282433900865
North 0.348683828228
South 0.282433900865

row6col8
West 0.313815445405
East 0.254190510778
North 0.313815445405
South 0.254190510778

row6col9
West 0.282433900865
East 0.2287714597
North 0.282433900865
South 0.2287714597

row6col10
West 0.254190510778
East 0.20589431373
North 0.254190510778
South 0.20589431373

row6col11
West 0.2287714597
East 0.185304882357
North 0.2287714597
South 0.185304882357

row6col12
West 0.20589431373
East 0.166774394122
North 0.20589431373
South 0.166774394122

row6col13
West 0.185304882357
East 0.150096954709
North 0.185304882357
South 0.150096954709

row6col14
West 0.166774394122
East 0.135087259238
North 0.166774394122
South 0.135087259238

row6col15
West 0.150096954709
East 0.121578533315
North 0.150096954709
South 0.121578533315

row6col16
West 0.135087259238
East 0.109420679983
North 0.135087259238
South 0.109420679983

row6col17
West 0.121578533315
East 0.0984786119848
North 0.121578533315
South 0.0984786119848

row6col18
West 0.109420679983
East 0.0886307507864
North 0.109420679983
South 0.0886307507864

row6col19
West 0.0984786119848
East 0.0797676757077
North 0.0984786119848
South 0.0797676757077

row6col20
West 0.0886307507864
East 0.0717909081369
North 0.0886307507864
South 0.0717909081369

row6col21
West 0.0797676757077
East 0.0646118173233
North 0.0797676757077
South 0.0646118173233

row6col22
West 0.0717909081369
East 1.717e-05
North 0.0717909081369
South 0.0581506355909

row7col1
West 1.717e-05
East 0.478304291122
North 0.590499124842
South 0.478304291122

row7col2
West 0.531449212358
East 0.43047386201
North 0.531449212358
South 0.43047386201

row7col3
West 0.478304291122
East 0.387426475809
North 0.478304291122
South 0.387426475809

row7col4
West 0.43047386201
East 0.348683828228
North 0.43047386201
South 0.348683828228

row7col5
West 0.387426475809
East 0.313815445405
North 0.387426475809
South 0.313815445405

row7col6
West 0.348683828228
East 0.282433900865
North 0.348683828228
South 0.282433900865

row7col7
West 0.313815445405
East 0.254190510778
North 0.313815445405
South 0.254190510778

row7col8
West 0.282433900865
East 0.2287714597
North 0.282433900865
South 0.2287714597

row7col9
West 0.254190510778
East 0.20589431373
North 0.254190510778
South 0.20589431373

row7col10
West 0.2287714597
East 0.185304882357
North 0.2287714597
South 0.185304882357

row7col11
West 0.20589431373
East 0.166774394122
North 0.20589431373
South 0.166774394122

row7col12
West 0.185304882357
East 0.150096954709
North 0.185304882357
South 0.150096954709

row7col13
West 0.166774394122
East 0.135087259238
North 0.166774394122
South 0.135087259238

row7col14
West 0.150096954709
East 0.121578533315
North 0.150096954709
South 0.121578533315

row7col15
West 0.135087259238
East 0.109420679983
North 0.135087259238
South 0.109420679983

row7col16
West 0.121578533315
East 0.0984786119848
North 0.121578533315
South 0.0984786119848

row7col17
West 0.109420679983
East 0.0886307507864
North 0.109420679983
South 0.0886307507864

row7col18
West 0.0984786119848
East 0.0797676757077
North 0.0984786119848
South 0.0797676757077

row7col19
West 0.0886307507864
East 0.0717909081369
North 0.0886307507864
South 0.0717909081369

row7col20
West 0.0797676757077
East 0.0646118173233
North 0.0797676757077
South 0.0646118173233

row7col21
West 0.0717909081369
East 0.0581506355909
North 0.0717909081369
South 0.0581506355909

row7col22
West 0.0646118173233
East 1.717e-05
North 0.0646118173233
South 0.0523355720318

row8col1
West 1.717e-05
East 0.43047386201
North 0.531449212358
South 0.43047386201

row8col2
West 0.478304291122
East 0.387426475809
North 0.478304291122
South 0.387426475809

row8col3
West 0.43047386201
East 0.348683828228
North 0.43047386201
South 0.348683828228

row8col4
West 0.387426475809
East 0.313815445405
North 0.387426475809
South 0.313815445405

row8col5
West 0.348683828228
East 0.282433900865
North 0.348683828228
South 0.282433900865

row8col6
West 0.313815445405
East 0.254190510778
North 0.313815445405
South 0.254190510778

row8col7
West 0.282433900865
East 0.2287714597
North 0.282433900865
South 0.2287714597

row8col8
West 0.254190510778
East 0.20589431373
North 0.254190510778
South 0.20589431373

row8col9
West 0.2287714597
East 0.185304882357
North 0.2287714597
South 0.185304882357

row8col10
West 0.20589431373
East 0.166774394122
North 0.20589431373
South 0.166774394122

row8col11
West 0.185304882357
East 0.150096954709
North 0.185304882357
South 0.150096954709

row8col12
West 0.166774394122
East 0.135087259238
North 0.166774394122
South 0.135087259238

row8col13
West 0.150096954709
East 0.121578533315
North 0.150096954709
South 0.121578533315

row8col14
West 0.135087259238
East 0.109420679983
North 0.135087259238
South 0.109420679983

row8col15
West 0.121578533315
East 0.0984786119848
North 0.121578533315
South 0.0984786119848

row8col16
West 0.109420679983
East 0.0886307507864
North 0.109420679983
South 0.0886307507864

row8col17
West 0.0984786119848
East 0.0797676757077
North 0.0984786119848
South 0.0797676757077

row8col18
West 0.0886307507864
East 0.0717909081369
North 0.0886307507864
South 0.0717909081369

row8col19
West 0.0797676757077
East 0.0646118173233
North 0.0797676757077
South 0.0646118173233

row8col20
West 0.0717909081369
East 0.0581506355909
North 0.0717909081369
South 0.0581506355909

row8col21
West 0.0646118173233
East 0.0523355720318
North 0.0646118173233
South 0.0523355720318

row8col22
West 0.0581506355909
East 1.717e-05
North 0.0581506355909
South 0.0471020148287

row9col1
West 1.717e-05
East 0.387426475809
North 0.478304291122
South 0.387426475809

row9col2
West 0.43047386201
East 0.348683828228
North 0.43047386201
South 0.348683828228

row9col3
West 0.387426475809
East 0.313815445405
North 0.387426475809
South 0.313815445405

row9col4
West 0.348683828228
East 0.282433900865
North 0.348683828228
South 0.282433900865

row9col5
West 0.313815445405
East 0.254190510778
North 0.313815445405
South 0.254190510778

row9col6
West 0.282433900865
East 0.2287714597
North 0.282433900865
South 0.2287714597

row9col7
West 0.254190510778
East 0.20589431373
North 0.254190510778
South 0.20589431373

row9col8
West 0.2287714597
East 0.185304882357
North 0.2287714597
South 0.185304882357

row9col9
West 0.20589431373
East 0.166774394122
North 0.20589431373
South 0.166774394122

row9col10
West 0.185304882357
East 0.150096954709
North 0.185304882357
South 0.150096954709

row9col11
West 0.166774394122
East 0.135087259238
North 0.166774394122
South 0.135087259238

row9col12
West 0.150096954709
East 0.121578533315
North 0.150096954709
South 0.121578533315

row9col13
West 0.135087259238
East 0.109420679983
North 0.135087259238
South 0.109420679983

row9col14
West 0.121578533315
East 0.0984786119848
North 0.121578533315
South 0.0984786119848

row9col15
West 0.109420679983
East 0.0886307507864
North 0.109420679983
South 0.0886307507864

row9col16
West 0.0984786119848
East 0.0797676757077
North 0.0984786119848
South 0.0797676757077

row9col17
West 0.0886307507864
East 0.0717909081369
North 0.0886307507864
South 0.0717909081369

row9col18
West 0.0797676757077
East 0.0646118173233
North 0.0797676757077
South 0.0646118173233

row9col19
West 0.0717909081369
East 0.0581506355909
North 0.0717909081369
South 0.0581506355909

row9col20
West 0.0646118173233
East 0.0523355720318
North 0.0646118173233
South 0.0523355720318

row9col21
West 0.0581506355909
East 0.0471020148287
North 0.0581506355909
South 0.0471020148287

row9col22
West 0.0523355720318
East 1.717e-05
North 0.0523355720318
South 0.0423918133458

row10col1
West 1.717e-05
East 0.348683828228
North 0.43047386201
South 0.348683828228

row10col2
West 0.387426475809
East 0.313815445405
North 0.387426475809
South 0.313815445405

row10col3
West 0.348683828228
East 0.282433900865
North 0.348683828228
South 0.282433900865

row10col4
West 0.313815445405
East 0.254190510778
North 0.313815445405
South 0.254190510778

row10col5
West 0.282433900865
East 0.2287714597
North 0.282433900865
South 0.2287714597

row10col6
West 0.254190510778
East 0.20589431373
North 0.254190510778
South 0.20589431373

row10col7
West 0.2287714597
East 0.185304882357
North 0.2287714597
South 0.185304882357

row10col8
West 0.20589431373
East 0.166774394122
North 0.20589431373
South 0.166774394122

row10col9
West 0.185304882357
East 0.150096954709
North 0.185304882357
South 0.150096954709

row10col10
West 0.166774394122
East 0.135087259238
North 0.166774394122
South 0.135087259238

row10col11
West 0.150096954709
East 0.121578533315
North 0.150096954709
South 0.121578533315

row10col12
West 0.135087259238
East 0.109420679983
North 0.135087259238
South 0.109420679983

row10col13
West 0.121578533315
East 0.0984786119848
North 0.121578533315
South 0.0984786119848

row10col14
West 0.109420679983
East 0.0886307507864
North 0.109420679983
South 0.0886307507864

row10col15
West 0.0984786119848
East 0.0797676757077
North 0.0984786119848
South 0.0797676757077

row10col16
West 0.0886307507864
East 0.0717909081369
North 0.0886307507864
South 0.0717909081369

row10col17
West 0.0797676757077
East 0.0646118173233
North 0.0797676757077
South 0.0646118173233

row10col18
West 0.0717909081369
East 0.0581506355909
North 0.0717909081369
South 0.0581506355909

row10col19
West 0.0646118173233
East 0.0523355720318
North 0.0646118173233
South 0.0523355720318

row10col20
West 0.0581506355909
East 0.0471020148287
North 0.0581506355909
South 0.0471020148287

row10col21
West 0.0523355720318
East 0.0423918133458
North 0.0523355720318
South 0.0423918133458

row10col22
West 0.0471020148287
East 1.717e-05
North 0.0471020148287
South 0.0381526320112

row11col1
West 1.717e-05
East 0.313815445405
North 0.387426475809
South 0.313815445405

row11col2
West 0.348683828228
East 0.282433900865
North 0.348683828228
South 0.282433900865

row11col3
West 0.313815445405
East 0.254190510778
North 0.313815445405
South 0.254190510778

row11col4
West 0.282433900865
East 0.2287714597
North 0.282433900865
South 0.2287714597

row11col5
West 0.254190510778
East 0.20589431373
North 0.254190510778
South 0.20589431373

row11col6
West 0.2287714597
East 0.185304882357
North 0.2287714597
South 0.185304882357

row11col7
West 0.20589431373
East 0.166774394122
North 0.20589431373
South 0.166774394122

row11col8
West 0.185304882357
East 0.150096954709
North 0.185304882357
South 0.150096954709

row11col9
West 0.166774394122
East 0.135087259238
North 0.166774394122
South 0.135087259238

row11col10
West 0.150096954709
East 0.121578533315
North 0.150096954709
South 0.121578533315

row11col11
West 0.135087259238
East 0.109420679983
North 0.135087259238
South 0.109420679983

row11col12
West 0.121578533315
East 0.0984786119848
North 0.121578533315
South 0.0984786119848

row11col13
West 0.109420679983
East 0.0886307507864
North 0.109420679983
South 0.0886307507864

row11col14
West 0.0984786119848
East 0.0797676757077
North 0.0984786119848
South 0.0797676757077

row11col15
West 0.0886307507864
East 0.0717909081369
North 0.0886307507864
South 0.0717909081369

row11col16
West 0.0797676757077
East 0.0646118173233
North 0.0797676757077
South 0.0646118173233

row11col17
West 0.0717909081369
East 0.0581506355909
North 0.0717909081369
South 0.0581506355909

row11col18
West 0.0646118173233
East 0.0523355720318
North 0.0646118173233
South 0.0523355720318

row11col19
West 0.0581506355909
East 0.0471020148287
North 0.0581506355909
South 0.0471020148287

row11col20
West 0.0523355720318
East 0.0423918133458
North 0.0523355720318
South 0.0423918133458

row11col21
West 0.0471020148287
East 0.0381526320112
North 0.0471020148287
South 0.0381526320112

row11col22
West 0.0423918133458
East 1.717e-05
North 0.0423918133458
South 0.0343373688101

row12col1
West 1.717e-05
East 0.282433900865
North 0.348683828228
South 0.282433900865

row12col2
West 0.313815445405
East 0.254190510778
North 0.313815445405
South 0.254190510778

row12col3
West 0.282433900865
East 0.2287714597
North 0.282433900865
South 0.2287714597

row12col4
West 0.254190510778
East 0.20589431373
North 0.254190510778
South 0.20589431373

row12col5
West 0.2287714597
East 0.185304882357
North 0.2287714597
South 0.185304882357

row12col6
West 0.20589431373
East 0.166774394122
North 0.20589431373
South 0.166774394122

row12col7
West 0.185304882357
East 0.150096954709
North 0.185304882357
South 0.150096954709

row12col8
West 0.166774394122
East 0.135087259238
North 0.166774394122
South 0.135087259238

row12col9
West 0.150096954709
East 0.121578533315
North 0.150096954709
South 0.121578533315

row12col10
West 0.135087259238
East 0.109420679983
North 0.135087259238
South 0.109420679983

row12col11
West 0.121578533315
East 0.0984786119848
North 0.121578533315
South 0.0984786119848

row12col12
West 0.109420679983
East 0.0886307507864
North 0.109420679983
South 0.0886307507864

row12col13
West 0.0984786119848
East 0.0797676757077
North 0.0984786119848
South 0.0797676757077

row12col14
West 0.0886307507864
East 0.0717909081369
North 0.0886307507864
South 0.0717909081369

row12col15
West 0.0797676757077
East 0.0646118173233
North 0.0797676757077
South 0.0646118173233

row12col16
West 0.0717909081369
East 0.0581506355909
North 0.0717909081369
South 0.0581506355909

row12col17
West 0.0646118173233
East 0.0523355720318
North 0.0646118173233
South 0.0523355720318

row12col18
West 0.0581506355909
East 0.0471020148287
North 0.0581506355909
South 0.0471020148287

row12col19
West 0.0523355720318
East 0.0423918133458
North 0.0523355720318
South 0.0423918133458

row12col20
West 0.0471020148287
East 0.0381526320112
North 0.0471020148287
South 0.0381526320112

row12col21
West 0.0423918133458
East 0.0343373688101
North 0.0423918133458
South 0.0343373688101

row12col22
West 0.0381526320112
East 1.717e-05
North 0.0381526320112
South 0.0309036319291

row13col1
West 1.717e-05
East 0.254190510778
North 0.313815445405
South 0.254190510778

row13col2
West 0.282433900865
East 0.2287714597
North 0.282433900865
South 0.2287714597

row13col3
West 0.254190510778
East 0.20589431373
North 0.254190510778
South 0.20589431373

row13col4
West 0.2287714597
East 0.185304882357
North 0.2287714597
South 0.185304882357

row13col5
West 0.20589431373
East 0.166774394122
North 0.20589431373
South 0.166774394122

row13col6
West 0.185304882357
East 0.150096954709
North 0.185304882357
South 0.150096954709

row13col7
West 0.166774394122
East 0.135087259238
North 0.166774394122
South 0.135087259238

row13col8
West 0.150096954709
East 0.121578533315
North 0.150096954709
South 0.121578533315

row13col9
West 0.135087259238
East 0.109420679983
North 0.135087259238
South 0.109420679983

row13col10
West 0.121578533315
East 0.0984786119848
North 0.121578533315
South 0.0984786119848

row13col11
West 0.109420679983
East 0.0886307507864
North 0.109420679983
South 0.0886307507864

row13col12
West 0.0984786119848
East 0.0797676757077
North 0.0984786119848
South 0.0797676757077

row13col13
West 0.0886307507864
East 0.0717909081369
North 0.0886307507864
South 0.0717909081369

row13col14
West 0.0797676757077
East 0.0646118173233
North 0.0797676757077
South 0.0646118173233

row13col15
West 0.0717909081369
East 0.0581506355909
North 0.0717909081369
South 0.0581506355909

row13col16
West 0.0646118173233
East 0.0523355720318
North 0.0646118173233
South 0.0523355720318

row13col17
West 0.0581506355909
East 0.0471020148287
North 0.0581506355909
South 0.0471020148287

row13col18
West 0.0523355720318
East 0.0423918133458
North 0.0523355720318
South 0.0423918133458

row13col19
West 0.0471020148287
East 0.0381526320112
North 0.0471020148287
South 0.0381526320112

row13col20
West 0.0423918133458
East 0.0343373688101
North 0.0423918133458
South 0.0343373688101

row13col21
West 0.0381526320112
East 0.0309036319291
North 0.0381526320112
South 0.0309036319291

row13col22
West 0.0343373688101
East 1.717e-05
North 0.0343373688101
South 0.0278132687362

row14col1
West 1.717e-05
East 0.2287714597
North 0.282433900865
South 0.2287714597

row14col2
West 0.254190510778
East 0.20589431373
North 0.254190510778
South 0.20589431373

row14col3
West 0.2287714597
East 0.185304882357
North 0.2287714597
South 0.185304882357

row14col4
West 0.20589431373
East 0.166774394122
North 0.20589431373
South 0.166774394122

row14col5
West 0.185304882357
East 0.150096954709
North 0.185304882357
South 0.150096954709

row14col6
West 0.166774394122
East 0.135087259238
North 0.166774394122
South 0.135087259238

row14col7
West 0.150096954709
East 0.121578533315
North 0.150096954709
South 0.121578533315

row14col8
West 0.135087259238
East 0.109420679983
North 0.135087259238
South 0.109420679983

row14col9
West 0.121578533315
East 0.0984786119848
North 0.121578533315
South 0.0984786119848

row14col10
West 0.109420679983
East 0.0886307507864
North 0.109420679983
South 0.0886307507864

row14col11
West 0.0984786119848
East 0.0797676757077
North 0.0984786119848
South 0.0797676757077

row14col12
West 0.0886307507864
East 0.0717909081369
North 0.0886307507864
South 0.0717909081369

row14col13
West 0.0797676757077
East 0.0646118173233
North 0.0797676757077
South 0.0646118173233

row14col14
West 0.0717909081369
East 0.0581506355909
North 0.0717909081369
South 0.0581506355909

row14col15
West 0.0646118173233
East 0.0523355720318
North 0.0646118173233
South 0.0523355720318

row14col16
West 0.0581506355909
East 0.0471020148287
North 0.0581506355909
South 0.0471020148287

row14col17
West 0.0523355720318
East 0.0423918133458
North 0.0523355720318
South 0.0423918133458

row14col18
West 0.0471020148287
East 0.0381526320112
North 0.0471020148287
South 0.0381526320112

row14col19
West 0.0423918133458
East 0.0343373688101
North 0.0423918133458
South 0.0343373688101

row14col20
West 0.0381526320112
East 0.0309036319291
North 0.0381526320112
South 0.0309036319291

row14col21
West 0.0343373688101
East 0.0278132687362
North 0.0343373688101
South 0.0278132687362

row14col22
West 0.0309036319291
East 1.717e-05
North 0.0309036319291
South 0.0250319418626

row15col1
West 1.717e-05
East 0.20589431373
North 0.254190510778
South 0.20589431373

row15col2
West 0.2287714597
East 0.185304882357
North 0.2287714597
South 0.185304882357

row15col3
West 0.20589431373
East 0.166774394122
North 0.20589431373
South 0.166774394122

row15col4
West 0.185304882357
East 0.150096954709
North 0.185304882357
South 0.150096954709

row15col5
West 0.166774394122
East 0.135087259238
North 0.166774394122
South 0.135087259238

row15col6
West 0.150096954709
East 0.121578533315
North 0.150096954709
South 0.121578533315

row15col7
West 0.135087259238
East 0.109420679983
North 0.135087259238
South 0.109420679983

row15col8
West 0.121578533315
East 0.0984786119848
North 0.121578533315
South 0.0984786119848

row15col9
West 0.109420679983
East 0.0886307507864
North 0.109420679983
South 0.0886307507864

row15col10
West 0.0984786119848
East 0.0797676757077
North 0.0984786119848
South 0.0797676757077

row15col11
West 0.0886307507864
East 0.0717909081369
North 0.0886307507864
South 0.0717909081369

row15col12
West 0.0797676757077
East 0.0646118173233
North 0.0797676757077
South 0.0646118173233

row15col13
West 0.0717909081369
East 0.0581506355909
North 0.0717909081369
South 0.0581506355909

row15col14
West 0.0646118173233
East 0.0523355720318
North 0.0646118173233
South 0.0523355720318

row15col15
West 0.0581506355909
East 0.0471020148287
North 0.0581506355909
South 0.0471020148287

row15col16
West 0.0523355720318
East 0.0423918133458
North 0.0523355720318
South 0.0423918133458

row15col17
West 0.0471020148287
East 0.0381526320112
North 0.0471020148287
South 0.0381526320112

row15col18
West 0.0423918133458
East 0.0343373688101
North 0.0423918133458
South 0.0343373688101

row15col19
West 0.0381526320112
East 0.0309036319291
North 0.0381526320112
South 0.0309036319291

row15col20
West 0.0343373688101
East 0.0278132687362
North 0.0343373688101
South 0.0278132687362

row15col21
West 0.0309036319291
East 0.0250319418626
North 0.0309036319291
South 0.0250319418626

row15col22
West 0.0278132687362
East 1.717e-05
North 0.0278132687362
South 0.0225287476763

row16col1
West 1.717e-05
East 0.185304882357
North 0.2287714597
South 0.185304882357

row16col2
West 0.20589431373
East 0.166774394122
North 0.20589431373
South 0.166774394122

row16col3
West 0.185304882357
East 0.150096954709
North 0.185304882357
South 0.150096954709

row16col4
West 0.166774394122
East 0.135087259238
North 0.166774394122
South 0.135087259238

row16col5
West 0.150096954709
East 0.121578533315
North 0.150096954709
South 0.121578533315

row16col6
West 0.135087259238
East 0.109420679983
North 0.135087259238
South 0.109420679983

row16col7
West 0.121578533315
East 0.0984786119848
North 0.121578533315
South 0.0984786119848

row16col8
West 0.109420679983
East 0.0886307507864
North 0.109420679983
South 0.0886307507864

row16col9
West 0.0984786119848
East 0.0797676757077
North 0.0984786119848
South 0.0797676757077

row16col10
West 0.0886307507864
East 0.0717909081369
North 0.0886307507864
South 0.0717909081369

row16col11
West 0.0797676757077
East 0.0646118173233
North 0.0797676757077
South 0.0646118173233

row16col12
West 0.0717909081369
East 0.0581506355909
North 0.0717909081369
South 0.0581506355909

row16col13
West 0.0646118173233
East 0.0523355720318
North 0.0646118173233
South 0.0523355720318

row16col14
West 0.0581506355909
East 0.0471020148287
North 0.0581506355909
South 0.0471020148287

row16col15
West 0.0523355720318
East 0.0423918133458
North 0.0523355720318
South 0.0423918133458

row16col16
West 0.0471020148287
East 0.0381526320112
North 0.0471020148287
South 0.0381526320112

row16col17
West 0.0423918133458
East 0.0343373688101
North 0.0423918133458
South 0.0343373688101

row16col18
West 0.0381526320112
East 0.0309036319291
North 0.0381526320112
South 0.0309036319291

row16col19
West 0.0343373688101
East 0.0278132687362
North 0.0343373688101
South 0.0278132687362

row16col20
West 0.0309036319291
East 0.0250319418626
North 0.0309036319291
South 0.0250319418626

row16col21
West 0.0278132687362
East 0.0225287476763
North 0.0278132687362
South 0.0225287476763

row16col22
West 0.0250319418626
East 1.717e-05
North 0.0250319418626
South 0.0202758729087

row17col1
West 1.717e-05
East 0.166774394122
North 0.20589431373
South 0.166774394122

row17col2
West 0.185304882357
East 0.150096954709
North 0.185304882357
South 0.150096954709

row17col3
West 0.166774394122
East 0.135087259238
North 0.166774394122
South 0.135087259238

row17col4
West 0.150096954709
East 0.121578533315
North 0.150096954709
South 0.121578533315

row17col5
West 0.135087259238
East 0.109420679983
North 0.135087259238
South 0.109420679983

row17col6
West 0.121578533315
East 0.0984786119848
North 0.121578533315
South 0.0984786119848

row17col7
West 0.109420679983
East 0.0886307507864
North 0.109420679983
South 0.0886307507864

row17col8
West 0.0984786119848
East 0.0797676757077
North 0.0984786119848
South 0.0797676757077

row17col9
West 0.0886307507864
East 0.0717909081369
North 0.0886307507864
South 0.0717909081369

row17col10
West 0.0797676757077
East 0.0646118173233
North 0.0797676757077
South 0.0646118173233

row17col11
West 0.0717909081369
East 0.0581506355909
North 0.0717909081369
South 0.0581506355909

row17col12
West 0.0646118173233
East 0.0523355720318
North 0.0646118173233
South 0.0523355720318

row17col13
West 0.0581506355909
East 0.0471020148287
North 0.0581506355909
South 0.0471020148287

row17col14
West 0.0523355720318
East 0.0423918133458
North 0.0523355720318
South 0.0423918133458

row17col15
West 0.0471020148287
East 0.0381526320112
North 0.0471020148287
South 0.0381526320112

row17col16
West 0.0423918133458
East 0.0343373688101
North 0.0423918133458
South 0.0343373688101

row17col17
West 0.0381526320112
East 0.0309036319291
North 0.0381526320112
South 0.0309036319291

row17col18
West 0.0343373688101
East 0.0278132687362
North 0.0343373688101
South 0.0278132687362

row17col19
West 0.0309036319291
East 0.0250319418626
North 0.0309036319291
South 0.0250319418626

row17col20
West 0.0278132687362
East 0.0225287476763
North 0.0278132687362
South 0.0225287476763

row17col21
West 0.0250319418626
East 0.0202758729087
North 0.0250319418626
South 0.0202758729087

row17col22
West 0.0225287476763
East 1.717e-05
North 0.0225287476763
South 0.0182482856178

row18col1
West 1.717e-05
East 0.150096954709
North 0.185304882357
South 0.150096954709

row18col2
West 0.166774394122
East 0.135087259238
North 0.166774394122
South 0.135087259238

row18col3
West 0.150096954709
East 0.121578533315
North 0.150096954709
South 0.121578533315

row18col4
West 0.135087259238
East 0.109420679983
North 0.135087259238
South 0.109420679983

row18col5
West 0.121578533315
East 0.0984786119848
North 0.121578533315
South 0.0984786119848

row18col6
West 0.109420679983
East 0.0886307507864
North 0.109420679983
South 0.0886307507864

row18col7
West 0.0984786119848
East 0.0797676757077
North 0.0984786119848
South 0.0797676757077

row18col8
West 0.0886307507864
East 0.0717909081369
North 0.0886307507864
South 0.0717909081369

row18col9
West 0.0797676757077
East 0.0646118173233
North 0.0797676757077
South 0.0646118173233

row18col10
West 0.0717909081369
East 0.0581506355909
North 0.0717909081369
South 0.0581506355909

row18col11
West 0.0646118173233
East 0.0523355720318
North 0.0646118173233
South 0.0523355720318

row18col12
West 0.0581506355909
East 0.0471020148287
North 0.0581506355909
South 0.0471020148287

row18col13
West 0.0523355720318
East 0.0423918133458
North 0.0523355720318
South 0.0423918133458

row18col14
West 0.0471020148287
East 0.0381526320112
North 0.0471020148287
South 0.0381526320112

row18col15
West 0.0423918133458
East 0.0343373688101
North 0.0423918133458
South 0.0343373688101

row18col16
West 0.0381526320112
East 0.0309036319291
North 0.0381526320112
South 0.0309036319291

row18col17
West 0.0343373688101
East 0.0278132687362
North 0.0343373688101
South 0.0278132687362

row18col18
West 0.0309036319291
East 0.0250319418626
North 0.0309036319291
South 0.0250319418626

row18col19
West 0.0278132687362
East 0.0225287476763
North 0.0278132687362
South 0.0225287476763

row18col20
West 0.0250319418626
East 0.0202758729087
North 0.0250319418626
South 0.0202758729087

row18col21
West 0.0225287476763
East 0.0182482856178
North 0.0225287476763
South 0.0182482856178

row18col22
West 0.0202758729087
East 1.717e-05
North 0.0202758729087
South 0.016423457056

row19col1
West 1.717e-05
East 0.135087259238
North 0.166774394122
South 1.717e-05

row19col2
West 0.150096954709
East 0.121578533315
North 0.150096954709
South 1.717e-05

row19col3
West 0.135087259238
East 0.109420679983
North 0.135087259238
South 1.717e-05

row19col4
West 0.121578533315
East 0.0984786119848
North 0.121578533315
South 1.717e-05

row19col5
West 0.109420679983
East 0.0886307507864
North 0.109420679983
South 1.717e-05

row19col6
West 0.0984786119848
East 0.0797676757077
North 0.0984786119848
South 1.717e-05

row19col7
West 0.0886307507864
East 0.0717909081369
North 0.0886307507864
South 1.717e-05

row19col8
West 0.0797676757077
East 0.0646118173233
North 0.0797676757077
South 1.717e-05

row19col9
West 0.0717909081369
East 0.0581506355909
North 0.0717909081369
South 1.717e-05

row19col10
West 0.0646118173233
East 0.0523355720318
North 0.0646118173233
South 1.717e-05

row19col11
West 0.0581506355909
East 0.0471020148287
North 0.0581506355909
South 1.717e-05

row19col12
West 0.0523355720318
East 0.0423918133458
North 0.0523355720318
South 1.717e-05

row19col13
West 0.0471020148287
East 0.0381526320112
North 0.0471020148287
South 1.717e-05

row19col14
West 0.0423918133458
East 0.0343373688101
North 0.0423918133458
South 1.717e-05

row19col15
West 0.0381526320112
East 0.0309036319291
North 0.0381526320112
South 1.717e-05

row19col16
West 0.0343373688101
East 0.0278132687362
North 0.0343373688101
South 1.717e-05

row19col17
West 0.0309036319291
East 0.0250319418626
North 0.0309036319291
South 1.717e-05

row19col18
West 0.0278132687362
East 0.0225287476763
North 0.0278132687362
South 1.717e-05

row19col19
West 0.0250319418626
East 0.0202758729087
North 0.0250319418626
South 1.717e-05

row19col20
West 0.0225287476763
East 0.0182482856178
North 0.0225287476763
South 1.717e-05

row19col21
West 0.0202758729087
East 0.016423457056
North 0.0202758729087
South 1.717e-05

row19col22
West 0.0182482856178
East 1.717e-05
North 0.0182482856178
South 1.717e-05
