
row1col1
West 0.2852330658
East 0.906087382428
North 0.33167738082
South 0.299749496416

row1col2
West 0.7350961217
East 1.0000163115
North 0.914997304907
South 0.901074206433

row1col3
West 1.717e-05
East 1.717e-05
North 1.717e-05
South 1.717e-05

row1col4
West 1.0000163115
East 0.84173629476
North 0.931569229026
South 0.938469422529

row1col5
West 0.937570105771
East 0.493938532678
North 0.496151383567
South 0.481557416538
