row1col1 West
row1col2 North
row1col3 South
row1col4 South
row1col5 South
row1col7 North
row1col8 West
row1col9 South
row1col10 East
row1col11 North
row1col13 North
row1col14 North
row1col15 North
row1col16 West
row1col18 North
row1col19 West
row1col20 South
row1col21 North
row1col22 North
row2col1 East
row2col2 South
row2col3 West
row2col4 North
row2col5 East
row2col7 West
row2col8 South
row2col9 West
row2col10 North
row2col11 West
row2col13 West
row2col14 North
row2col15 South
row2col16 West
row2col17 East
row2col18 West
row2col19 South
row2col20 North
row2col21 North
row2col22 North
row3col1 North
row3col2 West
row3col3 East
row3col4 East
row3col5 South
row3col7 West
row3col8 West
row3col9 West
row3col10 North
row3col11 West
row3col13 West
row3col14 East
row3col15 South
row3col16 South
row3col18 South
row3col19 West
row3col20 South
row3col21 North
row3col22 South
row4col5 West
row4col9 South
row4col13 South
row5col1 North
row5col2 West
row5col3 North
row5col5 East
row5col6 West
row5col7 East
row5col8 North
row5col9 West
row5col10 East
row5col11 South
row5col12 West
row5col13 North
row5col14 South
row5col15 North
row5col16 North
row5col17 East
row5col18 South
row5col20 South
row5col21 West
row5col22 East
row6col1 East
row6col2 East
row6col3 South
row6col5 East
row6col6 East
row6col7 North
row6col8 North
row6col9 West
row6col10 West
row6col11 West
row6col12 West
row6col13 East
row6col14 South
row6col15 West
row6col16 South
row6col17 East
row6col18 South
row6col19 West
row6col20 South
row6col21 North
row6col22 East
row7col1 North
row7col2 North
row7col3 North
row7col5 West
row7col6 West
row7col10 South
row7col17 East
row7col18 North
row7col20 North
row7col21 East
row7col22 West
row8col1 South
row8col2 West
row8col3 South
row8col4 East
row8col5 West
row8col6 South
row8col8 East
row8col9 West
row8col10 South
row8col11 North
row8col12 West
row8col13 East
row8col14 North
row8col15 North
row8col17 East
row8col18 West
row9col5 North
row9col6 West
row9col8 South
row9col9 South
row9col10 North
row9col11 East
row9col12 North
row9col13 East
row9col14 North
row9col15 South
row9col17 East
row9col18 North
row9col20 East
row9col21 East
row9col22 South
row10col1 South
row10col2 East
row10col3 North
row10col5 East
row10col6 South
row10col17 East
row10col18 East
row10col20 West
row10col21 North
row10col22 East
row11col1 North
row11col2 West
row11col3 North
row11col4 West
row11col5 North
row11col6 West
row11col8 East
row11col9 East
row11col10 North
row11col12 West
row11col13 East
row11col14 East
row11col15 West
row11col17 North
row11col18 South
row11col20 West
row11col21 West
row11col22 South
row12col1 North
row12col2 West
row12col3 South
row12col5 East
row12col6 North
row12col8 South
row12col9 West
row12col10 South
row12col12 South
row12col13 East
row12col14 North
row12col15 North
row12col16 West
row12col17 East
row12col18 South
row12col20 East
row12col21 East
row12col22 North
row13col5 East
row13col6 West
row13col9 South
row13col17 West
row13col18 West
row13col21 East
row14col1 West
row14col2 North
row14col3 East
row14col4 East
row14col5 South
row14col6 North
row14col7 South
row14col8 North
row14col9 South
row14col10 North
row14col11 South
row14col12 West
row14col13 East
row14col14 South
row14col15 West
row14col16 South
row14col17 North
row14col18 North
row14col19 West
row14col20 West
row14col21 South
row14col22 South
row15col1 West
row15col2 West
row15col3 North
row15col4 East
row15col5 North
row15col6 West
row15col7 South
row15col8 South
row15col9 North
row15col10 North
row15col11 West
row15col12 North
row15col13 West
row15col14 North
row15col15 East
row15col16 West
row15col17 East
row15col18 West
row15col19 East
row15col20 West
row15col21 West
row15col22 South
row16col2 East
row16col7 South
row16col15 South
row17col1 South
row17col2 West
row17col3 North
row17col4 South
row17col6 North
row17col7 North
row17col8 South
row17col9 East
row17col10 West
row17col11 North
row17col13 North
row17col14 West
row17col15 South
row17col16 South
row17col18 South
row17col19 East
row17col20 East
row17col21 North
row17col22 East
row18col1 West
row18col2 South
row18col3 North
row18col4 North
row18col6 North
row18col7 East
row18col8 South
row18col9 East
row18col10 East
row18col11 South
row18col13 West
row18col14 West
row18col15 South
row18col16 North
row18col17 South
row18col18 South
row18col19 East
row18col20 South
row18col21 West
row18col22 North
row19col1 West
row19col2 West
row19col3 West
row19col4 North
row19col6 East
row19col7 South
row19col8 North
row19col9 South
row19col10 South
row19col11 South
row19col13 North
row19col14 East
row19col15 North
row19col16 South
row19col18 South
row19col19 East
row19col20 West
row19col21 North
row19col22 North
