row1col1 South
row1col2 West
row1col3 West
row1col4 West
row2col1 North
row2col2 North
row2col3 West
row2col4 West
row3col1 North
row3col2 North
row3col3 North
row3col4 North
row4col1 North
row4col2 North
row4col3 North
row4col4 North
