1.956000000000000000e+03 4.400000000000000000e+01
