row1col1 South
row1col2 North
row1col3 West
row1col4 South
row1col5 North
row1col7 South
row1col8 South
row1col9 East
row1col10 South
row1col11 North
row1col13 West
row1col14 North
row1col15 South
row1col16 South
row1col18 North
row1col19 South
row1col20 North
row1col21 West
row1col22 West
row2col1 West
row2col2 West
row2col3 North
row2col4 West
row2col5 West
row2col7 North
row2col8 South
row2col9 East
row2col10 South
row2col11 South
row2col13 North
row2col14 West
row2col15 East
row2col16 East
row2col17 West
row2col18 East
row2col19 North
row2col20 East
row2col21 North
row2col22 North
row3col1 West
row3col2 East
row3col3 South
row3col4 East
row3col5 South
row3col7 East
row3col8 North
row3col9 South
row3col10 East
row3col11 East
row3col13 East
row3col14 East
row3col15 South
row3col16 North
row3col18 West
row3col19 East
row3col20 North
row3col21 North
row3col22 North
row4col5 North
row4col9 South
row4col13 North
row5col1 North
row5col2 East
row5col3 South
row5col5 South
row5col6 East
row5col7 East
row5col8 South
row5col9 East
row5col10 West
row5col11 East
row5col12 West
row5col13 West
row5col14 North
row5col15 South
row5col16 North
row5col17 North
row5col18 West
row5col20 North
row5col21 South
row5col22 East
row6col1 East
row6col2 South
row6col3 North
row6col5 West
row6col6 South
row6col7 East
row6col8 East
row6col9 South
row6col10 East
row6col11 East
row6col12 West
row6col13 East
row6col14 North
row6col15 East
row6col16 South
row6col17 East
row6col18 South
row6col19 South
row6col20 West
row6col21 South
row6col22 South
row7col1 North
row7col2 South
row7col3 North
row7col5 North
row7col6 North
row7col10 East
row7col17 East
row7col18 West
row7col20 North
row7col21 West
row7col22 North
row8col1 West
row8col2 North
row8col3 South
row8col4 West
row8col5 East
row8col6 North
row8col8 South
row8col9 South
row8col10 West
row8col11 East
row8col12 North
row8col13 North
row8col14 West
row8col15 East
row8col17 East
row8col18 East
row9col5 East
row9col6 North
row9col8 East
row9col9 West
row9col10 East
row9col11 South
row9col12 East
row9col13 East
row9col14 West
row9col15 East
row9col17 East
row9col18 West
row9col20 East
row9col21 East
row9col22 South
row10col1 North
row10col2 South
row10col3 West
row10col5 North
row10col6 West
row10col17 North
row10col18 North
row10col20 North
row10col21 West
row10col22 North
row11col1 East
row11col2 North
row11col3 West
row11col4 North
row11col5 North
row11col6 West
row11col8 West
row11col9 West
row11col10 North
row11col12 East
row11col13 East
row11col14 South
row11col15 South
row11col17 East
row11col18 West
row11col20 South
row11col21 West
row11col22 North
row12col1 East
row12col2 East
row12col3 West
row12col5 South
row12col6 North
row12col8 West
row12col9 West
row12col10 West
row12col12 South
row12col13 East
row12col14 South
row12col15 North
row12col16 North
row12col17 North
row12col18 East
row12col20 East
row12col21 South
row12col22 East
row13col5 East
row13col6 North
row13col9 North
row13col17 East
row13col18 North
row13col21 West
row14col1 East
row14col2 South
row14col3 West
row14col4 South
row14col5 South
row14col6 East
row14col7 East
row14col8 North
row14col9 South
row14col10 West
row14col11 South
row14col12 North
row14col13 East
row14col14 North
row14col15 West
row14col16 East
row14col17 East
row14col18 West
row14col19 North
row14col20 East
row14col21 West
row14col22 West
row15col1 North
row15col2 West
row15col3 East
row15col4 East
row15col5 South
row15col6 South
row15col7 South
row15col8 South
row15col9 East
row15col10 North
row15col11 North
row15col12 West
row15col13 West
row15col14 South
row15col15 East
row15col16 East
row15col17 West
row15col18 North
row15col19 East
row15col20 North
row15col21 North
row15col22 East
row16col2 North
row16col7 West
row16col15 South
row17col1 North
row17col2 North
row17col3 South
row17col4 West
row17col6 North
row17col7 North
row17col8 North
row17col9 West
row17col10 North
row17col11 West
row17col13 South
row17col14 North
row17col15 West
row17col16 North
row17col18 West
row17col19 East
row17col20 East
row17col21 West
row17col22 East
row18col1 East
row18col2 North
row18col3 South
row18col4 West
row18col6 East
row18col7 West
row18col8 South
row18col9 East
row18col10 South
row18col11 South
row18col13 West
row18col14 South
row18col15 East
row18col16 North
row18col17 West
row18col18 North
row18col19 West
row18col20 South
row18col21 North
row18col22 South
row19col1 South
row19col2 East
row19col3 West
row19col4 East
row19col6 North
row19col7 South
row19col8 North
row19col9 East
row19col10 South
row19col11 South
row19col13 West
row19col14 North
row19col15 West
row19col16 West
row19col18 South
row19col19 East
row19col20 East
row19col21 West
row19col22 South
