row1col1 East
row1col2 East
row1col3 East
row1col4 East
row1col5 East
row1col6 East
row1col7 East
row1col8 East
row1col9 East
row1col10 East
row1col11 East
row1col12 East
row1col13 East
row1col14 East
row1col15 East
row1col16 East
row1col17 East
row1col18 East
row1col19 East
row1col20 East
row1col21 East
row1col22 East
row1col23 East
row1col24 East
row1col25 East
row1col26 East
row1col27 East
row1col28 East
row1col29 East
row1col30 East
row1col31 East
row1col32 East
row1col33 East
row1col34 East
row1col35 East
row1col36 East
row1col37 East
row1col38 East
row1col39 East
row1col40 East
row1col41 East
row1col42 East
row1col43 East
row1col44 East
row1col45 East
row1col46 East
row1col47 East
row1col48 East
row1col49 East
row1col50 West
row1col51 West
row1col52 West
row1col53 West
row1col54 West
row1col55 West
row1col56 West
row1col57 West
row1col58 West
row1col59 West
row1col60 West
row1col61 West
row1col62 West
row1col63 West
row1col64 West
row1col65 West
row1col66 West
row1col67 West
row1col68 West
row1col69 West
row1col70 West
row1col71 West
row1col72 West
row1col73 West
row1col74 West
row1col75 West
row1col76 West
row1col77 West
row1col78 West
row1col79 West
row1col80 West
row1col81 West
row1col82 West
row1col83 West
row1col84 West
row1col85 West
row1col86 West
row1col87 West
row1col88 West
row1col89 West
row1col90 West
row1col91 West
row1col92 West
row1col93 West
row1col94 West
row1col95 West
row1col96 West
row1col97 West
row1col98 West
row1col99 West
