
row1col1
West 1.717e-05
East 0.00636278374069
North 1.717e-05
South 1.717e-05

row1col2
West 0.00545960999234
East 0.00706975973746
North 1.717e-05
South 1.717e-05

row1col3
West 0.00635048654916
East 0.00785528859718
North 1.717e-05
South 1.717e-05

row1col4
West 0.00706929822296
East 0.00872809844131
North 1.717e-05
South 1.717e-05

row1col5
West 0.0078530398499
East 0.00969788715701
North 1.717e-05
South 1.717e-05

row1col6
West 0.00872809843955
East 0.0107754301745
North 1.717e-05
South 1.717e-05

row1col7
West 0.00969788715698
East 0.0119727001938
North 1.717e-05
South 1.717e-05

row1col8
West 0.0107754301745
East 0.0133030002154
North 1.717e-05
South 1.717e-05

row1col9
West 0.0119727001938
East 0.0147811113504
North 1.717e-05
South 1.717e-05

row1col10
West 0.0133030002154
East 0.016423457056
North 1.717e-05
South 1.717e-05

row1col11
West 0.0147811113504
East 0.0182482856178
North 1.717e-05
South 1.717e-05

row1col12
West 0.016423457056
East 0.0202758729087
North 1.717e-05
South 1.717e-05

row1col13
West 0.0182482856178
East 0.0225287476763
North 1.717e-05
South 1.717e-05

row1col14
West 0.0202758729087
East 0.0250319418626
North 1.717e-05
South 1.717e-05

row1col15
West 0.0225287476763
East 0.0278132687362
North 1.717e-05
South 1.717e-05

row1col16
West 0.0250319418626
East 0.0309036319291
North 1.717e-05
South 1.717e-05

row1col17
West 0.0278132687362
East 0.0343373688101
North 1.717e-05
South 1.717e-05

row1col18
West 0.0309036319291
East 0.0381526320112
North 1.717e-05
South 1.717e-05

row1col19
West 0.0343373688101
East 0.0423918133458
North 1.717e-05
South 1.717e-05

row1col20
West 0.0381526320112
East 0.0471020148287
North 1.717e-05
South 1.717e-05

row1col21
West 0.0423918133458
East 0.0523355720318
North 1.717e-05
South 1.717e-05

row1col22
West 0.0471020148287
East 0.0581506355909
North 1.717e-05
South 1.717e-05

row1col23
West 0.0523355720318
East 0.0646118173233
North 1.717e-05
South 1.717e-05

row1col24
West 0.0581506355909
East 0.0717909081369
North 1.717e-05
South 1.717e-05

row1col25
West 0.0646118173233
East 0.0797676757077
North 1.717e-05
South 1.717e-05

row1col26
West 0.0717909081369
East 0.0886307507864
North 1.717e-05
South 1.717e-05

row1col27
West 0.0797676757077
East 0.0984786119848
North 1.717e-05
South 1.717e-05

row1col28
West 0.0886307507864
East 0.109420679983
North 1.717e-05
South 1.717e-05

row1col29
West 0.0984786119848
East 0.121578533315
North 1.717e-05
South 1.717e-05

row1col30
West 0.109420679983
East 0.135087259238
North 1.717e-05
South 1.717e-05

row1col31
West 0.121578533315
East 0.150096954709
North 1.717e-05
South 1.717e-05

row1col32
West 0.135087259238
East 0.166774394122
North 1.717e-05
South 1.717e-05

row1col33
West 0.150096954709
East 0.185304882357
North 1.717e-05
South 1.717e-05

row1col34
West 0.166774394122
East 0.20589431373
North 1.717e-05
South 1.717e-05

row1col35
West 0.185304882357
East 0.2287714597
North 1.717e-05
South 1.717e-05

row1col36
West 0.20589431373
East 0.254190510778
North 1.717e-05
South 1.717e-05

row1col37
West 0.2287714597
East 0.282433900865
North 1.717e-05
South 1.717e-05

row1col38
West 0.254190510778
East 0.313815445405
North 1.717e-05
South 1.717e-05

row1col39
West 0.282433900865
East 0.348683828228
North 1.717e-05
South 1.717e-05

row1col40
West 0.313815445405
East 0.387426475809
North 1.717e-05
South 1.717e-05

row1col41
West 0.348683828228
East 0.43047386201
North 1.717e-05
South 1.717e-05

row1col42
West 0.387426475809
East 0.478304291122
North 1.717e-05
South 1.717e-05

row1col43
West 0.43047386201
East 0.531449212358
North 1.717e-05
South 1.717e-05

row1col44
West 0.478304291122
East 0.590499124842
North 1.717e-05
South 1.717e-05

row1col45
West 0.531449212358
East 0.656110138713
North 1.717e-05
South 1.717e-05

row1col46
West 0.590499124842
East 0.729011265237
North 1.717e-05
South 1.717e-05

row1col47
West 0.656110138713
East 0.81001251693
North 1.717e-05
South 1.717e-05

row1col48
West 0.729011265237
East 0.9000139077
North 1.717e-05
South 1.717e-05

row1col49
West 0.81001251693
East 1.000015453
North 1.717e-05
South 1.717e-05

row1col50
West 1.717e-05
East 1.717e-05
North 1.717e-05
South 1.717e-05

row1col51
West 1.000015453
East 0.81001251693
North 1.717e-05
South 1.717e-05

row1col52
West 0.9000139077
East 0.729011265237
North 1.717e-05
South 1.717e-05

row1col53
West 0.81001251693
East 0.656110138713
North 1.717e-05
South 1.717e-05

row1col54
West 0.729011265237
East 0.590499124842
North 1.717e-05
South 1.717e-05

row1col55
West 0.656110138713
East 0.531449212358
North 1.717e-05
South 1.717e-05

row1col56
West 0.590499124842
East 0.478304291122
North 1.717e-05
South 1.717e-05

row1col57
West 0.531449212358
East 0.43047386201
North 1.717e-05
South 1.717e-05

row1col58
West 0.478304291122
East 0.387426475809
North 1.717e-05
South 1.717e-05

row1col59
West 0.43047386201
East 0.348683828228
North 1.717e-05
South 1.717e-05

row1col60
West 0.387426475809
East 0.313815445405
North 1.717e-05
South 1.717e-05

row1col61
West 0.348683828228
East 0.282433900865
North 1.717e-05
South 1.717e-05

row1col62
West 0.313815445405
East 0.254190510778
North 1.717e-05
South 1.717e-05

row1col63
West 0.282433900865
East 0.2287714597
North 1.717e-05
South 1.717e-05

row1col64
West 0.254190510778
East 0.20589431373
North 1.717e-05
South 1.717e-05

row1col65
West 0.2287714597
East 0.185304882357
North 1.717e-05
South 1.717e-05

row1col66
West 0.20589431373
East 0.166774394122
North 1.717e-05
South 1.717e-05

row1col67
West 0.185304882357
East 0.150096954709
North 1.717e-05
South 1.717e-05

row1col68
West 0.166774394122
East 0.135087259238
North 1.717e-05
South 1.717e-05

row1col69
West 0.150096954709
East 0.121578533315
North 1.717e-05
South 1.717e-05

row1col70
West 0.135087259238
East 0.109420679983
North 1.717e-05
South 1.717e-05

row1col71
West 0.121578533315
East 0.0984786119848
North 1.717e-05
South 1.717e-05

row1col72
West 0.109420679983
East 0.0886307507864
North 1.717e-05
South 1.717e-05

row1col73
West 0.0984786119848
East 0.0797676757077
North 1.717e-05
South 1.717e-05

row1col74
West 0.0886307507864
East 0.0717909081369
North 1.717e-05
South 1.717e-05

row1col75
West 0.0797676757077
East 0.0646118173233
North 1.717e-05
South 1.717e-05

row1col76
West 0.0717909081369
East 0.0581506355909
North 1.717e-05
South 1.717e-05

row1col77
West 0.0646118173233
East 0.0523355720318
North 1.717e-05
South 1.717e-05

row1col78
West 0.0581506355909
East 0.0471020148287
North 1.717e-05
South 1.717e-05

row1col79
West 0.0523355720318
East 0.0423918133458
North 1.717e-05
South 1.717e-05

row1col80
West 0.0471020148287
East 0.0381526320112
North 1.717e-05
South 1.717e-05

row1col81
West 0.0423918133458
East 0.0343373688101
North 1.717e-05
South 1.717e-05

row1col82
West 0.0381526320112
East 0.0309036319291
North 1.717e-05
South 1.717e-05

row1col83
West 0.0343373688101
East 0.0278132687362
North 1.717e-05
South 1.717e-05

row1col84
West 0.0309036319291
East 0.0250319418626
North 1.717e-05
South 1.717e-05

row1col85
West 0.0278132687362
East 0.0225287476763
North 1.717e-05
South 1.717e-05

row1col86
West 0.0250319418626
East 0.0202758729087
North 1.717e-05
South 1.717e-05

row1col87
West 0.0225287476763
East 0.0182482856178
North 1.717e-05
South 1.717e-05

row1col88
West 0.0202758729087
East 0.016423457056
North 1.717e-05
South 1.717e-05

row1col89
West 0.0182482856178
East 0.0147811113504
North 1.717e-05
South 1.717e-05

row1col90
West 0.016423457056
East 0.0133030002154
North 1.717e-05
South 1.717e-05

row1col91
West 0.0147811113504
East 0.0119727001938
North 1.717e-05
South 1.717e-05

row1col92
West 0.0133030002154
East 0.0107754301745
North 1.717e-05
South 1.717e-05

row1col93
West 0.0119727001938
East 0.00969788715701
North 1.717e-05
South 1.717e-05

row1col94
West 0.0107754301745
East 0.00872809844131
North 1.717e-05
South 1.717e-05

row1col95
West 0.00969788715701
East 0.00785528859715
North 1.717e-05
South 1.717e-05

row1col96
West 0.00872809844131
East 0.00706975973745
North 1.717e-05
South 1.717e-05

row1col97
West 0.00785528859718
East 0.00636278362511
North 1.717e-05
South 1.717e-05

row1col98
West 0.00706975973746
East 0.00572650498512
North 1.717e-05
South 1.717e-05

row1col99
West 0.00636278376371
East 1.717e-05
North 1.717e-05
South 1.717e-05
