row1col1 North
row1col2 North
row1col3 West
row1col4 South
row1col5 South
row1col7 North
row1col8 North
row1col9 East
row1col10 North
row1col11 North
row1col13 East
row1col14 East
row1col15 West
row1col16 South
row1col18 South
row1col19 South
row1col20 South
row1col21 South
row1col22 South
row2col1 West
row2col2 South
row2col3 South
row2col4 East
row2col5 North
row2col7 South
row2col8 East
row2col9 South
row2col10 West
row2col11 North
row2col13 North
row2col14 North
row2col15 North
row2col16 West
row2col17 West
row2col18 East
row2col19 South
row2col20 South
row2col21 South
row2col22 West
row3col1 East
row3col2 West
row3col3 West
row3col4 South
row3col5 West
row3col7 North
row3col8 South
row3col9 North
row3col10 West
row3col11 West
row3col13 West
row3col14 West
row3col15 East
row3col16 North
row3col18 South
row3col19 South
row3col20 West
row3col21 West
row3col22 North
row4col5 East
row4col9 East
row4col13 East
row5col1 South
row5col2 West
row5col3 West
row5col5 East
row5col6 North
row5col7 North
row5col8 East
row5col9 North
row5col10 North
row5col11 South
row5col12 North
row5col13 South
row5col14 South
row5col15 North
row5col16 South
row5col17 East
row5col18 East
row5col20 West
row5col21 East
row5col22 East
row6col1 South
row6col2 North
row6col3 North
row6col5 North
row6col6 West
row6col7 South
row6col8 West
row6col9 West
row6col10 North
row6col11 East
row6col12 West
row6col13 West
row6col14 East
row6col15 East
row6col16 South
row6col17 North
row6col18 North
row6col19 East
row6col20 North
row6col21 North
row6col22 North
row7col1 West
row7col2 South
row7col3 South
row7col5 West
row7col6 West
row7col10 East
row7col17 East
row7col18 West
row7col20 East
row7col21 South
row7col22 North
row8col1 East
row8col2 South
row8col3 West
row8col4 South
row8col5 West
row8col6 West
row8col8 West
row8col9 South
row8col10 East
row8col11 South
row8col12 South
row8col13 East
row8col14 North
row8col15 East
row8col17 East
row8col18 South
row9col5 North
row9col6 West
row9col8 West
row9col9 East
row9col10 West
row9col11 West
row9col12 East
row9col13 West
row9col14 North
row9col15 North
row9col17 East
row9col18 East
row9col20 East
row9col21 East
row9col22 West
row10col1 South
row10col2 West
row10col3 South
row10col5 West
row10col6 South
row10col17 North
row10col18 North
row10col20 West
row10col21 North
row10col22 South
row11col1 South
row11col2 East
row11col3 East
row11col4 East
row11col5 North
row11col6 South
row11col8 West
row11col9 South
row11col10 East
row11col12 South
row11col13 North
row11col14 West
row11col15 North
row11col17 East
row11col18 North
row11col20 South
row11col21 East
row11col22 South
row12col1 East
row12col2 East
row12col3 South
row12col5 North
row12col6 West
row12col8 West
row12col9 North
row12col10 North
row12col12 North
row12col13 South
row12col14 West
row12col15 West
row12col16 South
row12col17 North
row12col18 East
row12col20 West
row12col21 East
row12col22 South
row13col5 South
row13col6 East
row13col9 East
row13col17 East
row13col18 West
row13col21 West
row14col1 East
row14col2 East
row14col3 South
row14col4 North
row14col5 South
row14col6 South
row14col7 East
row14col8 North
row14col9 West
row14col10 East
row14col11 East
row14col12 North
row14col13 East
row14col14 West
row14col15 South
row14col16 East
row14col17 South
row14col18 South
row14col19 North
row14col20 North
row14col21 North
row14col22 West
row15col1 North
row15col2 West
row15col3 North
row15col4 East
row15col5 East
row15col6 East
row15col7 West
row15col8 West
row15col9 South
row15col10 South
row15col11 West
row15col12 South
row15col13 East
row15col14 West
row15col15 East
row15col16 South
row15col17 East
row15col18 East
row15col19 North
row15col20 East
row15col21 South
row15col22 North
row16col2 South
row16col7 North
row16col15 South
row17col1 North
row17col2 North
row17col3 West
row17col4 North
row17col6 East
row17col7 East
row17col8 West
row17col9 East
row17col10 South
row17col11 North
row17col13 South
row17col14 North
row17col15 South
row17col16 North
row17col18 North
row17col19 North
row17col20 East
row17col21 South
row17col22 West
row18col1 South
row18col2 North
row18col3 North
row18col4 South
row18col6 East
row18col7 North
row18col8 North
row18col9 North
row18col10 East
row18col11 South
row18col13 South
row18col14 West
row18col15 West
row18col16 North
row18col17 West
row18col18 North
row18col19 West
row18col20 East
row18col21 West
row18col22 South
row19col1 North
row19col2 North
row19col3 North
row19col4 East
row19col6 West
row19col7 South
row19col8 South
row19col9 South
row19col10 South
row19col11 East
row19col13 South
row19col14 East
row19col15 East
row19col16 South
row19col18 West
row19col19 East
row19col20 West
row19col21 South
row19col22 West
