row1col1 North
row1col2 West
row1col3 West
row1col4 West
row1col5 West
row1col6 West
row1col7 West
row1col8 West
row1col9 West
row1col10 West
row1col11 West
row2col1 North
row2col2 North
row2col3 West
row2col4 West
row2col5 East
row2col6 North
row2col7 North
row2col8 North
row2col9 North
row2col10 North
row2col11 West
row3col10 North
row3col11 West
row4col10 North
row4col11 West
row5col1 South
row5col2 South
row5col3 West
row5col4 South
row5col5 West
row5col6 South
row5col10 North
row5col11 West
row6col1 East
row6col2 South
row6col3 West
row6col4 West
row6col5 West
row6col6 West
row6col10 North
row6col11 West
row7col1 East
row7col2 South
row7col10 North
row7col11 West
row8col1 East
row8col2 South
row8col10 North
row8col11 North
row9col1 East
row9col2 South
row9col10 North
row9col11 West
row10col1 East
row10col2 East
row10col3 East
row10col4 East
row10col5 East
row10col6 East
row10col7 East
row10col8 East
row10col9 East
row10col10 North
row10col11 West
row11col1 North
row11col2 East
row11col3 North
row11col4 East
row11col5 North
row11col6 North
row11col7 North
row11col8 North
row11col9 North
row11col10 North
row11col11 West
