
row1col1
West 1.717e-05
East 1.717e-05
North 1.717e-05
South 1.717e-05

row1col2
West 1.0000163115
East 1.717e-05
North 0.00239212503606
South 1.717e-05

row1col3
West 0.950015495925
East 1.71250360625e-05
North 1.7127075e-05
South 1.71250360625e-05

row1col4
West 0.902514721129
East 1.70842573125e-05
North 1.70086178286e-05
South 1.70823203219e-05

row1col5
West 0.857388985072
East 1.70414595046e-05
North 1.70415466692e-05
South 1.70416435187e-05

row1col6
West 0.814519535819
East 1.69987680006e-05
North 1.69989428025e-05
South 1.69971946685e-05

row1col7
West 0.773793559028
East 1.69014675059e-05
North 1.69160729564e-05
South 1.69160159126e-05

row1col8
West 0.735103881076
East 1.67659779834e-05
North 1.67386091324e-05
South 1.6750680307e-05

row1col9
West 0.698348687023
East 1.6597915391e-05
North 1.65787184512e-05
South 1.65897267453e-05

row1col10
West 0.663431252671
East 1.64205932252e-05
North 1.64135519331e-05
South 1.64345484123e-05

row1col11
West 0.630258825523
East 1.62500480796e-05
North 1.62500308967e-05
South 1.6213059326e-05

row2col1
West 1.7127075e-05
East 1.717e-05
North 1.00000916403
South 1.7127075e-05

row2col2
West 1.717e-05
East 1.7127075e-05
North 0.950015495925
South 1.7127075e-05

row2col3
West 0.902514721102
East 1.7084160463e-05
North 1.70842573125e-05
South 1.70435805094e-05

row2col4
West 0.857376052521
East 1.70358376315e-05
North 1.70435805094e-05
South 1.70415466692e-05

row2col5
West 1.70047438473e-05
East 0.73510013693
North 1.70047438473e-05
South 1.70029037062e-05

row2col6
West 1.6997383283e-05
East 1.69599378136e-05
North 0.773793559025
South 1.69989428025e-05

row2col7
West 1.68818875288e-05
East 1.68584663012e-05
North 0.735102558803
South 1.68717691961e-05

row2col8
West 1.67275813408e-05
East 1.67264426801e-05
North 0.698346983709
South 1.67455470092e-05

row2col9
West 1.65294620333e-05
East 1.65321507576e-05
North 0.663430838559
South 1.6537271655e-05

row2col10
West 1.62913561273e-05
East 1.62887288757e-05
North 0.630259690038
South 1.62770085502e-05

row2col11
West 0.598743732641
East 1.60900590037e-05
North 1.61060999154e-05
South 1.60769860024e-05

row3col10
West 1.60186512524e-05
East 1.60336778522e-05
North 0.598746705536
South 1.60299375972e-05

row3col11
West 0.568807400916
East 1.59297607859e-05
North 1.5932938475e-05
South 1.59429711538e-05

row4col10
West 1.5769177561e-05
East 1.58005558715e-05
North 0.568809370259
South 1.57743284114e-05

row4col11
West 0.540368623911
East 1.57367484954e-05
North 1.57359107864e-05
South 1.57313780068e-05

row5col1
West 1.08072265129e-05
East 1.07951152866e-05
North 1.08146417227e-05
South 0.203909180236

row5col2
West 1.07951196802e-05
East 1.08140167812e-05
North 1.08109092463e-05
South 0.214642265023

row5col3
West 0.203909314899
East 1.06974193017e-05
North 1.06984476249e-05
South 1.07001948641e-05

row5col4
West 1.05539302612e-05
East 1.05580969662e-05
North 1.05400055618e-05
South 0.193714644145

row5col5
West 0.184026289144
East 1.0455817257e-05
North 1.04402837123e-05
South 1.04563201108e-05

row5col6
West 1.0320186735e-05
East 1.03095655469e-05
North 1.0304388935e-05
South 0.174825204968

row5col10
West 1.55408037451e-05
East 1.55535418385e-05
North 0.540368901746
South 1.55237729392e-05

row5col11
West 0.513348941336
East 1.5460229433e-05
North 1.54751359573e-05
South 1.54552385818e-05

row6col1
West 1.09186574497e-05
East 0.214642265022
North 1.09096666028e-05
South 1.09090084279e-05

row6col2
West 1.093869412e-05
East 1.09323617795e-05
North 1.09386705881e-05
South 0.22593922634

row6col3
West 0.214642265023
East 1.07632138903e-05
North 1.07484579601e-05
South 1.07703628421e-05

row6col4
West 0.203910151772
East 1.0576849211e-05
North 1.0587308213e-05
South 1.05655338772e-05

row6col5
West 0.193714644183
East 1.04894749277e-05
North 1.04945284521e-05
South 1.04888039145e-05

row6col6
West 0.184028911946
East 1.03997751327e-05
North 1.03903372382e-05
South 1.04081962996e-05

row6col10
West 1.53515641943e-05
East 1.5336276149e-05
North 0.513350456659
South 1.53584434462e-05

row6col11
West 0.487681239342
East 1.52642967343e-05
North 1.5273947985e-05
South 1.52727183201e-05

row7col1
West 1.10941635289e-05
East 0.225938963637
North 1.1084558434e-05
South 1.11102438187e-05

row7col2
West 1.11553531449e-05
East 1.11489944217e-05
North 1.1131027876e-05
South 0.237830764569

row7col10
West 1.51140288081e-05
East 1.51243825976e-05
North 0.487682933826
South 1.51026850513e-05

row7col11
West 0.463298787134
East 1.50385875016e-05
North 1.5032261985e-05
South 1.50284718098e-05

row8col1
West 1.13422432432e-05
East 0.237830535257
North 1.1317336423e-05
South 1.13405332399e-05

row8col2
West 1.13922544151e-05
East 1.13890266713e-05
North 1.13787618596e-05
South 0.25034817323

row8col10
West 1.48126121776e-05
East 1.48042035246e-05
North 0.463298787135
South 1.48218296832e-05

row8col11
West 1.47616342407e-05
East 1.47463550955e-05
North 0.440133553199
South 1.47395866333e-05

row9col1
West 1.15904823974e-05
East 0.250347990339
North 1.15740277485e-05
South 1.15835712421e-05

row9col2
West 1.16427240081e-05
East 1.16287888405e-05
North 1.16212823027e-05
South 0.263524392874

row9col10
West 1.45206719977e-05
East 1.45201816751e-05
North 0.440133847778
South 1.45022515503e-05

row9col11
West 0.418126938157
East 1.44951015686e-05
North 1.44840295124e-05
South 1.44714871166e-05

row10col1
West 1.17750717216e-05
East 0.263524392872
North 1.17601562332e-05
South 1.17709215785e-05

row10col2
West 1.19138284715e-05
East 0.277394097762
North 1.18924909759e-05
South 1.18995711042e-05

row10col3
West 1.22011780597e-05
East 0.291993787118
North 1.22005237411e-05
South 1.22001385286e-05

row10col4
West 1.24760980186e-05
East 0.307361881177
North 1.24971312615e-05
South 1.24822707192e-05

row10col5
West 1.27694731809e-05
East 0.323538822291
North 1.27789590264e-05
South 1.2764628553e-05

row10col6
West 1.30254440676e-05
East 0.340567181359
North 1.30389194628e-05
South 1.30334016182e-05

row10col7
West 1.33107151132e-05
East 0.358491769852
North 1.33056079083e-05
South 1.33227225771e-05

row10col8
West 1.35662431216e-05
East 0.377359757739
North 1.35734836985e-05
South 1.35870250393e-05

row10col9
West 1.38680553624e-05
East 0.39722079762
North 1.38658318873e-05
South 1.38670215241e-05

row10col10
West 1.41953885543e-05
East 1.41734548778e-05
North 0.418127155389
South 1.41745133344e-05

row10col11
West 0.397219614627
East 1.4232867354e-05
North 1.42493896664e-05
South 1.42616106278e-05

row11col1
West 1.17957232798e-05
East 1.17974246762e-05
North 0.25034785418
South 1.17763267536e-05

row11col2
West 1.19022433526e-05
East 0.263523263002
North 1.19002354294e-05
South 1.1913910453e-05

row11col3
West 1.21467622392e-05
East 1.21557003311e-05
North 0.277394097761
South 1.2154891785e-05

row11col4
West 1.24229555311e-05
East 0.291992959143
North 1.24402676116e-05
South 1.24262348307e-05

row11col5
West 1.27186869124e-05
East 1.27202552403e-05
North 0.307361881176
South 1.26962293195e-05

row11col6
West 1.30169378546e-05
East 1.30205877405e-05
North 0.323537178027
South 1.3004844005e-05

row11col7
West 1.32605899898e-05
East 1.32710848849e-05
North 0.340565605223
South 1.32693995854e-05

row11col8
West 1.3511346134e-05
East 1.35430779081e-05
North 0.358487705341
South 1.35361827552e-05

row11col9
West 1.38032553733e-05
East 1.37991336806e-05
North 0.377359553996
South 1.38119215749e-05

row11col10
West 1.401233087e-05
East 1.40409072375e-05
North 0.397220797609
South 1.40193357364e-05

row11col11
West 0.377357155869
East 1.41246220323e-05
North 1.41193971965e-05
South 1.40973332952e-05
